Loading 6 bytes from roms/test
202: 2202Call 202(current pc: 202
;
204: eeReturn
202
;
204: eeReturn
200
;
202: 2202Call 202(current pc: 202
;
204: eeReturn
202
;
204: eeReturn
200
;
202: 2202Call 202(current pc: 202
;
204: eeReturn
202
;
204: eeReturn
200
;
202: 2202Call 202(current pc: 202
;
204: eeReturn
202
;
204: eeReturn
200
;
202: 2202Call 202(current pc: 202
;
204: eeReturn
202
;
204: eeReturn
200
;
202: 2202Call 202(current pc: 202
;
204: eeReturn
202
;
204: eeReturn
200
;
202: 2202Call 202(current pc: 202
;
204: eeReturn
202
;
204: eeReturn
200
;
202: 2202Call 202(current pc: 202
;
204: eeReturn
202
;
204: eeReturn
200
;
202: 2202Call 202(current pc: 202
;
204: eeReturn
202
;
204: eeReturn
200
;
202: 2202Call 202(current pc: 202
;
204: eeReturn
202
;
204: eeReturn
200
;
202: 2202Call 202(current pc: 202
;
204: eeReturn
202
;
204: eeReturn
200
;
202: 2202Call 202(current pc: 202
;
204: eeReturn
202
;
204: eeReturn
200
;
202: 2202Call 202(current pc: 202
;
204: eeReturn
202
;
204: eeReturn
200
;
202: 2202Call 202(current pc: 202
;
204: eeReturn
202
;
204: eeReturn
200
;
202: 2202Call 202(current pc: 202
;
204: eeReturn
202
;
204: eeReturn
200
;
202: 2202Call 202(current pc: 202
;
204: eeReturn
202
;
204: eeReturn
200
;
202: 2202Call 202(current pc: 202
;
204: eeReturn
202
;
204: eeReturn
200
;
202: 2202Call 202(current pc: 202
;
204: eeReturn
202
;
204: eeReturn
200
;
202: 2202Call 202(current pc: 202
;
204: eeReturn
202
;
204: eeReturn
200
;
202: 2202Call 202(current pc: 202
;
204: eeReturn
202
;
204: eeReturn
200
;
202: 2202Call 202(current pc: 202
;
204: eeReturn
202
;
204: eeReturn
200
;
202: 2202Call 202(current pc: 202
;
204: eeReturn
202
;
204: eeReturn
200
;
202: 2202Call 202(current pc: 202
;
204: eeReturn
202
;
204: eeReturn
200
;
202: 2202Call 202(current pc: 202
;
204: eeReturn
202
;
204: eeReturn
200
;
202: 2202Call 202(current pc: 202
;
204: eeReturn
202
;
204: eeReturn
200
;
202: 2202Call 202(current pc: 202
;
204: eeReturn
202
;
204: eeReturn
200
;
202: 2202Call 202(current pc: 202
;
204: eeReturn
202
;
204: eeReturn
200
;
202: 2202Call 202(current pc: 202
;
204: eeReturn
202
;
204: eeReturn
200
;
202: 2202Call 202(current pc: 202
;
204: eeReturn
202
;
204: eeReturn
200
;
202: 2202Call 202(current pc: 202
;
204: eeReturn
202
;
204: eeReturn
200
;
202: 2202Call 202(current pc: 202
;
204: eeReturn
202
;
204: eeReturn
200
;
202: 2202Call 202(current pc: 202
;
204: eeReturn
202
;
204: eeReturn
200
;
202: 2202Call 202(current pc: 202
;
204: eeReturn
202
;
204: eeReturn
200
;
202: 2202Call 202(current pc: 202
;
204: eeReturn
202
;
204: eeReturn
200
;
202: 2202Call 202(current pc: 202
;
204: eeReturn
202
;
204: eeReturn
200
;
202: 2202Call 202(current pc: 202
;
204: eeReturn
202
;
204: eeReturn
200
;
202: 2202Call 202(current pc: 202
;
204: eeReturn
202
;
204: eeReturn
200
;
202: 2202Call 202(current pc: 202
;
204: eeReturn
202
;
204: eeReturn
200
;
202: 2202Call 202(current pc: 202
;
204: eeReturn
202
;
204: eeReturn
200
;
202: 2202Call 202(current pc: 202
;
204: eeReturn
202
;
204: eeReturn
200
;
202: 2202Call 202(current pc: 202
;
204: eeReturn
202
;
204: eeReturn
200
;
202: 2202Call 202(current pc: 202
;
204: eeReturn
202
;
204: eeReturn
200
;
202: 2202Call 202(current pc: 202
;
204: eeReturn
202
;
204: eeReturn
200
;
202: 2202Call 202(current pc: 202
;
204: eeReturn
202
;
204: eeReturn
200
;
202: 2202Call 202(current pc: 202
;
204: eeReturn
202
;
204: eeReturn
200
;
202: 2202Call 202(current pc: 202
;
204: eeReturn
202
;
204: eeReturn
200
;
202: 2202Call 202(current pc: 202
;
204: eeReturn
202
;
204: eeReturn
200
;
202: 2202Call 202(current pc: 202
;
204: eeReturn
202
;
204: eeReturn
200
;
202: 2202Call 202(current pc: 202
;
204: eeReturn
202
;
204: eeReturn
200
;
202: 2202Call 202(current pc: 202
;
204: eeReturn
202
;
204: eeReturn
200
;
202: 2202Call 202(current pc: 202
;
204: eeReturn
202
;
204: eeReturn
200
;
202: 2202Call 202(current pc: 202
;
204: eeReturn
202
;
204: eeReturn
200
;
202: 2202Call 202(current pc: 202
;
204: eeReturn
202
;
204: eeReturn
200
;
202: 2202Call 202(current pc: 202
;
204: eeReturn
202
;
204: eeReturn
200
;
202: 2202Call 202(current pc: 202
;
204: eeReturn
202
;
204: eeReturn
200
;
202: 2202Call 202(current pc: 202
;
204: eeReturn
202
;
204: eeReturn
200
;
202: 2202Call 202(current pc: 202
;
204: eeReturn
202
;
204: eeReturn
200
;
202: 2202Call 202(current pc: 202
;
204: eeReturn
202
;
204: eeReturn
200
;
202: 2202Call 202(current pc: 202
;
204: eeReturn
202
;
204: eeReturn
200
;
202: 2202Call 202(current pc: 202
;
204: eeReturn
202
;
204: eeReturn
200
;
202: 2202Call 202(current pc: 202
;
204: eeReturn
202
;
204: eeReturn
200
;
202: 2202Call 202(current pc: 202
;
204: eeReturn
202
;
204: eeReturn
200
;
202: 2202Call 202(current pc: 202
;
204: eeReturn
202
;
204: eeReturn
200
;
202: 2202Call 202(current pc: 202
;
204: eeReturn
202
;
204: eeReturn
200
;
202: 2202Call 202(current pc: 202
;
204: eeReturn
202
;
204: eeReturn
200
;
202: 2202Call 202(current pc: 202
;
204: eeReturn
202
;
204: eeReturn
200
;
202: 2202Call 202(current pc: 202
;
204: eeReturn
202
;
204: eeReturn
200
;
202: 2202Call 202(current pc: 202
;
204: eeReturn
202
;
204: eeReturn
200
;
202: 2202Call 202(current pc: 202
;
204: eeReturn
202
;
204: eeReturn
200
;
202: 2202Call 202(current pc: 202
;
204: eeReturn
202
;
204: eeReturn
200
;
202: 2202Call 202(current pc: 202
;
204: eeReturn
202
;
204: eeReturn
200
;
202: 2202Call 202(current pc: 202
;
204: eeReturn
202
;
204: eeReturn
200
;
202: 2202Call 202(current pc: 202
;
204: eeReturn
202
;
204: eeReturn
200
;
202: 2202Call 202(current pc: 202
;
204: eeReturn
202
;
204: eeReturn
200
;
202: 2202Call 202(current pc: 202
;
204: eeReturn
202
;
204: eeReturn
200
;
202: 2202Call 202(current pc: 202
;
204: eeReturn
202
;
204: eeReturn
200
;
202: 2202Call 202(current pc: 202
;
204: eeReturn
202
;
204: eeReturn
200
;
202: 2202Call 202(current pc: 202
;
204: eeReturn
202
;
204: eeReturn
200
;
202: 2202Call 202(current pc: 202
;
204: eeReturn
202
;
204: eeReturn
200
;
202: 2202Call 202(current pc: 202
;
204: eeReturn
202
;
204: eeReturn
200
;
202: 2202Call 202(current pc: 202
;
204: eeReturn
202
;
204: eeReturn
200
;
202: 2202Call 202(current pc: 202
;
204: eeReturn
202
;
204: eeReturn
200
;
202: 2202Call 202(current pc: 202
;
204: eeReturn
202
;
204: eeReturn
200
;
202: 2202Call 202(current pc: 202
;
204: eeReturn
202
;
204: eeReturn
200
;
202: 2202Call 202(current pc: 202
;
204: eeReturn
202
;
204: eeReturn
200
;
202: 2202Call 202(current pc: 202
;
204: eeReturn
202
;
204: eeReturn
200
;
202: 2202Call 202(current pc: 202
;
204: eeReturn
202
;
204: eeReturn
200
;
202: 2202Call 202(current pc: 202
;
204: eeReturn
202
;
204: eeReturn
200
;
202: 2202Call 202(current pc: 202
;
204: eeReturn
202
;
204: eeReturn
200
;
202: 2202Call 202(current pc: 202
;
204: eeReturn
202
;
204: eeReturn
200
;
202: 2202Call 202(current pc: 202
;
204: eeReturn
202
;
204: eeReturn
200
;
202: 2202Call 202(current pc: 202
;
204: eeReturn
202
;
204: eeReturn
200
;
202: 2202Call 202(current pc: 202
;
204: eeReturn
202
;
204: eeReturn
200
;
202: 2202Call 202(current pc: 202
;
204: eeReturn
202
;
204: eeReturn
200
;
202: 2202Call 202(current pc: 202
;
204: eeReturn
202
;
204: eeReturn
200
;
202: 2202Call 202(current pc: 202
;
204: eeReturn
202
;
204: eeReturn
200
;
202: 2202Call 202(current pc: 202
;
204: eeReturn
202
;
204: eeReturn
200
;
202: 2202Call 202(current pc: 202
;
204: eeReturn
202
;
204: eeReturn
200
;
202: 2202Call 202(current pc: 202
;
204: eeReturn
202
;
204: eeReturn
200
;
202: 2202Call 202(current pc: 202
;
204: eeReturn
202
;
204: eeReturn
200
;
202: 2202Call 202(current pc: 202
;
204: eeReturn
202
;
204: eeReturn
200
;
202: 2202Call 202(current pc: 202
;
204: eeReturn
202
;
204: eeReturn
200
;
202: 2202Call 202(current pc: 202
;
204: eeReturn
202
;
204: eeReturn
200
;
202: 2202Call 202(current pc: 202
;
204: eeReturn
202
;
204: eeReturn
200
;
202: 2202Call 202(current pc: 202
;
204: eeReturn
202
;
204: eeReturn
200
;
202: 2202Call 202(current pc: 202
;
204: eeReturn
202
;
204: eeReturn
200
;
202: 2202Call 202(current pc: 202
;
204: eeReturn
202
;
204: eeReturn
200
;
202: 2202Call 202(current pc: 202
;
204: eeReturn
202
;
204: eeReturn
200
;
202: 2202Call 202(current pc: 202
;
204: eeReturn
202
;
204: eeReturn
200
;
202: 2202Call 202(current pc: 202
;
204: eeReturn
202
;
204: eeReturn
200
;
202: 2202Call 202(current pc: 202
;
204: eeReturn
202
;
204: eeReturn
200
;
202: 2202Call 202(current pc: 202
;
204: eeReturn
202
;
204: eeReturn
200
;
202: 2202Call 202(current pc: 202
;
204: eeReturn
202
;
204: eeReturn
200
;
202: 2202Call 202(current pc: 202
;
204: eeReturn
202
;
204: eeReturn
200
;
202: 2202Call 202(current pc: 202
;
204: eeReturn
202
;
204: eeReturn
200
;
202: 2202Call 202(current pc: 202
;
204: eeReturn
202
;
204: eeReturn
200
;
202: 2202Call 202(current pc: 202
;
204: eeReturn
202
;
204: eeReturn
200
;
202: 2202Call 202(current pc: 202
;
204: eeReturn
202
;
204: eeReturn
200
;
202: 2202Call 202(current pc: 202
;
204: eeReturn
202
;
204: eeReturn
200
;
202: 2202Call 202(current pc: 202
;
204: eeReturn
202
;
204: eeReturn
200
;
202: 2202Call 202(current pc: 202
;
204: eeReturn
202
;
204: eeReturn
200
;
202: 2202Call 202(current pc: 202
;
204: eeReturn
202
;
204: eeReturn
200
;
202: 2202Call 202(current pc: 202
;
204: eeReturn
202
;
204: eeReturn
200
;
202: 2202Call 202(current pc: 202
;
204: eeReturn
202
;
204: eeReturn
200
;
202: 2202Call 202(current pc: 202
;
204: eeReturn
202
;
204: eeReturn
200
;
202: 2202Call 202(current pc: 202
;
204: eeReturn
202
;
204: eeReturn
200
;
202: 2202Call 202(current pc: 202
;
204: eeReturn
202
;
204: eeReturn
200
;
202: 2202Call 202(current pc: 202
;
204: eeReturn
202
;
204: eeReturn
200
;
202: 2202Call 202(current pc: 202
;
204: eeReturn
202
;
204: eeReturn
200
;
202: 2202Call 202(current pc: 202
;
204: eeReturn
202
;
204: eeReturn
200
;
202: 2202Call 202(current pc: 202
;
204: eeReturn
202
;
204: eeReturn
200
;
202: 2202Call 202(current pc: 202
;
204: eeReturn
202
;
204: eeReturn
200
;
202: 2202Call 202(current pc: 202
;
204: eeReturn
202
;
204: eeReturn
200
;
202: 2202Call 202(current pc: 202
;
204: eeReturn
202
;
204: eeReturn
200
;
202: 2202Call 202(current pc: 202
;
204: eeReturn
202
;
204: eeReturn
200
;
202: 2202Call 202(current pc: 202
;
204: eeReturn
202
;
204: eeReturn
200
;
202: 2202Call 202(current pc: 202
;
204: eeReturn
202
;
204: eeReturn
200
;
202: 2202Call 202(current pc: 202
;
204: eeReturn
202
;
204: eeReturn
200
;
202: 2202Call 202(current pc: 202
;
204: eeReturn
202
;
204: eeReturn
200
;
202: 2202Call 202(current pc: 202
;
204: eeReturn
202
;
204: eeReturn
200
;
202: 2202Call 202(current pc: 202
;
204: eeReturn
202
;
204: eeReturn
200
;
202: 2202Call 202(current pc: 202
;
204: eeReturn
202
;
204: eeReturn
200
;
202: 2202Call 202(current pc: 202
;
204: eeReturn
202
;
204: eeReturn
200
;
202: 2202Call 202(current pc: 202
;
204: eeReturn
202
;
204: eeReturn
200
;
202: 2202Call 202(current pc: 202
;
204: eeReturn
202
;
204: eeReturn
200
;
202: 2202Call 202(current pc: 202
;
204: eeReturn
202
;
204: eeReturn
200
;
202: 2202Call 202(current pc: 202
;
204: eeReturn
202
;
204: eeReturn
200
;
202: 2202Call 202(current pc: 202
;
204: eeReturn
202
;
204: eeReturn
200
;
202: 2202Call 202(current pc: 202
;
204: eeReturn
202
;
204: eeReturn
200
;
202: 2202Call 202(current pc: 202
;
204: eeReturn
202
;
204: eeReturn
200
;
202: 2202Call 202(current pc: 202
;
204: eeReturn
202
;
204: eeReturn
200
;
202: 2202Call 202(current pc: 202
;
204: eeReturn
202
;
204: eeReturn
200
;
202: 2202Call 202(current pc: 202
;
204: eeReturn
202
;
204: eeReturn
200
;
202: 2202Call 202(current pc: 202
;
204: eeReturn
202
;
204: eeReturn
200
;
202: 2202Call 202(current pc: 202
;
204: eeReturn
202
;
204: eeReturn
200
;
202: 2202Call 202(current pc: 202
;
204: eeReturn
202
;
204: eeReturn
200
;
202: 2202Call 202(current pc: 202
;
204: eeReturn
202
;
204: eeReturn
200
;
202: 2202Call 202(current pc: 202
;
204: eeReturn
202
;
204: eeReturn
200
;
202: 2202Call 202(current pc: 202
;
204: eeReturn
202
;
204: eeReturn
200
;
202: 2202Call 202(current pc: 202
;
204: eeReturn
202
;
204: eeReturn
200
;
202: 2202Call 202(current pc: 202
;
204: eeReturn
202
;
204: eeReturn
200
;
202: 2202Call 202(current pc: 202
;
204: eeReturn
202
;
204: eeReturn
200
;
202: 2202Call 202(current pc: 202
;
204: eeReturn
202
;
204: eeReturn
200
;
202: 2202Call 202(current pc: 202
;
204: eeReturn
202
;
204: eeReturn
200
;
202: 2202Call 202(current pc: 202
;
204: eeReturn
202
;
204: eeReturn
200
;
202: 2202Call 202(current pc: 202
;
204: eeReturn
202
;
204: eeReturn
200
;
202: 2202Call 202(current pc: 202
;
204: eeReturn
202
;
204: eeReturn
200
;
202: 2202Call 202(current pc: 202
;
204: eeReturn
202
;
204: eeReturn
200
;
202: 2202Call 202(current pc: 202
;
204: eeReturn
202
;
204: eeReturn
200
;
202: 2202Call 202(current pc: 202
;
204: eeReturn
202
;
204: eeReturn
200
;
202: 2202Call 202(current pc: 202
;
204: eeReturn
202
;
204: eeReturn
200
;
202: 2202Call 202(current pc: 202
;
204: eeReturn
202
;
204: eeReturn
200
;
202: 2202Call 202(current pc: 202
;
204: eeReturn
202
;
204: eeReturn
200
;
202: 2202Call 202(current pc: 202
;
204: eeReturn
202
;
204: eeReturn
200
;
202: 2202Call 202(current pc: 202
;
204: eeReturn
202
;
204: eeReturn
200
;
202: 2202Call 202(current pc: 202
;
204: eeReturn
202
;
204: eeReturn
200
;
202: 2202Call 202(current pc: 202
;
204: eeReturn
202
;
204: eeReturn
200
;
202: 2202Call 202(current pc: 202
;
204: eeReturn
202
;
204: eeReturn
200
;
202: 2202Call 202(current pc: 202
;
204: eeReturn
202
;
204: eeReturn
200
;
202: 2202Call 202(current pc: 202
;
204: eeReturn
202
;
204: eeReturn
200
;
202: 2202Call 202(current pc: 202
;
204: eeReturn
202
;
204: eeReturn
200
;
202: 2202Call 202(current pc: 202
;
204: eeReturn
202
;
204: eeReturn
200
;
202: 2202Call 202(current pc: 202
;
204: eeReturn
202
;
204: eeReturn
200
;
202: 2202Call 202(current pc: 202
;
204: eeReturn
202
;
204: eeReturn
200
;
202: 2202Call 202(current pc: 202
;
204: eeReturn
202
;
204: eeReturn
200
;
202: 2202Call 202(current pc: 202
;
204: eeReturn
202
;
204: eeReturn
200
;
202: 2202Call 202(current pc: 202
;
204: eeReturn
202
;
204: eeReturn
200
;
202: 2202Call 202(current pc: 202
;
204: eeReturn
202
;
204: eeReturn
200
;
202: 2202Call 202(current pc: 202
;
204: eeReturn
202
;
204: eeReturn
200
;
202: 2202Call 202(current pc: 202
;
204: eeReturn
202
;
204: eeReturn
200
;
202: 2202Call 202(current pc: 202
;
204: eeReturn
202
;
204: eeReturn
200
;
202: 2202Call 202(current pc: 202
;
204: eeReturn
202
;
204: eeReturn
200
;
202: 2202Call 202(current pc: 202
;
204: eeReturn
202
;
204: eeReturn
200
;
202: 2202Call 202(current pc: 202
;
204: eeReturn
202
;
204: eeReturn
200
;
202: 2202Call 202(current pc: 202
;
204: eeReturn
202
;
204: eeReturn
200
;
202: 2202Call 202(current pc: 202
;
204: eeReturn
202
;
204: eeReturn
200
;
202: 2202Call 202(current pc: 202
;
204: eeReturn
202
;
204: eeReturn
200
;
202: 2202Call 202(current pc: 202
;
204: eeReturn
202
;
204: eeReturn
200
;
202: 2202Call 202(current pc: 202
;
204: eeReturn
202
;
204: eeReturn
200
;
202: 2202Call 202(current pc: 202
;
204: eeReturn
202
;
204: eeReturn
200
;
202: 2202Call 202(current pc: 202
;
204: eeReturn
202
;
204: eeReturn
200
;
202: 2202Call 202(current pc: 202
;
204: eeReturn
202
;
204: eeReturn
200
;
202: 2202Call 202(current pc: 202
;
204: eeReturn
202
;
204: eeReturn
200
;
202: 2202Call 202(current pc: 202
;
204: eeReturn
202
;
204: eeReturn
200
;
202: 2202Call 202(current pc: 202
;
204: eeReturn
202
;
204: eeReturn
200
;
202: 2202Call 202(current pc: 202
;
204: eeReturn
202
;
204: eeReturn
200
;
202: 2202Call 202(current pc: 202
;
204: eeReturn
202
;
204: eeReturn
200
;
202: 2202Call 202(current pc: 202
;
204: eeReturn
202
;
204: eeReturn
200
;
202: 2202Call 202(current pc: 202
;
204: eeReturn
202
;
204: eeReturn
200
;
202: 2202Call 202(current pc: 202
;
204: eeReturn
202
;
204: eeReturn
200
;
202: 2202Call 202(current pc: 202
;
204: eeReturn
202
;
204: eeReturn
200
;
202: 2202Call 202(current pc: 202
;
204: eeReturn
202
;
204: eeReturn
200
;
202: 2202Call 202(current pc: 202
;
204: eeReturn
202
;
204: eeReturn
200
;
202: 2202Call 202(current pc: 202
;
204: eeReturn
202
;
204: eeReturn
200
;
202: 2202Call 202(current pc: 202
;
204: eeReturn
202
;
204: eeReturn
200
;
202: 2202Call 202(current pc: 202
;
204: eeReturn
202
;
204: eeReturn
200
;
202: 2202Call 202(current pc: 202
;
204: eeReturn
202
;
204: eeReturn
200
;
202: 2202Call 202(current pc: 202
;
204: eeReturn
202
;
204: eeReturn
200
;
202: 2202Call 202(current pc: 202
;
204: eeReturn
202
;
204: eeReturn
200
;
202: 2202Call 202(current pc: 202
;
204: eeReturn
202
;
204: eeReturn
200
;
202: 2202Call 202(current pc: 202
;
204: eeReturn
202
;
204: eeReturn
200
;
202: 2202Call 202(current pc: 202
;
204: eeReturn
202
;
204: eeReturn
200
;
202: 2202Call 202(current pc: 202
;
204: eeReturn
202
;
204: eeReturn
200
;
202: 2202Call 202(current pc: 202
;
204: eeReturn
202
;
204: eeReturn
200
;
202: 2202Call 202(current pc: 202
;
204: eeReturn
202
;
204: eeReturn
200
;
202: 2202Call 202(current pc: 202
;
204: eeReturn
202
;
204: eeReturn
200
;
202: 2202Call 202(current pc: 202
;
204: eeReturn
202
;
204: eeReturn
200
;
202: 2202Call 202(current pc: 202
;
204: eeReturn
202
;
204: eeReturn
200
;
202: 2202Call 202(current pc: 202
;
204: eeReturn
202
;
204: eeReturn
200
;
202: 2202Call 202(current pc: 202
;
204: eeReturn
202
;
204: eeReturn
200
;
202: 2202Call 202(current pc: 202
;
204: eeReturn
202
;
204: eeReturn
200
;
202: 2202Call 202(current pc: 202
;
204: eeReturn
202
;
204: eeReturn
200
;
202: 2202Call 202(current pc: 202
;
204: eeReturn
202
;
204: eeReturn
200
;
202: 2202Call 202(current pc: 202
;
204: eeReturn
202
;
204: eeReturn
200
;
202: 2202Call 202(current pc: 202
;
204: eeReturn
202
;
204: eeReturn
200
;
202: 2202Call 202(current pc: 202
;
204: eeReturn
202
;
204: eeReturn
200
;
202: 2202Call 202(current pc: 202
;
204: eeReturn
202
;
204: eeReturn
200
;
202: 2202Call 202(current pc: 202
;
204: eeReturn
202
;
204: eeReturn
200
;
202: 2202Call 202(current pc: 202
;
204: eeReturn
202
;
204: eeReturn
200
;
202: 2202Call 202(current pc: 202
;
204: eeReturn
202
;
204: eeReturn
200
;
202: 2202Call 202(current pc: 202
;
204: eeReturn
202
;
204: eeReturn
200
;
202: 2202Call 202(current pc: 202
;
204: eeReturn
202
;
204: eeReturn
200
;
202: 2202Call 202(current pc: 202
;
204: eeReturn
202
;
204: eeReturn
200
;
202: 2202Call 202(current pc: 202
;
204: eeReturn
202
;
204: eeReturn
200
;
202: 2202Call 202(current pc: 202
;
204: eeReturn
202
;
204: eeReturn
200
;
202: 2202Call 202(current pc: 202
;
204: eeReturn
202
;
204: eeReturn
200
;
202: 2202Call 202(current pc: 202
;
204: eeReturn
202
;
204: eeReturn
200
;
202: 2202Call 202(current pc: 202
;
204: eeReturn
202
;
204: eeReturn
200
;
202: 2202Call 202(current pc: 202
;
204: eeReturn
202
;
204: eeReturn
200
;
202: 2202Call 202(current pc: 202
;
204: eeReturn
202
;
204: eeReturn
200
;
202: 2202Call 202(current pc: 202
;
204: eeReturn
202
;
204: eeReturn
200
;
202: 2202Call 202(current pc: 202
;
204: eeReturn
202
;
204: eeReturn
200
;
202: 2202Call 202(current pc: 202
;
204: eeReturn
202
;
204: eeReturn
200
;
202: 2202Call 202(current pc: 202
;
204: eeReturn
202
;
204: eeReturn
200
;
202: 2202Call 202(current pc: 202
;
204: eeReturn
202
;
204: eeReturn
200
;
202: 2202Call 202(current pc: 202
;
204: eeReturn
202
;
204: eeReturn
200
;
202: 2202Call 202(current pc: 202
;
204: eeReturn
202
;
204: eeReturn
200
;
202: 2202Call 202(current pc: 202
;
204: eeReturn
202
;
204: eeReturn
200
;
202: 2202Call 202(current pc: 202
;
204: eeReturn
202
;
204: eeReturn
200
;
202: 2202Call 202(current pc: 202
;
204: eeReturn
202
;
204: eeReturn
200
;
202: 2202Call 202(current pc: 202
;
204: eeReturn
202
;
204: eeReturn
200
;
202: 2202Call 202(current pc: 202
;
204: eeReturn
202
;
204: eeReturn
200
;
202: 2202Call 202(current pc: 202
;
204: eeReturn
202
;
204: eeReturn
200
;
202: 2202Call 202(current pc: 202
;
204: eeReturn
202
;
204: eeReturn
200
;
202: 2202Call 202(current pc: 202
;
204: eeReturn
202
;
204: eeReturn
200
;
202: 2202Call 202(current pc: 202
;
204: eeReturn
202
;
204: eeReturn
200
;
202: 2202Call 202(current pc: 202
;
204: eeReturn
202
;
204: eeReturn
200
;
202: 2202Call 202(current pc: 202
;
204: eeReturn
202
;
204: eeReturn
200
;
202: 2202Call 202(current pc: 202
;
204: eeReturn
202
;
204: eeReturn
200
;
202: 2202Call 202(current pc: 202
;
204: eeReturn
202
;
204: eeReturn
200
;
202: 2202Call 202(current pc: 202
;
204: eeReturn
202
;
204: eeReturn
200
;
202: 2202Call 202(current pc: 202
;
204: eeReturn
202
;
204: eeReturn
200
;
202: 2202Call 202(current pc: 202
;
204: eeReturn
202
;
204: eeReturn
200
;
202: 2202Call 202(current pc: 202
;
204: eeReturn
202
;
204: eeReturn
200
;
202: 2202Call 202(current pc: 202
;
204: eeReturn
202
;
204: eeReturn
200
;
202: 2202Call 202(current pc: 202
;
204: eeReturn
202
;
204: eeReturn
200
;
202: 2202Call 202(current pc: 202
;
204: eeReturn
202
;
204: eeReturn
200
;
202: 2202Call 202(current pc: 202
;
204: eeReturn
202
;
204: eeReturn
200
;
202: 2202Call 202(current pc: 202
;
204: eeReturn
202
;
204: eeReturn
200
;
202: 2202Call 202(current pc: 202
;
204: eeReturn
202
;
204: eeReturn
200
;
202: 2202Call 202(current pc: 202
;
204: eeReturn
202
;
204: eeReturn
200
;
202: 2202Call 202(current pc: 202
;
204: eeReturn
202
;
204: eeReturn
200
;
202: 2202Call 202(current pc: 202
;
204: eeReturn
202
;
204: eeReturn
200
;
202: 2202Call 202(current pc: 202
;
204: eeReturn
202
;
204: eeReturn
200
;
202: 2202Call 202(current pc: 202
;
204: eeReturn
202
;
204: eeReturn
200
;
202: 2202Call 202(current pc: 202
;
204: eeReturn
202
;
204: eeReturn
200
;
202: 2202Call 202(current pc: 202
;
204: eeReturn
202
;
204: eeReturn
200
;
202: 2202Call 202(current pc: 202
;
204: eeReturn
202
;
204: eeReturn
200
;
202: 2202Call 202(current pc: 202
;
204: eeReturn
202
;
204: eeReturn
200
;
202: 2202Call 202(current pc: 202
;
204: eeReturn
202
;
204: eeReturn
200
;
202: 2202Call 202(current pc: 202
;
204: eeReturn
202
;
204: eeReturn
200
;
202: 2202Call 202(current pc: 202
;
204: eeReturn
202
;
204: eeReturn
200
;
202: 2202Call 202(current pc: 202
;
204: eeReturn
202
;
204: eeReturn
200
;
202: 2202Call 202(current pc: 202
;
204: eeReturn
202
;
204: eeReturn
200
;
202: 2202Call 202(current pc: 202
;
204: eeReturn
202
;
204: eeReturn
200
;
202: 2202Call 202(current pc: 202
;
204: eeReturn
202
;
204: eeReturn
200
;
202: 2202Call 202(current pc: 202
;
204: eeReturn
202
;
204: eeReturn
200
;
202: 2202Call 202(current pc: 202
;
204: eeReturn
202
;
204: eeReturn
200
;
202: 2202Call 202(current pc: 202
;
204: eeReturn
202
;
204: eeReturn
200
;
202: 2202Call 202(current pc: 202
;
204: eeReturn
202
;
204: eeReturn
200
;
202: 2202Call 202(current pc: 202
;
204: eeReturn
202
;
204: eeReturn
200
;
202: 2202Call 202(current pc: 202
;
204: eeReturn
202
;
204: eeReturn
200
;
202: 2202Call 202(current pc: 202
;
204: eeReturn
202
;
204: eeReturn
200
;
202: 2202Call 202(current pc: 202
;
204: eeReturn
202
;
204: eeReturn
200
;
202: 2202Call 202(current pc: 202
;
204: eeReturn
202
;
204: eeReturn
200
;
202: 2202Call 202(current pc: 202
;
204: eeReturn
202
;
204: eeReturn
200
;
202: 2202Call 202(current pc: 202
;
204: eeReturn
202
;
204: eeReturn
200
;
202: 2202Call 202(current pc: 202
;
204: eeReturn
202
;
204: eeReturn
200
;
202: 2202Call 202(current pc: 202
;
204: eeReturn
202
;
204: eeReturn
200
;
202: 2202Call 202(current pc: 202
;
204: eeReturn
202
;
204: eeReturn
200
;
202: 2202Call 202(current pc: 202
;
204: eeReturn
202
;
204: eeReturn
200
;
202: 2202Call 202(current pc: 202
;
204: eeReturn
202
;
204: eeReturn
200
;
202: 2202Call 202(current pc: 202
;
204: eeReturn
202
;
204: eeReturn
200
;
202: 2202Call 202(current pc: 202
;
204: eeReturn
202
;
204: eeReturn
200
;
202: 2202Call 202(current pc: 202
;
204: eeReturn
202
;
204: eeReturn
200
;
202: 2202Call 202(current pc: 202
;
204: eeReturn
202
;
204: eeReturn
200
;
202: 2202Call 202(current pc: 202
;
204: eeReturn
202
;
204: eeReturn
200
;
202: 2202Call 202(current pc: 202
;
204: eeReturn
202
;
204: eeReturn
200
;
202: 2202Call 202(current pc: 202
;
204: eeReturn
202
;
204: eeReturn
200
;
202: 2202Call 202(current pc: 202
;
204: eeReturn
202
;
204: eeReturn
200
;
202: 2202Call 202(current pc: 202
;
204: eeReturn
202
;
204: eeReturn
200
;
202: 2202Call 202(current pc: 202
;
204: eeReturn
202
;
204: eeReturn
200
;
202: 2202Call 202(current pc: 202
;
204: eeReturn
202
;
204: eeReturn
200
;
202: 2202Call 202(current pc: 202
;
204: eeReturn
202
;
204: eeReturn
200
;
202: 2202Call 202(current pc: 202
;
204: eeReturn
202
;
204: eeReturn
200
;
202: 2202Call 202(current pc: 202
;
204: eeReturn
202
;
204: eeReturn
200
;
202: 2202Call 202(current pc: 202
;
204: eeReturn
202
;
204: eeReturn
200
;
202: 2202Call 202(current pc: 202
;
204: eeReturn
202
;
204: eeReturn
200
;
202: 2202Call 202(current pc: 202
;
204: eeReturn
202
;
204: eeReturn
200
;
202: 2202Call 202(current pc: 202
;
204: eeReturn
202
;
204: eeReturn
200
;
202: 2202Call 202(current pc: 202
;
204: eeReturn
202
;
204: eeReturn
200
;
202: 2202Call 202(current pc: 202
;
204: eeReturn
202
;
204: eeReturn
200
;
202: 2202Call 202(current pc: 202
;
204: eeReturn
202
;
204: eeReturn
200
;
202: 2202Call 202(current pc: 202
;
204: eeReturn
202
;
204: eeReturn
200
;
202: 2202Call 202(current pc: 202
;
204: eeReturn
202
;
204: eeReturn
200
;
202: 2202Call 202(current pc: 202
;
204: eeReturn
202
;
204: eeReturn
200
;
202: 2202Call 202(current pc: 202
;
204: eeReturn
202
;
204: eeReturn
200
;
202: 2202Call 202(current pc: 202
;
204: eeReturn
202
;
204: eeReturn
200
;
202: 2202Call 202(current pc: 202
;
204: eeReturn
202
;
204: eeReturn
200
;
202: 2202Call 202(current pc: 202
;
204: eeReturn
202
;
204: eeReturn
200
;
202: 2202Call 202(current pc: 202
;
204: eeReturn
202
;
204: eeReturn
200
;
202: 2202Call 202(current pc: 202
;
204: eeReturn
202
;
204: eeReturn
200
;
202: 2202Call 202(current pc: 202
;
204: eeReturn
202
;
204: eeReturn
200
;
202: 2202Call 202(current pc: 202
;
204: eeReturn
202
;
204: eeReturn
200
;
202: 2202Call 202(current pc: 202
;
204: eeReturn
202
;
204: eeReturn
200
;
202: 2202Call 202(current pc: 202
;
204: eeReturn
202
;
204: eeReturn
200
;
202: 2202Call 202(current pc: 202
;
204: eeReturn
202
;
204: eeReturn
200
;
202: 2202Call 202(current pc: 202
;
204: eeReturn
202
;
204: eeReturn
200
;
202: 2202Call 202(current pc: 202
;
204: eeReturn
202
;
204: eeReturn
200
;
202: 2202Call 202(current pc: 202
;
204: eeReturn
202
;
204: eeReturn
200
;
202: 2202Call 202(current pc: 202
;
204: eeReturn
202
;
204: eeReturn
200
;
202: 2202Call 202(current pc: 202
;
204: eeReturn
202
;
204: eeReturn
200
;
202: 2202Call 202(current pc: 202
;
204: eeReturn
202
;
204: eeReturn
200
;
202: 2202Call 202(current pc: 202
;
204: eeReturn
202
;
204: eeReturn
200
;
202: 2202Call 202(current pc: 202
;
204: eeReturn
202
;
204: eeReturn
200
;
202: 2202Call 202(current pc: 202
;
204: eeReturn
202
;
204: eeReturn
200
;
202: 2202Call 202(current pc: 202
;
204: eeReturn
202
;
204: eeReturn
200
;
202: 2202Call 202(current pc: 202
;
204: eeReturn
202
;
204: eeReturn
200
;
202: 2202Call 202(current pc: 202
;
204: eeReturn
202
;
204: eeReturn
200
;
202: 2202Call 202(current pc: 202
;
204: eeReturn
202
;
204: eeReturn
200
;
202: 2202Call 202(current pc: 202
;
204: eeReturn
202
;
204: eeReturn
200
;
202: 2202Call 202(current pc: 202
;
204: eeReturn
202
;
204: eeReturn
200
;
202: 2202Call 202(current pc: 202
;
204: eeReturn
202
;
204: eeReturn
200
;
202: 2202Call 202(current pc: 202
;
204: eeReturn
202
;
204: eeReturn
200
;
202: 2202Call 202(current pc: 202
;
204: eeReturn
202
;
204: eeReturn
200
;
202: 2202Call 202(current pc: 202
;
204: eeReturn
202
;
204: eeReturn
200
;
202: 2202Call 202(current pc: 202
;
204: eeReturn
202
;
204: eeReturn
200
;
202: 2202Call 202(current pc: 202
;
204: eeReturn
202
;
204: eeReturn
200
;
202: 2202Call 202(current pc: 202
;
204: eeReturn
202
;
204: eeReturn
200
;
202: 2202Call 202(current pc: 202
;
204: eeReturn
202
;
204: eeReturn
200
;
202: 2202Call 202(current pc: 202
;
204: eeReturn
202
;
204: eeReturn
200
;
202: 2202Call 202(current pc: 202
;
204: eeReturn
202
;
204: eeReturn
200
;
202: 2202Call 202(current pc: 202
;
204: eeReturn
202
;
204: eeReturn
200
;
202: 2202Call 202(current pc: 202
;
204: eeReturn
202
;
204: eeReturn
200
;
202: 2202Call 202(current pc: 202
;
204: eeReturn
202
;
204: eeReturn
200
;
202: 2202Call 202(current pc: 202
;
204: eeReturn
202
;
204: eeReturn
200
;
202: 2202Call 202(current pc: 202
;
204: eeReturn
202
;
204: eeReturn
200
;
202: 2202Call 202(current pc: 202
;
204: eeReturn
202
;
204: eeReturn
200
;
202: 2202Call 202(current pc: 202
;
204: eeReturn
202
;
204: eeReturn
200
;
202: 2202Call 202(current pc: 202
;
204: eeReturn
202
;
204: eeReturn
200
;
202: 2202Call 202(current pc: 202
;
204: eeReturn
202
;
204: eeReturn
200
;
202: 2202Call 202(current pc: 202
;
204: eeReturn
202
;
204: eeReturn
200
;
202: 2202Call 202(current pc: 202
;
204: eeReturn
202
;
204: eeReturn
200
;
202: 2202Call 202(current pc: 202
;
204: eeReturn
202
;
204: eeReturn
200
;
202: 2202Call 202(current pc: 202
;
204: eeReturn
202
;
204: eeReturn
200
;
202: 2202Call 202(current pc: 202
;
204: eeReturn
202
;
204: eeReturn
200
;
202: 2202Call 202(current pc: 202
;
204: eeReturn
202
;
204: eeReturn
200
;
202: 2202Call 202(current pc: 202
;
204: eeReturn
202
;
204: eeReturn
200
;
202: 2202Call 202(current pc: 202
;
204: eeReturn
202
;
204: eeReturn
200
;
202: 2202Call 202(current pc: 202
;
204: eeReturn
202
;
204: eeReturn
200
;
202: 2202Call 202(current pc: 202
;
204: eeReturn
202
;
204: eeReturn
200
;
202: 2202Call 202(current pc: 202
;
204: eeReturn
202
;
204: eeReturn
200
;
202: 2202Call 202(current pc: 202
;
204: eeReturn
202
;
204: eeReturn
200
;
202: 2202Call 202(current pc: 202
;
204: eeReturn
202
;
204: eeReturn
200
;
202: 2202Call 202(current pc: 202
;
204: eeReturn
202
;
204: eeReturn
200
;
202: 2202Call 202(current pc: 202
;
204: eeReturn
202
;
204: eeReturn
200
;
202: 2202Call 202(current pc: 202
;
204: eeReturn
202
;
204: eeReturn
200
;
202: 2202Call 202(current pc: 202
;
204: eeReturn
202
;
204: eeReturn
200
;
202: 2202Call 202(current pc: 202
;
204: eeReturn
202
;
204: eeReturn
200
;
202: 2202Call 202(current pc: 202
;
204: eeReturn
202
;
204: eeReturn
200
;
202: 2202Call 202(current pc: 202
;
204: eeReturn
202
;
204: eeReturn
200
;
202: 2202Call 202(current pc: 202
;
204: eeReturn
202
;
204: eeReturn
200
;
202: 2202Call 202(current pc: 202
;
204: eeReturn
202
;
204: eeReturn
200
;
202: 2202Call 202(current pc: 202
;
204: eeReturn
202
;
204: eeReturn
200
;
202: 2202Call 202(current pc: 202
;
204: eeReturn
202
;
204: eeReturn
200
;
202: 2202Call 202(current pc: 202
;
204: eeReturn
202
;
204: eeReturn
200
;
202: 2202Call 202(current pc: 202
;
204: eeReturn
202
;
204: eeReturn
200
;
202: 2202Call 202(current pc: 202
;
204: eeReturn
202
;
204: eeReturn
200
;
202: 2202Call 202(current pc: 202
;
204: eeReturn
202
;
204: eeReturn
200
;
202: 2202Call 202(current pc: 202
;
204: eeReturn
202
;
204: eeReturn
200
;
202: 2202Call 202(current pc: 202
;
204: eeReturn
202
;
204: eeReturn
200
;
202: 2202Call 202(current pc: 202
;
204: eeReturn
202
;
204: eeReturn
200
;
202: 2202Call 202(current pc: 202
;
204: eeReturn
202
;
204: eeReturn
200
;
202: 2202Call 202(current pc: 202
;
204: eeReturn
202
;
204: eeReturn
200
;
202: 2202Call 202(current pc: 202
;
204: eeReturn
202
;
204: eeReturn
200
;
202: 2202Call 202(current pc: 202
;
204: eeReturn
202
;
204: eeReturn
200
;
202: 2202Call 202(current pc: 202
;
204: eeReturn
202
;
204: eeReturn
200
;
202: 2202Call 202(current pc: 202
;
204: eeReturn
202
;
204: eeReturn
200
;
202: 2202Call 202(current pc: 202
;
204: eeReturn
202
;
204: eeReturn
200
;
202: 2202Call 202(current pc: 202
;
204: eeReturn
202
;
204: eeReturn
200
;
202: 2202Call 202(current pc: 202
;
204: eeReturn
202
;
204: eeReturn
200
;
202: 2202Call 202(current pc: 202
;
204: eeReturn
202
;
204: eeReturn
200
;
202: 2202Call 202(current pc: 202
;
204: eeReturn
202
;
204: eeReturn
200
;
202: 2202Call 202(current pc: 202
;
204: eeReturn
202
;
204: eeReturn
200
;
202: 2202Call 202(current pc: 202
;
204: eeReturn
202
;
204: eeReturn
200
;
202: 2202Call 202(current pc: 202
;
204: eeReturn
202
;
204: eeReturn
200
;
202: 2202Call 202(current pc: 202
;
204: eeReturn
202
;
204: eeReturn
200
;
202: 2202Call 202(current pc: 202
;
204: eeReturn
202
;
204: eeReturn
200
;
202: 2202Call 202(current pc: 202
;
204: eeReturn
202
;
204: eeReturn
200
;
202: 2202Call 202(current pc: 202
;
204: eeReturn
202
;
204: eeReturn
200
;
202: 2202Call 202(current pc: 202
;
204: eeReturn
202
;
204: eeReturn
200
;
202: 2202Call 202(current pc: 202
;
204: eeReturn
202
;
204: eeReturn
200
;
202: 2202Call 202(current pc: 202
;
204: eeReturn
202
;
204: eeReturn
200
;
202: 2202Call 202(current pc: 202
;
204: eeReturn
202
;
204: eeReturn
200
;
202: 2202Call 202(current pc: 202
;
204: eeReturn
202
;
204: eeReturn
200
;
202: 2202Call 202(current pc: 202
;
204: eeReturn
202
;
204: eeReturn
200
;
202: 2202Call 202(current pc: 202
;
204: eeReturn
202
;
204: eeReturn
200
;
202: 2202Call 202(current pc: 202
;
204: eeReturn
202
;
204: eeReturn
200
;
202: 2202Call 202(current pc: 202
;
204: eeReturn
202
;
204: eeReturn
200
;
202: 2202Call 202(current pc: 202
;
204: eeReturn
202
;
204: eeReturn
200
;
202: 2202Call 202(current pc: 202
;
204: eeReturn
202
;
204: eeReturn
200
;
202: 2202Call 202(current pc: 202
;
204: eeReturn
202
;
204: eeReturn
200
;
202: 2202Call 202(current pc: 202
;
204: eeReturn
202
;
204: eeReturn
200
;
202: 2202Call 202(current pc: 202
;
204: eeReturn
202
;
204: eeReturn
200
;
202: 2202Call 202(current pc: 202
;
204: eeReturn
202
;
204: eeReturn
200
;
202: 2202Call 202(current pc: 202
;
204: eeReturn
202
;
204: eeReturn
200
;
202: 2202Call 202(current pc: 202
;
204: eeReturn
202
;
204: eeReturn
200
;
202: 2202Call 202(current pc: 202
;
204: eeReturn
202
;
204: eeReturn
200
;
202: 2202Call 202(current pc: 202
;
204: eeReturn
202
;
204: eeReturn
200
;
202: 2202Call 202(current pc: 202
;
204: eeReturn
202
;
204: eeReturn
200
;
202: 2202Call 202(current pc: 202
;
204: eeReturn
202
;
204: eeReturn
200
;
202: 2202Call 202(current pc: 202
;
204: eeReturn
202
;
204: eeReturn
200
;
202: 2202Call 202(current pc: 202
;
204: eeReturn
202
;
204: eeReturn
200
;
202: 2202Call 202(current pc: 202
;
204: eeReturn
202
;
204: eeReturn
200
;
202: 2202Call 202(current pc: 202
;
204: eeReturn
202
;
204: eeReturn
200
;
202: 2202Call 202(current pc: 202
;
204: eeReturn
202
;
204: eeReturn
200
;
202: 2202Call 202(current pc: 202
;
204: eeReturn
202
;
204: eeReturn
200
;
202: 2202Call 202(current pc: 202
;
204: eeReturn
202
;
204: eeReturn
200
;
202: 2202Call 202(current pc: 202
;
204: eeReturn
202
;
204: eeReturn
200
;
202: 2202Call 202(current pc: 202
;
204: eeReturn
202
;
204: eeReturn
200
;
202: 2202Call 202(current pc: 202
;
204: eeReturn
202
;
204: eeReturn
200
;
202: 2202Call 202(current pc: 202
;
204: eeReturn
202
;
204: eeReturn
200
;
202: 2202Call 202(current pc: 202
;
204: eeReturn
202
;
204: eeReturn
200
;
202: 2202Call 202(current pc: 202
;
204: eeReturn
202
;
204: eeReturn
200
;
202: 2202Call 202(current pc: 202
;
204: eeReturn
202
;
204: eeReturn
200
;
202: 2202Call 202(current pc: 202
;
204: eeReturn
202
;
204: eeReturn
200
;
202: 2202Call 202(current pc: 202
;
204: eeReturn
202
;
204: eeReturn
200
;
202: 2202Call 202(current pc: 202
;
204: eeReturn
202
;
204: eeReturn
200
;
202: 2202Call 202(current pc: 202
;
204: eeReturn
202
;
204: eeReturn
200
;
202: 2202Call 202(current pc: 202
;
204: eeReturn
202
;
204: eeReturn
200
;
202: 2202Call 202(current pc: 202
;
204: eeReturn
202
;
204: eeReturn
200
;
202: 2202Call 202(current pc: 202
;
204: eeReturn
202
;
204: eeReturn
200
;
202: 2202Call 202(current pc: 202
;
204: eeReturn
202
;
204: eeReturn
200
;
202: 2202Call 202(current pc: 202
;
204: eeReturn
202
;
204: eeReturn
200
;
202: 2202Call 202(current pc: 202
;
204: eeReturn
202
;
204: eeReturn
200
;
202: 2202Call 202(current pc: 202
;
204: eeReturn
202
;
204: eeReturn
200
;
202: 2202Call 202(current pc: 202
;
204: eeReturn
202
;
204: eeReturn
200
;
202: 2202Call 202(current pc: 202
;
204: eeReturn
202
;
204: eeReturn
200
;
202: 2202Call 202(current pc: 202
;
204: eeReturn
202
;
204: eeReturn
200
;
202: 2202Call 202(current pc: 202
;
204: eeReturn
202
;
204: eeReturn
200
;
202: 2202Call 202(current pc: 202
;
204: eeReturn
202
;
204: eeReturn
200
;
202: 2202Call 202(current pc: 202
;
204: eeReturn
202
;
204: eeReturn
200
;
202: 2202Call 202(current pc: 202
;
204: eeReturn
202
;
204: eeReturn
200
;
202: 2202Call 202(current pc: 202
;
204: eeReturn
202
;
204: eeReturn
200
;
202: 2202Call 202(current pc: 202
;
204: eeReturn
202
;
204: eeReturn
200
;
202: 2202Call 202(current pc: 202
;
204: eeReturn
202
;
204: eeReturn
200
;
202: 2202Call 202(current pc: 202
;
204: eeReturn
202
;
204: eeReturn
200
;
202: 2202Call 202(current pc: 202
;
204: eeReturn
202
;
204: eeReturn
200
;
202: 2202Call 202(current pc: 202
;
204: eeReturn
202
;
204: eeReturn
200
;
202: 2202Call 202(current pc: 202
;
204: eeReturn
202
;
204: eeReturn
200
;
202: 2202Call 202(current pc: 202
;
204: eeReturn
202
;
204: eeReturn
200
;
202: 2202Call 202(current pc: 202
;
204: eeReturn
202
;
204: eeReturn
200
;
202: 2202Call 202(current pc: 202
;
204: eeReturn
202
;
204: eeReturn
200
;
202: 2202Call 202(current pc: 202
;
204: eeReturn
202
;
204: eeReturn
200
;
202: 2202Call 202(current pc: 202
;
204: eeReturn
202
;
204: eeReturn
200
;
202: 2202Call 202(current pc: 202
;
204: eeReturn
202
;
204: eeReturn
200
;
202: 2202Call 202(current pc: 202
;
204: eeReturn
202
;
204: eeReturn
200
;
202: 2202Call 202(current pc: 202
;
204: eeReturn
202
;
204: eeReturn
200
;
202: 2202Call 202(current pc: 202
;
204: eeReturn
202
;
204: eeReturn
200
;
202: 2202Call 202(current pc: 202
;
204: eeReturn
202
;
204: eeReturn
200
;
202: 2202Call 202(current pc: 202
;
204: eeReturn
202
;
204: eeReturn
200
;
202: 2202Call 202(current pc: 202
;
204: eeReturn
202
;
204: eeReturn
200
;
202: 2202Call 202(current pc: 202
;
204: eeReturn
202
;
204: eeReturn
200
;
202: 2202Call 202(current pc: 202
;
204: eeReturn
202
;
204: eeReturn
200
;
202: 2202Call 202(current pc: 202
;
204: eeReturn
202
;
204: eeReturn
200
;
202: 2202Call 202(current pc: 202
;
204: eeReturn
202
;
204: eeReturn
200
;
202: 2202Call 202(current pc: 202
;
204: eeReturn
202
;
204: eeReturn
200
;
202: 2202Call 202(current pc: 202
;
204: eeReturn
202
;
204: eeReturn
200
;
202: 2202Call 202(current pc: 202
;
204: eeReturn
202
;
204: eeReturn
200
;
202: 2202Call 202(current pc: 202
;
204: eeReturn
202
;
204: eeReturn
200
;
202: 2202Call 202(current pc: 202
;
204: eeReturn
202
;
204: eeReturn
200
;
202: 2202Call 202(current pc: 202
;
204: eeReturn
202
;
204: eeReturn
200
;
202: 2202Call 202(current pc: 202
;
204: eeReturn
202
;
204: eeReturn
200
;
202: 2202Call 202(current pc: 202
;
204: eeReturn
202
;
204: eeReturn
200
;
202: 2202Call 202(current pc: 202
;
204: eeReturn
202
;
204: eeReturn
200
;
202: 2202Call 202(current pc: 202
;
204: eeReturn
202
;
204: eeReturn
200
;
202: 2202Call 202(current pc: 202
;
204: eeReturn
202
;
204: eeReturn
200
;
202: 2202Call 202(current pc: 202
;
204: eeReturn
202
;
204: eeReturn
200
;
202: 2202Call 202(current pc: 202
;
204: eeReturn
202
;
204: eeReturn
200
;
202: 2202Call 202(current pc: 202
;
204: eeReturn
202
;
204: eeReturn
200
;
202: 2202Call 202(current pc: 202
;
204: eeReturn
202
;
204: eeReturn
200
;
202: 2202Call 202(current pc: 202
;
204: eeReturn
202
;
204: eeReturn
200
;
202: 2202Call 202(current pc: 202
;
204: eeReturn
202
;
204: eeReturn
200
;
202: 2202Call 202(current pc: 202
;
204: eeReturn
202
;
204: eeReturn
200
;
202: 2202Call 202(current pc: 202
;
204: eeReturn
202
;
204: eeReturn
200
;
202: 2202Call 202(current pc: 202
;
204: eeReturn
202
;
204: eeReturn
200
;
202: 2202Call 202(current pc: 202
;
204: eeReturn
202
;
204: eeReturn
200
;
202: 2202Call 202(current pc: 202
;
204: eeReturn
202
;
204: eeReturn
200
;
202: 2202Call 202(current pc: 202
;
204: eeReturn
202
;
204: eeReturn
200
;
202: 2202Call 202(current pc: 202
;
204: eeReturn
202
;
204: eeReturn
200
;
202: 2202Call 202(current pc: 202
;
204: eeReturn
202
;
204: eeReturn
200
;
202: 2202Call 202(current pc: 202
;
204: eeReturn
202
;
204: eeReturn
200
;
202: 2202Call 202(current pc: 202
;
204: eeReturn
202
;
204: eeReturn
200
;
202: 2202Call 202(current pc: 202
;
204: eeReturn
202
;
204: eeReturn
200
;
202: 2202Call 202(current pc: 202
;
204: eeReturn
202
;
204: eeReturn
200
;
202: 2202Call 202(current pc: 202
;
204: eeReturn
202
;
204: eeReturn
200
;
202: 2202Call 202(current pc: 202
;
204: eeReturn
202
;
204: eeReturn
200
;
202: 2202Call 202(current pc: 202
;
204: eeReturn
202
;
204: eeReturn
200
;
202: 2202Call 202(current pc: 202
;
204: eeReturn
202
;
204: eeReturn
200
;
202: 2202Call 202(current pc: 202
;
204: eeReturn
202
;
204: eeReturn
200
;
202: 2202Call 202(current pc: 202
;
204: eeReturn
202
;
204: eeReturn
200
;
202: 2202Call 202(current pc: 202
;
204: eeReturn
202
;
204: eeReturn
200
;
202: 2202Call 202(current pc: 202
;
204: eeReturn
202
;
204: eeReturn
200
;
202: 2202Call 202(current pc: 202
;
204: eeReturn
202
;
204: eeReturn
200
;
202: 2202Call 202(current pc: 202
;
204: eeReturn
202
;
204: eeReturn
200
;
202: 2202Call 202(current pc: 202
;
204: eeReturn
202
;
204: eeReturn
200
;
202: 2202Call 202(current pc: 202
;
204: eeReturn
202
;
204: eeReturn
200
;
202: 2202Call 202(current pc: 202
;
204: eeReturn
202
;
204: eeReturn
200
;
202: 2202Call 202(current pc: 202
;
204: eeReturn
202
;
204: eeReturn
200
;
202: 2202Call 202(current pc: 202
;
204: eeReturn
202
;
204: eeReturn
200
;
202: 2202Call 202(current pc: 202
;
204: eeReturn
202
;
204: eeReturn
200
;
202: 2202Call 202(current pc: 202
;
204: eeReturn
202
;
204: eeReturn
200
;
202: 2202Call 202(current pc: 202
;
204: eeReturn
202
;
204: eeReturn
200
;
202: 2202Call 202(current pc: 202
;
204: eeReturn
202
;
204: eeReturn
200
;
202: 2202Call 202(current pc: 202
;
204: eeReturn
202
;
204: eeReturn
200
;
202: 2202Call 202(current pc: 202
;
204: eeReturn
202
;
204: eeReturn
200
;
202: 2202Call 202(current pc: 202
;
204: eeReturn
202
;
204: eeReturn
200
;
202: 2202Call 202(current pc: 202
;
204: eeReturn
202
;
204: eeReturn
200
;
202: 2202Call 202(current pc: 202
;
204: eeReturn
202
;
204: eeReturn
200
;
202: 2202Call 202(current pc: 202
;
204: eeReturn
202
;
204: eeReturn
200
;
202: 2202Call 202(current pc: 202
;
204: eeReturn
202
;
204: eeReturn
200
;
202: 2202Call 202(current pc: 202
;
204: eeReturn
202
;
204: eeReturn
200
;
202: 2202Call 202(current pc: 202
;
204: eeReturn
202
;
204: eeReturn
200
;
202: 2202Call 202(current pc: 202
;
204: eeReturn
202
;
204: eeReturn
200
;
202: 2202Call 202(current pc: 202
;
204: eeReturn
202
;
204: eeReturn
200
;
202: 2202Call 202(current pc: 202
;
204: eeReturn
202
;
204: eeReturn
200
;
202: 2202Call 202(current pc: 202
;
204: eeReturn
202
;
204: eeReturn
200
;
202: 2202Call 202(current pc: 202
;
204: eeReturn
202
;
204: eeReturn
200
;
202: 2202Call 202(current pc: 202
;
204: eeReturn
202
;
204: eeReturn
200
;
202: 2202Call 202(current pc: 202
;
204: eeReturn
202
;
204: eeReturn
200
;
202: 2202Call 202(current pc: 202
;
204: eeReturn
202
;
204: eeReturn
200
;
202: 2202Call 202(current pc: 202
;
204: eeReturn
202
;
204: eeReturn
200
;
202: 2202Call 202(current pc: 202
;
204: eeReturn
202
;
204: eeReturn
200
;
202: 2202Call 202(current pc: 202
;
204: eeReturn
202
;
204: eeReturn
200
;
202: 2202Call 202(current pc: 202
;
204: eeReturn
202
;
204: eeReturn
200
;
202: 2202Call 202(current pc: 202
;
204: eeReturn
202
;
204: eeReturn
200
;
202: 2202Call 202(current pc: 202
;
204: eeReturn
202
;
204: eeReturn
200
;
202: 2202Call 202(current pc: 202
;
204: eeReturn
202
;
204: eeReturn
200
;
202: 2202Call 202(current pc: 202
;
204: eeReturn
202
;
204: eeReturn
200
;
202: 2202Call 202(current pc: 202
;
204: eeReturn
202
;
204: eeReturn
200
;
202: 2202Call 202(current pc: 202
;
204: eeReturn
202
;
204: eeReturn
200
;
202: 2202Call 202(current pc: 202
;
204: eeReturn
202
;
204: eeReturn
200
;
202: 2202Call 202(current pc: 202
;
204: eeReturn
202
;
204: eeReturn
200
;
202: 2202Call 202(current pc: 202
;
204: eeReturn
202
;
204: eeReturn
200
;
202: 2202Call 202(current pc: 202
;
204: eeReturn
202
;
204: eeReturn
200
;
202: 2202Call 202(current pc: 202
;
204: eeReturn
202
;
204: eeReturn
200
;
202: 2202Call 202(current pc: 202
;
204: eeReturn
202
;
204: eeReturn
200
;
202: 2202Call 202(current pc: 202
;
204: eeReturn
202
;
204: eeReturn
200
;
202: 2202Call 202(current pc: 202
;
204: eeReturn
202
;
204: eeReturn
200
;
202: 2202Call 202(current pc: 202
;
204: eeReturn
202
;
204: eeReturn
200
;
202: 2202Call 202(current pc: 202
;
204: eeReturn
202
;
204: eeReturn
200
;
202: 2202Call 202(current pc: 202
;
204: eeReturn
202
;
204: eeReturn
200
;
202: 2202Call 202(current pc: 202
;
204: eeReturn
202
;
204: eeReturn
200
;
202: 2202Call 202(current pc: 202
;
204: eeReturn
202
;
204: eeReturn
200
;
202: 2202Call 202(current pc: 202
;
204: eeReturn
202
;
204: eeReturn
200
;
202: 2202Call 202(current pc: 202
;
204: eeReturn
202
;
204: eeReturn
200
;
202: 2202Call 202(current pc: 202
;
204: eeReturn
202
;
204: eeReturn
200
;
202: 2202Call 202(current pc: 202
;
204: eeReturn
202
;
204: eeReturn
200
;
202: 2202Call 202(current pc: 202
;
204: eeReturn
202
;
204: eeReturn
200
;
202: 2202Call 202(current pc: 202
;
204: eeReturn
202
;
204: eeReturn
200
;
202: 2202Call 202(current pc: 202
;
204: eeReturn
202
;
204: eeReturn
200
;
202: 2202Call 202(current pc: 202
;
204: eeReturn
202
;
204: eeReturn
200
;
202: 2202Call 202(current pc: 202
;
204: eeReturn
202
;
204: eeReturn
200
;
202: 2202Call 202(current pc: 202
;
204: eeReturn
202
;
204: eeReturn
200
;
202: 2202Call 202(current pc: 202
;
204: eeReturn
202
;
204: eeReturn
200
;
202: 2202Call 202(current pc: 202
;
204: eeReturn
202
;
204: eeReturn
200
;
202: 2202Call 202(current pc: 202
;
204: eeReturn
202
;
204: eeReturn
200
;
202: 2202Call 202(current pc: 202
;
204: eeReturn
202
;
204: eeReturn
200
;
202: 2202Call 202(current pc: 202
;
204: eeReturn
202
;
204: eeReturn
200
;
202: 2202Call 202(current pc: 202
;
204: eeReturn
202
;
204: eeReturn
200
;
202: 2202Call 202(current pc: 202
;
204: eeReturn
202
;
204: eeReturn
200
;
202: 2202Call 202(current pc: 202
;
204: eeReturn
202
;
204: eeReturn
200
;
202: 2202Call 202(current pc: 202
;
204: eeReturn
202
;
204: eeReturn
200
;
202: 2202Call 202(current pc: 202
;
204: eeReturn
202
;
204: eeReturn
200
;
202: 2202Call 202(current pc: 202
;
204: eeReturn
202
;
204: eeReturn
200
;
202: 2202Call 202(current pc: 202
;
204: eeReturn
202
;
204: eeReturn
200
;
202: 2202Call 202(current pc: 202
;
204: eeReturn
202
;
204: eeReturn
200
;
202: 2202Call 202(current pc: 202
;
204: eeReturn
202
;
204: eeReturn
200
;
202: 2202Call 202(current pc: 202
;
204: eeReturn
202
;
204: eeReturn
200
;
202: 2202Call 202(current pc: 202
;
204: eeReturn
202
;
204: eeReturn
200
;
202: 2202Call 202(current pc: 202
;
204: eeReturn
202
;
204: eeReturn
200
;
202: 2202Call 202(current pc: 202
;
204: eeReturn
202
;
204: eeReturn
200
;
202: 2202Call 202(current pc: 202
;
204: eeReturn
202
;
204: eeReturn
200
;
202: 2202Call 202(current pc: 202
;
204: eeReturn
202
;
204: eeReturn
200
;
202: 2202Call 202(current pc: 202
;
204: eeReturn
202
;
204: eeReturn
200
;
202: 2202Call 202(current pc: 202
;
204: eeReturn
202
;
204: eeReturn
200
;
202: 2202Call 202(current pc: 202
;
204: eeReturn
202
;
204: eeReturn
200
;
202: 2202Call 202(current pc: 202
;
204: eeReturn
202
;
204: eeReturn
200
;
202: 2202Call 202(current pc: 202
;
204: eeReturn
202
;
204: eeReturn
200
;
202: 2202Call 202(current pc: 202
;
204: eeReturn
202
;
204: eeReturn
200
;
202: 2202Call 202(current pc: 202
;
204: eeReturn
202
;
204: eeReturn
200
;
202: 2202Call 202(current pc: 202
;
204: eeReturn
202
;
204: eeReturn
200
;
202: 2202Call 202(current pc: 202
;
204: eeReturn
202
;
204: eeReturn
200
;
202: 2202Call 202(current pc: 202
;
204: eeReturn
202
;
204: eeReturn
200
;
202: 2202Call 202(current pc: 202
;
204: eeReturn
202
;
204: eeReturn
200
;
202: 2202Call 202(current pc: 202
;
204: eeReturn
202
;
204: eeReturn
200
;
202: 2202Call 202(current pc: 202
;
204: eeReturn
202
;
204: eeReturn
200
;
202: 2202Call 202(current pc: 202
;
204: eeReturn
202
;
204: eeReturn
200
;
202: 2202Call 202(current pc: 202
;
204: eeReturn
202
;
204: eeReturn
200
;
202: 2202Call 202(current pc: 202
;
204: eeReturn
202
;
204: eeReturn
200
;
202: 2202Call 202(current pc: 202
;
204: eeReturn
202
;
204: eeReturn
200
;
202: 2202Call 202(current pc: 202
;
204: eeReturn
202
;
204: eeReturn
200
;
202: 2202Call 202(current pc: 202
;
204: eeReturn
202
;
204: eeReturn
200
;
202: 2202Call 202(current pc: 202
;
204: eeReturn
202
;
204: eeReturn
200
;
202: 2202Call 202(current pc: 202
;
204: eeReturn
202
;
204: eeReturn
200
;
202: 2202Call 202(current pc: 202
;
204: eeReturn
202
;
204: eeReturn
200
;
202: 2202Call 202(current pc: 202
;
204: eeReturn
202
;
204: eeReturn
200
;
202: 2202Call 202(current pc: 202
;
204: eeReturn
202
;
204: eeReturn
200
;
202: 2202Call 202(current pc: 202
;
204: eeReturn
202
;
204: eeReturn
200
;
202: 2202Call 202(current pc: 202
;
204: eeReturn
202
;
204: eeReturn
200
;
202: 2202Call 202(current pc: 202
;
204: eeReturn
202
;
204: eeReturn
200
;
202: 2202Call 202(current pc: 202
;
204: eeReturn
202
;
204: eeReturn
200
;
202: 2202Call 202(current pc: 202
;
204: eeReturn
202
;
204: eeReturn
200
;
202: 2202Call 202(current pc: 202
;
204: eeReturn
202
;
204: eeReturn
200
;
202: 2202Call 202(current pc: 202
;
204: eeReturn
202
;
204: eeReturn
200
;
202: 2202Call 202(current pc: 202
;
204: eeReturn
202
;
204: eeReturn
200
;
202: 2202Call 202(current pc: 202
;
204: eeReturn
202
;
204: eeReturn
200
;
202: 2202Call 202(current pc: 202
;
204: eeReturn
202
;
204: eeReturn
200
;
202: 2202Call 202(current pc: 202
;
204: eeReturn
202
;
204: eeReturn
200
;
202: 2202Call 202(current pc: 202
;
204: eeReturn
202
;
204: eeReturn
200
;
202: 2202Call 202(current pc: 202
;
204: eeReturn
202
;
204: eeReturn
200
;
202: 2202Call 202(current pc: 202
;
204: eeReturn
202
;
204: eeReturn
200
;
202: 2202Call 202(current pc: 202
;
204: eeReturn
202
;
204: eeReturn
200
;
202: 2202Call 202(current pc: 202
;
204: eeReturn
202
;
204: eeReturn
200
;
202: 2202Call 202(current pc: 202
;
204: eeReturn
202
;
204: eeReturn
200
;
202: 2202Call 202(current pc: 202
;
204: eeReturn
202
;
204: eeReturn
200
;
202: 2202Call 202(current pc: 202
;
204: eeReturn
202
;
204: eeReturn
200
;
202: 2202Call 202(current pc: 202
;
204: eeReturn
202
;
204: eeReturn
200
;
202: 2202Call 202(current pc: 202
;
204: eeReturn
202
;
204: eeReturn
200
;
202: 2202Call 202(current pc: 202
;
204: eeReturn
202
;
204: eeReturn
200
;
202: 2202Call 202(current pc: 202
;
204: eeReturn
202
;
204: eeReturn
200
;
202: 2202Call 202(current pc: 202
;
204: eeReturn
202
;
204: eeReturn
200
;
202: 2202Call 202(current pc: 202
;
204: eeReturn
202
;
204: eeReturn
200
;
202: 2202Call 202(current pc: 202
;
204: eeReturn
202
;
204: eeReturn
200
;
202: 2202Call 202(current pc: 202
;
204: eeReturn
202
;
204: eeReturn
200
;
202: 2202Call 202(current pc: 202
;
204: eeReturn
202
;
204: eeReturn
200
;
202: 2202Call 202(current pc: 202
;
204: eeReturn
202
;
204: eeReturn
200
;
202: 2202Call 202(current pc: 202
;
204: eeReturn
202
;
204: eeReturn
200
;
202: 2202Call 202(current pc: 202
;
204: eeReturn
202
;
204: eeReturn
200
;
202: 2202Call 202(current pc: 202
;
204: eeReturn
202
;
204: eeReturn
200
;
202: 2202Call 202(current pc: 202
;
204: eeReturn
202
;
204: eeReturn
200
;
202: 2202Call 202(current pc: 202
;
204: eeReturn
202
;
204: eeReturn
200
;
202: 2202Call 202(current pc: 202
;
204: eeReturn
202
;
204: eeReturn
200
;
202: 2202Call 202(current pc: 202
;
204: eeReturn
202
;
204: eeReturn
200
;
202: 2202Call 202(current pc: 202
;
204: eeReturn
202
;
204: eeReturn
200
;
202: 2202Call 202(current pc: 202
;
204: eeReturn
202
;
204: eeReturn
200
;
202: 2202Call 202(current pc: 202
;
204: eeReturn
202
;
204: eeReturn
200
;
202: 2202Call 202(current pc: 202
;
204: eeReturn
202
;
204: eeReturn
200
;
202: 2202Call 202(current pc: 202
;
204: eeReturn
202
;
204: eeReturn
200
;
202: 2202Call 202(current pc: 202
;
204: eeReturn
202
;
204: eeReturn
200
;
202: 2202Call 202(current pc: 202
;
204: eeReturn
202
;
204: eeReturn
200
;
202: 2202Call 202(current pc: 202
;
204: eeReturn
202
;
204: eeReturn
200
;
202: 2202Call 202(current pc: 202
;
204: eeReturn
202
;
204: eeReturn
200
;
202: 2202Call 202(current pc: 202
;
204: eeReturn
202
;
204: eeReturn
200
;
202: 2202Call 202(current pc: 202
;
204: eeReturn
202
;
204: eeReturn
200
;
202: 2202Call 202(current pc: 202
;
204: eeReturn
202
;
204: eeReturn
200
;
202: 2202Call 202(current pc: 202
;
204: eeReturn
202
;
204: eeReturn
200
;
202: 2202Call 202(current pc: 202
;
204: eeReturn
202
;
204: eeReturn
200
;
202: 2202Call 202(current pc: 202
;
204: eeReturn
202
;
204: eeReturn
200
;
202: 2202Call 202(current pc: 202
;
204: eeReturn
202
;
204: eeReturn
200
;
202: 2202Call 202(current pc: 202
;
204: eeReturn
202
;
204: eeReturn
200
;
202: 2202Call 202(current pc: 202
;
204: eeReturn
202
;
204: eeReturn
200
;
202: 2202Call 202(current pc: 202
;
204: eeReturn
202
;
204: eeReturn
200
;
202: 2202Call 202(current pc: 202
;
204: eeReturn
202
;
204: eeReturn
200
;
202: 2202Call 202(current pc: 202
;
204: eeReturn
202
;
204: eeReturn
200
;
202: 2202Call 202(current pc: 202
;
204: eeReturn
202
;
204: eeReturn
200
;
202: 2202Call 202(current pc: 202
;
204: eeReturn
202
;
204: eeReturn
200
;
202: 2202Call 202(current pc: 202
;
204: eeReturn
202
;
204: eeReturn
200
;
202: 2202Call 202(current pc: 202
;
204: eeReturn
202
;
204: eeReturn
200
;
202: 2202Call 202(current pc: 202
;
204: eeReturn
202
;
204: eeReturn
200
;
202: 2202Call 202(current pc: 202
;
204: eeReturn
202
;
204: eeReturn
200
;
202: 2202Call 202(current pc: 202
;
204: eeReturn
202
;
204: eeReturn
200
;
202: 2202Call 202(current pc: 202
;
204: eeReturn
202
;
204: eeReturn
200
;
202: 2202Call 202(current pc: 202
;
204: eeReturn
202
;
204: eeReturn
200
;
202: 2202Call 202(current pc: 202
;
204: eeReturn
202
;
204: eeReturn
200
;
202: 2202Call 202(current pc: 202
;
204: eeReturn
202
;
204: eeReturn
200
;
202: 2202Call 202(current pc: 202
;
204: eeReturn
202
;
204: eeReturn
200
;
202: 2202Call 202(current pc: 202
;
204: eeReturn
202
;
204: eeReturn
200
;
202: 2202Call 202(current pc: 202
;
204: eeReturn
202
;
204: eeReturn
200
;
202: 2202Call 202(current pc: 202
;
204: eeReturn
202
;
204: eeReturn
200
;
202: 2202Call 202(current pc: 202
;
204: eeReturn
202
;
204: eeReturn
200
;
202: 2202Call 202(current pc: 202
;
204: eeReturn
202
;
204: eeReturn
200
;
202: 2202Call 202(current pc: 202
;
204: eeReturn
202
;
204: eeReturn
200
;
202: 2202Call 202(current pc: 202
;
204: eeReturn
202
;
204: eeReturn
200
;
202: 2202Call 202(current pc: 202
;
204: eeReturn
202
;
204: eeReturn
200
;
202: 2202Call 202(current pc: 202
;
204: eeReturn
202
;
204: eeReturn
200
;
202: 2202Call 202(current pc: 202
;
204: eeReturn
202
;
204: eeReturn
200
;
202: 2202Call 202(current pc: 202
;
204: eeReturn
202
;
204: eeReturn
200
;
202: 2202Call 202(current pc: 202
;
204: eeReturn
202
;
204: eeReturn
200
;
202: 2202Call 202(current pc: 202
;
204: eeReturn
202
;
204: eeReturn
200
;
202: 2202Call 202(current pc: 202
;
204: eeReturn
202
;
204: eeReturn
200
;
202: 2202Call 202(current pc: 202
;
204: eeReturn
202
;
204: eeReturn
200
;
202: 2202Call 202(current pc: 202
;
204: eeReturn
202
;
204: eeReturn
200
;
202: 2202Call 202(current pc: 202
;
204: eeReturn
202
;
204: eeReturn
200
;
202: 2202Call 202(current pc: 202
;
204: eeReturn
202
;
204: eeReturn
200
;
202: 2202Call 202(current pc: 202
;
204: eeReturn
202
;
204: eeReturn
200
;
202: 2202Call 202(current pc: 202
;
204: eeReturn
202
;
204: eeReturn
200
;
202: 2202Call 202(current pc: 202
;
204: eeReturn
202
;
204: eeReturn
200
;
202: 2202Call 202(current pc: 202
;
204: eeReturn
202
;
204: eeReturn
200
;
202: 2202Call 202(current pc: 202
;
204: eeReturn
202
;
204: eeReturn
200
;
202: 2202Call 202(current pc: 202
;
204: eeReturn
202
;
204: eeReturn
200
;
202: 2202Call 202(current pc: 202
;
204: eeReturn
202
;
204: eeReturn
200
;
202: 2202Call 202(current pc: 202
;
204: eeReturn
202
;
204: eeReturn
200
;
202: 2202Call 202(current pc: 202
;
204: eeReturn
202
;
204: eeReturn
200
;
202: 2202Call 202(current pc: 202
;
204: eeReturn
202
;
204: eeReturn
200
;
202: 2202Call 202(current pc: 202
;
204: eeReturn
202
;
204: eeReturn
200
;
202: 2202Call 202(current pc: 202
;
204: eeReturn
202
;
204: eeReturn
200
;
202: 2202Call 202(current pc: 202
;
204: eeReturn
202
;
204: eeReturn
200
;
202: 2202Call 202(current pc: 202
;
204: eeReturn
202
;
204: eeReturn
200
;
202: 2202Call 202(current pc: 202
;
204: eeReturn
202
;
204: eeReturn
200
;
202: 2202Call 202(current pc: 202
;
204: eeReturn
202
;
204: eeReturn
200
;
202: 2202Call 202(current pc: 202
;
204: eeReturn
202
;
204: eeReturn
200
;
202: 2202Call 202(current pc: 202
;
204: eeReturn
202
;
204: eeReturn
200
;
202: 2202Call 202(current pc: 202
;
204: eeReturn
202
;
204: eeReturn
200
;
202: 2202Call 202(current pc: 202
;
204: eeReturn
202
;
204: eeReturn
200
;
202: 2202Call 202(current pc: 202
;
204: eeReturn
202
;
204: eeReturn
200
;
202: 2202Call 202(current pc: 202
;
204: eeReturn
202
;
204: eeReturn
200
;
202: 2202Call 202(current pc: 202
;
204: eeReturn
202
;
204: eeReturn
200
;
202: 2202Call 202(current pc: 202
;
204: eeReturn
202
;
204: eeReturn
200
;
202: 2202Call 202(current pc: 202
;
204: eeReturn
202
;
204: eeReturn
200
;
202: 2202Call 202(current pc: 202
;
204: eeReturn
202
;
204: eeReturn
200
;
202: 2202Call 202(current pc: 202
;
204: eeReturn
202
;
204: eeReturn
200
;
202: 2202Call 202(current pc: 202
;
204: eeReturn
202
;
204: eeReturn
200
;
202: 2202Call 202(current pc: 202
;
204: eeReturn
202
;
204: eeReturn
200
;
202: 2202Call 202(current pc: 202
;
204: eeReturn
202
;
204: eeReturn
200
;
202: 2202Call 202(current pc: 202
;
204: eeReturn
202
;
204: eeReturn
200
;
202: 2202Call 202(current pc: 202
;
204: eeReturn
202
;
204: eeReturn
200
;
202: 2202Call 202(current pc: 202
;
204: eeReturn
202
;
204: eeReturn
200
;
202: 2202Call 202(current pc: 202
;
204: eeReturn
202
;
204: eeReturn
200
;
202: 2202Call 202(current pc: 202
;
204: eeReturn
202
;
204: eeReturn
200
;
202: 2202Call 202(current pc: 202
;
204: eeReturn
202
;
204: eeReturn
200
;
202: 2202Call 202(current pc: 202
;
204: eeReturn
202
;
204: eeReturn
200
;
202: 2202Call 202(current pc: 202
;
204: eeReturn
202
;
204: eeReturn
200
;
202: 2202Call 202(current pc: 202
;
204: eeReturn
202
;
204: eeReturn
200
;
202: 2202Call 202(current pc: 202
;
204: eeReturn
202
;
204: eeReturn
200
;
202: 2202Call 202(current pc: 202
;
204: eeReturn
202
;
204: eeReturn
200
;
202: 2202Call 202(current pc: 202
;
204: eeReturn
202
;
204: eeReturn
200
;
202: 2202Call 202(current pc: 202
;
204: eeReturn
202
;
204: eeReturn
200
;
202: 2202Call 202(current pc: 202
;
204: eeReturn
202
;
204: eeReturn
200
;
202: 2202Call 202(current pc: 202
;
204: eeReturn
202
;
204: eeReturn
200
;
202: 2202Call 202(current pc: 202
;
204: eeReturn
202
;
204: eeReturn
200
;
202: 2202Call 202(current pc: 202
;
204: eeReturn
202
;
204: eeReturn
200
;
202: 2202Call 202(current pc: 202
;
204: eeReturn
202
;
204: eeReturn
200
;
202: 2202Call 202(current pc: 202
;
204: eeReturn
202
;
204: eeReturn
200
;
202: 2202Call 202(current pc: 202
;
204: eeReturn
202
;
204: eeReturn
200
;
202: 2202Call 202(current pc: 202
;
204: eeReturn
202
;
204: eeReturn
200
;
202: 2202Call 202(current pc: 202
;
204: eeReturn
202
;
204: eeReturn
200
;
202: 2202Call 202(current pc: 202
;
204: eeReturn
202
;
204: eeReturn
200
;
202: 2202Call 202(current pc: 202
;
204: eeReturn
202
;
204: eeReturn
200
;
202: 2202Call 202(current pc: 202
;
204: eeReturn
202
;
204: eeReturn
200
;
202: 2202Call 202(current pc: 202
;
204: eeReturn
202
;
204: eeReturn
200
;
202: 2202Call 202(current pc: 202
;
204: eeReturn
202
;
204: eeReturn
200
;
202: 2202Call 202(current pc: 202
;
204: eeReturn
202
;
204: eeReturn
200
;
202: 2202Call 202(current pc: 202
;
204: eeReturn
202
;
204: eeReturn
200
;
202: 2202Call 202(current pc: 202
;
204: eeReturn
202
;
204: eeReturn
200
;
202: 2202Call 202(current pc: 202
;
204: eeReturn
202
;
204: eeReturn
200
;
202: 2202Call 202(current pc: 202
;
204: eeReturn
202
;
204: eeReturn
200
;
202: 2202Call 202(current pc: 202
;
204: eeReturn
202
;
204: eeReturn
200
;
202: 2202Call 202(current pc: 202
;
204: eeReturn
202
;
204: eeReturn
200
;
202: 2202Call 202(current pc: 202
;
204: eeReturn
202
;
204: eeReturn
200
;
202: 2202Call 202(current pc: 202
;
204: eeReturn
202
;
204: eeReturn
200
;
202: 2202Call 202(current pc: 202
;
204: eeReturn
202
;
204: eeReturn
200
;
202: 2202Call 202(current pc: 202
;
204: eeReturn
202
;
204: eeReturn
200
;
202: 2202Call 202(current pc: 202
;
204: eeReturn
202
;
204: eeReturn
200
;
202: 2202Call 202(current pc: 202
;
204: eeReturn
202
;
204: eeReturn
200
;
202: 2202Call 202(current pc: 202
;
204: eeReturn
202
;
204: eeReturn
200
;
202: 2202Call 202(current pc: 202
;
204: eeReturn
202
;
204: eeReturn
200
;
202: 2202Call 202(current pc: 202
;
204: eeReturn
202
;
204: eeReturn
200
;
202: 2202Call 202(current pc: 202
;
204: eeReturn
202
;
204: eeReturn
200
;
202: 2202Call 202(current pc: 202
;
204: eeReturn
202
;
204: eeReturn
200
;
202: 2202Call 202(current pc: 202
;
204: eeReturn
202
;
204: eeReturn
200
;
202: 2202Call 202(current pc: 202
;
204: eeReturn
202
;
204: eeReturn
200
;
202: 2202Call 202(current pc: 202
;
204: eeReturn
202
;
204: eeReturn
200
;
202: 2202Call 202(current pc: 202
;
204: eeReturn
202
;
204: eeReturn
200
;
202: 2202Call 202(current pc: 202
;
204: eeReturn
202
;
204: eeReturn
200
;
202: 2202Call 202(current pc: 202
;
204: eeReturn
202
;
204: eeReturn
200
;
202: 2202Call 202(current pc: 202
;
204: eeReturn
202
;
204: eeReturn
200
;
202: 2202Call 202(current pc: 202
;
204: eeReturn
202
;
204: eeReturn
200
;
202: 2202Call 202(current pc: 202
;
204: eeReturn
202
;
204: eeReturn
200
;
202: 2202Call 202(current pc: 202
;
204: eeReturn
202
;
204: eeReturn
200
;
202: 2202Call 202(current pc: 202
;
204: eeReturn
202
;
204: eeReturn
200
;
202: 2202Call 202(current pc: 202
;
204: eeReturn
202
;
204: eeReturn
200
;
202: 2202Call 202(current pc: 202
;
204: eeReturn
202
;
204: eeReturn
200
;
202: 2202Call 202(current pc: 202
;
204: eeReturn
202
;
204: eeReturn
200
;
202: 2202Call 202(current pc: 202
;
204: eeReturn
202
;
204: eeReturn
200
;
202: 2202Call 202(current pc: 202
;
204: eeReturn
202
;
204: eeReturn
200
;
202: 2202Call 202(current pc: 202
;
204: eeReturn
202
;
204: eeReturn
200
;
202: 2202Call 202(current pc: 202
;
204: eeReturn
202
;
204: eeReturn
200
;
202: 2202Call 202(current pc: 202
;
204: eeReturn
202
;
204: eeReturn
200
;
202: 2202Call 202(current pc: 202
;
204: eeReturn
202
;
204: eeReturn
200
;
202: 2202Call 202(current pc: 202
;
204: eeReturn
202
;
204: eeReturn
200
;
202: 2202Call 202(current pc: 202
;
204: eeReturn
202
;
204: eeReturn
200
;
202: 2202Call 202(current pc: 202
;
204: eeReturn
202
;
204: eeReturn
200
;
202: 2202Call 202(current pc: 202
;
204: eeReturn
202
;
204: eeReturn
200
;
202: 2202Call 202(current pc: 202
;
204: eeReturn
202
;
204: eeReturn
200
;
202: 2202Call 202(current pc: 202
;
204: eeReturn
202
;
204: eeReturn
200
;
202: 2202Call 202(current pc: 202
;
204: eeReturn
202
;
204: eeReturn
200
;
202: 2202Call 202(current pc: 202
;
204: eeReturn
202
;
204: eeReturn
200
;
202: 2202Call 202(current pc: 202
;
204: eeReturn
202
;
204: eeReturn
200
;
202: 2202Call 202(current pc: 202
;
204: eeReturn
202
;
204: eeReturn
200
;
202: 2202Call 202(current pc: 202
;
204: eeReturn
202
;
204: eeReturn
200
;
202: 2202Call 202(current pc: 202
;
204: eeReturn
202
;
204: eeReturn
200
;
202: 2202Call 202(current pc: 202
;
204: eeReturn
202
;
204: eeReturn
200
;
202: 2202Call 202(current pc: 202
;
204: eeReturn
202
;
204: eeReturn
200
;
202: 2202Call 202(current pc: 202
;
204: eeReturn
202
;
204: eeReturn
200
;
202: 2202Call 202(current pc: 202
;
204: eeReturn
202
;
204: eeReturn
200
;
202: 2202Call 202(current pc: 202
;
204: eeReturn
202
;
204: eeReturn
200
;
202: 2202Call 202(current pc: 202
;
204: eeReturn
202
;
204: eeReturn
200
;
202: 2202Call 202(current pc: 202
;
204: eeReturn
202
;
204: eeReturn
200
;
202: 2202Call 202(current pc: 202
;
204: eeReturn
202
;
204: eeReturn
200
;
202: 2202Call 202(current pc: 202
;
204: eeReturn
202
;
204: eeReturn
200
;
202: 2202Call 202(current pc: 202
;
204: eeReturn
202
;
204: eeReturn
200
;
202: 2202Call 202(current pc: 202
;
204: eeReturn
202
;
204: eeReturn
200
;
202: 2202Call 202(current pc: 202
;
204: eeReturn
202
;
204: eeReturn
200
;
202: 2202Call 202(current pc: 202
;
204: eeReturn
202
;
204: eeReturn
200
;
202: 2202Call 202(current pc: 202
;
204: eeReturn
202
;
204: eeReturn
200
;
202: 2202Call 202(current pc: 202
;
204: eeReturn
202
;
204: eeReturn
200
;
202: 2202Call 202(current pc: 202
;
204: eeReturn
202
;
204: eeReturn
200
;
202: 2202Call 202(current pc: 202
;
204: eeReturn
202
;
204: eeReturn
200
;
202: 2202Call 202(current pc: 202
;
204: eeReturn
202
;
204: eeReturn
200
;
202: 2202Call 202(current pc: 202
;
204: eeReturn
202
;
204: eeReturn
200
;
202: 2202Call 202(current pc: 202
;
204: eeReturn
202
;
204: eeReturn
200
;
202: 2202Call 202(current pc: 202
;
204: eeReturn
202
;
204: eeReturn
200
;
202: 2202Call 202(current pc: 202
;
204: eeReturn
202
;
204: eeReturn
200
;
202: 2202Call 202(current pc: 202
;
204: eeReturn
202
;
204: eeReturn
200
;
202: 2202Call 202(current pc: 202
;
204: eeReturn
202
;
204: eeReturn
200
;
202: 2202Call 202(current pc: 202
;
204: eeReturn
202
;
204: eeReturn
200
;
202: 2202Call 202(current pc: 202
;
204: eeReturn
202
;
204: eeReturn
200
;
202: 2202Call 202(current pc: 202
;
204: eeReturn
202
;
204: eeReturn
200
;
202: 2202Call 202(current pc: 202
;
204: eeReturn
202
;
204: eeReturn
200
;
202: 2202Call 202(current pc: 202
;
204: eeReturn
202
;
204: eeReturn
200
;
202: 2202Call 202(current pc: 202
;
204: eeReturn
202
;
204: eeReturn
200
;
202: 2202Call 202(current pc: 202
;
204: eeReturn
202
;
204: eeReturn
200
;
202: 2202Call 202(current pc: 202
;
204: eeReturn
202
;
204: eeReturn
200
;
202: 2202Call 202(current pc: 202
;
204: eeReturn
202
;
204: eeReturn
200
;
202: 2202Call 202(current pc: 202
;
204: eeReturn
202
;
204: eeReturn
200
;
202: 2202Call 202(current pc: 202
;
204: eeReturn
202
;
204: eeReturn
200
;
202: 2202Call 202(current pc: 202
;
204: eeReturn
202
;
204: eeReturn
200
;
202: 2202Call 202(current pc: 202
;
204: eeReturn
202
;
204: eeReturn
200
;
202: 2202Call 202(current pc: 202
;
204: eeReturn
202
;
204: eeReturn
200
;
202: 2202Call 202(current pc: 202
;
204: eeReturn
202
;
204: eeReturn
200
;
202: 2202Call 202(current pc: 202
;
204: eeReturn
202
;
204: eeReturn
200
;
202: 2202Call 202(current pc: 202
;
204: eeReturn
202
;
204: eeReturn
200
;
202: 2202Call 202(current pc: 202
;
204: eeReturn
202
;
204: eeReturn
200
;
202: 2202Call 202(current pc: 202
;
204: eeReturn
202
;
204: eeReturn
200
;
202: 2202Call 202(current pc: 202
;
204: eeReturn
202
;
204: eeReturn
200
;
202: 2202Call 202(current pc: 202
;
204: eeReturn
202
;
204: eeReturn
200
;
202: 2202Call 202(current pc: 202
;
204: eeReturn
202
;
204: eeReturn
200
;
202: 2202Call 202(current pc: 202
;
204: eeReturn
202
;
204: eeReturn
200
;
202: 2202Call 202(current pc: 202
;
204: eeReturn
202
;
204: eeReturn
200
;
202: 2202Call 202(current pc: 202
;
204: eeReturn
202
;
204: eeReturn
200
;
202: 2202Call 202(current pc: 202
;
204: eeReturn
202
;
204: eeReturn
200
;
202: 2202Call 202(current pc: 202
;
204: eeReturn
202
;
204: eeReturn
200
;
202: 2202Call 202(current pc: 202
;
204: eeReturn
202
;
204: eeReturn
200
;
202: 2202Call 202(current pc: 202
;
204: eeReturn
202
;
204: eeReturn
200
;
202: 2202Call 202(current pc: 202
;
204: eeReturn
202
;
204: eeReturn
200
;
202: 2202Call 202(current pc: 202
;
204: eeReturn
202
;
204: eeReturn
200
;
202: 2202Call 202(current pc: 202
;
204: eeReturn
202
;
204: eeReturn
200
;
202: 2202Call 202(current pc: 202
;
204: eeReturn
202
;
204: eeReturn
200
;
202: 2202Call 202(current pc: 202
;
204: eeReturn
202
;
204: eeReturn
200
;
202: 2202Call 202(current pc: 202
;
204: eeReturn
202
;
204: eeReturn
200
;
202: 2202Call 202(current pc: 202
;
204: eeReturn
202
;
204: eeReturn
200
;
202: 2202Call 202(current pc: 202
;
204: eeReturn
202
;
204: eeReturn
200
;
202: 2202Call 202(current pc: 202
;
204: eeReturn
202
;
204: eeReturn
200
;
202: 2202Call 202(current pc: 202
;
204: eeReturn
202
;
204: eeReturn
200
;
202: 2202Call 202(current pc: 202
;
204: eeReturn
202
;
204: eeReturn
200
;
202: 2202Call 202(current pc: 202
;
204: eeReturn
202
;
204: eeReturn
200
;
202: 2202Call 202(current pc: 202
;
204: eeReturn
202
;
204: eeReturn
200
;
202: 2202Call 202(current pc: 202
;
204: eeReturn
202
;
204: eeReturn
200
;
202: 2202Call 202(current pc: 202
;
204: eeReturn
202
;
204: eeReturn
200
;
202: 2202Call 202(current pc: 202
;
204: eeReturn
202
;
204: eeReturn
200
;
202: 2202Call 202(current pc: 202
;
204: eeReturn
202
;
204: eeReturn
200
;
202: 2202Call 202(current pc: 202
;
204: eeReturn
202
;
204: eeReturn
200
;
202: 2202Call 202(current pc: 202
;
204: eeReturn
202
;
204: eeReturn
200
;
202: 2202Call 202(current pc: 202
;
204: eeReturn
202
;
204: eeReturn
200
;
202: 2202Call 202(current pc: 202
;
204: eeReturn
202
;
204: eeReturn
200
;
202: 2202Call 202(current pc: 202
;
204: eeReturn
202
;
204: eeReturn
200
;
202: 2202Call 202(current pc: 202
;
204: eeReturn
202
;
204: eeReturn
200
;
202: 2202Call 202(current pc: 202
;
204: eeReturn
202
;
204: eeReturn
200
;
202: 2202Call 202(current pc: 202
;
204: eeReturn
202
;
204: eeReturn
200
;
202: 2202Call 202(current pc: 202
;
204: eeReturn
202
;
204: eeReturn
200
;
202: 2202Call 202(current pc: 202
;
204: eeReturn
202
;
204: eeReturn
200
;
202: 2202Call 202(current pc: 202
;
204: eeReturn
202
;
204: eeReturn
200
;
202: 2202Call 202(current pc: 202
;
204: eeReturn
202
;
204: eeReturn
200
;
202: 2202Call 202(current pc: 202
;
204: eeReturn
202
;
204: eeReturn
200
;
202: 2202Call 202(current pc: 202
;
204: eeReturn
202
;
204: eeReturn
200
;
202: 2202Call 202(current pc: 202
;
204: eeReturn
202
;
204: eeReturn
200
;
202: 2202Call 202(current pc: 202
;
204: eeReturn
202
;
204: eeReturn
200
;
202: 2202Call 202(current pc: 202
;
204: eeReturn
202
;
204: eeReturn
200
;
202: 2202Call 202(current pc: 202
;
204: eeReturn
202
;
204: eeReturn
200
;
202: 2202Call 202(current pc: 202
;
204: eeReturn
202
;
204: eeReturn
200
;
202: 2202Call 202(current pc: 202
;
204: eeReturn
202
;
204: eeReturn
200
;
202: 2202Call 202(current pc: 202
;
204: eeReturn
202
;
204: eeReturn
200
;
202: 2202Call 202(current pc: 202
;
204: eeReturn
202
;
204: eeReturn
200
;
202: 2202Call 202(current pc: 202
;
204: eeReturn
202
;
204: eeReturn
200
;
202: 2202Call 202(current pc: 202
;
204: eeReturn
202
;
204: eeReturn
200
;
202: 2202Call 202(current pc: 202
;
204: eeReturn
202
;
204: eeReturn
200
;
202: 2202Call 202(current pc: 202
;
204: eeReturn
202
;
204: eeReturn
200
;
202: 2202Call 202(current pc: 202
;
204: eeReturn
202
;
204: eeReturn
200
;
202: 2202Call 202(current pc: 202
;
204: eeReturn
202
;
204: eeReturn
200
;
202: 2202Call 202(current pc: 202
;
204: eeReturn
202
;
204: eeReturn
200
;
202: 2202Call 202(current pc: 202
;
204: eeReturn
202
;
204: eeReturn
200
;
202: 2202Call 202(current pc: 202
;
204: eeReturn
202
;
204: eeReturn
200
;
202: 2202Call 202(current pc: 202
;
204: eeReturn
202
;
204: eeReturn
200
;
202: 2202Call 202(current pc: 202
;
204: eeReturn
202
;
204: eeReturn
200
;
202: 2202Call 202(current pc: 202
;
204: eeReturn
202
;
204: eeReturn
200
;
202: 2202Call 202(current pc: 202
;
204: eeReturn
202
;
204: eeReturn
200
;
202: 2202Call 202(current pc: 202
;
204: eeReturn
202
;
204: eeReturn
200
;
202: 2202Call 202(current pc: 202
;
204: eeReturn
202
;
204: eeReturn
200
;
202: 2202Call 202(current pc: 202
;
204: eeReturn
202
;
204: eeReturn
200
;
202: 2202Call 202(current pc: 202
;
204: eeReturn
202
;
204: eeReturn
200
;
202: 2202Call 202(current pc: 202
;
204: eeReturn
202
;
204: eeReturn
200
;
202: 2202Call 202(current pc: 202
;
204: eeReturn
202
;
204: eeReturn
200
;
202: 2202Call 202(current pc: 202
;
204: eeReturn
202
;
204: eeReturn
200
;
202: 2202Call 202(current pc: 202
;
204: eeReturn
202
;
204: eeReturn
200
;
202: 2202Call 202(current pc: 202
;
204: eeReturn
202
;
204: eeReturn
200
;
202: 2202Call 202(current pc: 202
;
204: eeReturn
202
;
204: eeReturn
200
;
202: 2202Call 202(current pc: 202
;
204: eeReturn
202
;
204: eeReturn
200
;
202: 2202Call 202(current pc: 202
;
204: eeReturn
202
;
204: eeReturn
200
;
202: 2202Call 202(current pc: 202
;
204: eeReturn
202
;
204: eeReturn
200
;
202: 2202Call 202(current pc: 202
;
204: eeReturn
202
;
204: eeReturn
200
;
202: 2202Call 202(current pc: 202
;
204: eeReturn
202
;
204: eeReturn
200
;
202: 2202Call 202(current pc: 202
;
204: eeReturn
202
;
204: eeReturn
200
;
202: 2202Call 202(current pc: 202
;
204: eeReturn
202
;
204: eeReturn
200
;
202: 2202Call 202(current pc: 202
;
204: eeReturn
202
;
204: eeReturn
200
;
202: 2202Call 202(current pc: 202
;
204: eeReturn
202
;
204: eeReturn
200
;
202: 2202Call 202(current pc: 202
;
204: eeReturn
202
;
204: eeReturn
200
;
202: 2202Call 202(current pc: 202
;
204: eeReturn
202
;
204: eeReturn
200
;
202: 2202Call 202(current pc: 202
;
204: eeReturn
202
;
204: eeReturn
200
;
202: 2202Call 202(current pc: 202
;
204: eeReturn
202
;
204: eeReturn
200
;
202: 2202Call 202(current pc: 202
;
204: eeReturn
202
;
204: eeReturn
200
;
202: 2202Call 202(current pc: 202
;
204: eeReturn
202
;
204: eeReturn
200
;
202: 2202Call 202(current pc: 202
;
204: eeReturn
202
;
204: eeReturn
200
;
202: 2202Call 202(current pc: 202
;
204: eeReturn
202
;
204: eeReturn
200
;
202: 2202Call 202(current pc: 202
;
204: eeReturn
202
;
204: eeReturn
200
;
202: 2202Call 202(current pc: 202
;
204: eeReturn
202
;
204: eeReturn
200
;
202: 2202Call 202(current pc: 202
;
204: eeReturn
202
;
204: eeReturn
200
;
202: 2202Call 202(current pc: 202
;
204: eeReturn
202
;
204: eeReturn
200
;
202: 2202Call 202(current pc: 202
;
204: eeReturn
202
;
204: eeReturn
200
;
202: 2202Call 202(current pc: 202
;
204: eeReturn
202
;
204: eeReturn
200
;
202: 2202Call 202(current pc: 202
;
204: eeReturn
202
;
204: eeReturn
200
;
202: 2202Call 202(current pc: 202
;
204: eeReturn
202
;
204: eeReturn
200
;
202: 2202Call 202(current pc: 202
;
204: eeReturn
202
;
204: eeReturn
200
;
202: 2202Call 202(current pc: 202
;
204: eeReturn
202
;
204: eeReturn
200
;
202: 2202Call 202(current pc: 202
;
204: eeReturn
202
;
204: eeReturn
200
;
202: 2202Call 202(current pc: 202
;
204: eeReturn
202
;
204: eeReturn
200
;
202: 2202Call 202(current pc: 202
;
204: eeReturn
202
;
204: eeReturn
200
;
202: 2202Call 202(current pc: 202
;
204: eeReturn
202
;
204: eeReturn
200
;
202: 2202Call 202(current pc: 202
;
204: eeReturn
202
;
204: eeReturn
200
;
202: 2202Call 202(current pc: 202
;
204: eeReturn
202
;
204: eeReturn
200
;
202: 2202Call 202(current pc: 202
;
204: eeReturn
202
;
204: eeReturn
200
;
202: 2202Call 202(current pc: 202
;
204: eeReturn
202
;
204: eeReturn
200
;
202: 2202Call 202(current pc: 202
;
204: eeReturn
202
;
204: eeReturn
200
;
202: 2202Call 202(current pc: 202
;
204: eeReturn
202
;
204: eeReturn
200
;
202: 2202Call 202(current pc: 202
;
204: eeReturn
202
;
204: eeReturn
200
;
202: 2202Call 202(current pc: 202
;
204: eeReturn
202
;
204: eeReturn
200
;
202: 2202Call 202(current pc: 202
;
204: eeReturn
202
;
204: eeReturn
200
;
202: 2202Call 202(current pc: 202
;
204: eeReturn
202
;
204: eeReturn
200
;
202: 2202Call 202(current pc: 202
;
204: eeReturn
202
;
204: eeReturn
200
;
202: 2202Call 202(current pc: 202
;
204: eeReturn
202
;
204: eeReturn
200
;
202: 2202Call 202(current pc: 202
;
204: eeReturn
202
;
204: eeReturn
200
;
202: 2202Call 202(current pc: 202
;
204: eeReturn
202
;
204: eeReturn
200
;
202: 2202Call 202(current pc: 202
;
204: eeReturn
202
;
204: eeReturn
200
;
202: 2202Call 202(current pc: 202
;
204: eeReturn
202
;
204: eeReturn
200
;
202: 2202Call 202(current pc: 202
;
204: eeReturn
202
;
204: eeReturn
200
;
202: 2202Call 202(current pc: 202
;
204: eeReturn
202
;
204: eeReturn
200
;
202: 2202Call 202(current pc: 202
;
204: eeReturn
202
;
204: eeReturn
200
;
202: 2202Call 202(current pc: 202
;
204: eeReturn
202
;
204: eeReturn
200
;
202: 2202Call 202(current pc: 202
;
204: eeReturn
202
;
204: eeReturn
200
;
202: 2202Call 202(current pc: 202
;
204: eeReturn
202
;
204: eeReturn
200
;
202: 2202Call 202(current pc: 202
;
204: eeReturn
202
;
204: eeReturn
200
;
202: 2202Call 202(current pc: 202
;
204: eeReturn
202
;
204: eeReturn
200
;
202: 2202Call 202(current pc: 202
;
204: eeReturn
202
;
204: eeReturn
200
;
202: 2202Call 202(current pc: 202
;
204: eeReturn
202
;
204: eeReturn
200
;
202: 2202Call 202(current pc: 202
;
204: eeReturn
202
;
204: eeReturn
200
;
202: 2202Call 202(current pc: 202
;
204: eeReturn
202
;
204: eeReturn
200
;
202: 2202Call 202(current pc: 202
;
204: eeReturn
202
;
204: eeReturn
200
;
202: 2202Call 202(current pc: 202
;
204: eeReturn
202
;
204: eeReturn
200
;
202: 2202Call 202(current pc: 202
;
204: eeReturn
202
;
204: eeReturn
200
;
202: 2202Call 202(current pc: 202
;
204: eeReturn
202
;
204: eeReturn
200
;
202: 2202Call 202(current pc: 202
;
204: eeReturn
202
;
204: eeReturn
200
;
202: 2202Call 202(current pc: 202
;
204: eeReturn
202
;
204: eeReturn
200
;
202: 2202Call 202(current pc: 202
;
204: eeReturn
202
;
204: eeReturn
200
;
202: 2202Call 202(current pc: 202
;
204: eeReturn
202
;
204: eeReturn
200
;
202: 2202Call 202(current pc: 202
;
204: eeReturn
202
;
204: eeReturn
200
;
202: 2202Call 202(current pc: 202
;
204: eeReturn
202
;
204: eeReturn
200
;
202: 2202Call 202(current pc: 202
;
204: eeReturn
202
;
204: eeReturn
200
;
202: 2202Call 202(current pc: 202
;
204: eeReturn
202
;
204: eeReturn
200
;
202: 2202Call 202(current pc: 202
;
204: eeReturn
202
;
204: eeReturn
200
;
202: 2202Call 202(current pc: 202
;
204: eeReturn
202
;
204: eeReturn
200
;
202: 2202Call 202(current pc: 202
;
204: eeReturn
202
;
204: eeReturn
200
;
202: 2202Call 202(current pc: 202
;
204: eeReturn
202
;
204: eeReturn
200
;
202: 2202Call 202(current pc: 202
;
204: eeReturn
202
;
204: eeReturn
200
;
202: 2202Call 202(current pc: 202
;
204: eeReturn
202
;
204: eeReturn
200
;
202: 2202Call 202(current pc: 202
;
204: eeReturn
202
;
204: eeReturn
200
;
202: 2202Call 202(current pc: 202
;
204: eeReturn
202
;
204: eeReturn
200
;
202: 2202Call 202(current pc: 202
;
204: eeReturn
202
;
204: eeReturn
200
;
202: 2202Call 202(current pc: 202
;
204: eeReturn
202
;
204: eeReturn
200
;
202: 2202Call 202(current pc: 202
;
204: eeReturn
202
;
204: eeReturn
200
;
202: 2202Call 202(current pc: 202
;
204: eeReturn
202
;
204: eeReturn
200
;
202: 2202Call 202(current pc: 202
;
204: eeReturn
202
;
204: eeReturn
200
;
202: 2202Call 202(current pc: 202
;
204: eeReturn
202
;
204: eeReturn
200
;
202: 2202Call 202(current pc: 202
;
204: eeReturn
202
;
204: eeReturn
200
;
202: 2202Call 202(current pc: 202
;
204: eeReturn
202
;
204: eeReturn
200
;
202: 2202Call 202(current pc: 202
;
204: eeReturn
202
;
204: eeReturn
200
;
202: 2202Call 202(current pc: 202
;
204: eeReturn
202
;
204: eeReturn
200
;
202: 2202Call 202(current pc: 202
;
204: eeReturn
202
;
204: eeReturn
200
;
202: 2202Call 202(current pc: 202
;
204: eeReturn
202
;
204: eeReturn
200
;
202: 2202Call 202(current pc: 202
;
204: eeReturn
202
;
204: eeReturn
200
;
202: 2202Call 202(current pc: 202
;
204: eeReturn
202
;
204: eeReturn
200
;
202: 2202Call 202(current pc: 202
;
204: eeReturn
202
;
204: eeReturn
200
;
202: 2202Call 202(current pc: 202
;
204: eeReturn
202
;
204: eeReturn
200
;
202: 2202Call 202(current pc: 202
;
204: eeReturn
202
;
204: eeReturn
200
;
202: 2202Call 202(current pc: 202
;
204: eeReturn
202
;
204: eeReturn
200
;
202: 2202Call 202(current pc: 202
;
204: eeReturn
202
;
204: eeReturn
200
;
202: 2202Call 202(current pc: 202
;
204: eeReturn
202
;
204: eeReturn
200
;
202: 2202Call 202(current pc: 202
;
204: eeReturn
202
;
204: eeReturn
200
;
202: 2202Call 202(current pc: 202
;
204: eeReturn
202
;
204: eeReturn
200
;
202: 2202Call 202(current pc: 202
;
204: eeReturn
202
;
204: eeReturn
200
;
202: 2202Call 202(current pc: 202
;
204: eeReturn
202
;
204: eeReturn
200
;
202: 2202Call 202(current pc: 202
;
204: eeReturn
202
;
204: eeReturn
200
;
202: 2202Call 202(current pc: 202
;
204: eeReturn
202
;
204: eeReturn
200
;
202: 2202Call 202(current pc: 202
;
204: eeReturn
202
;
204: eeReturn
200
;
202: 2202Call 202(current pc: 202
;
204: eeReturn
202
;
204: eeReturn
200
;
202: 2202Call 202(current pc: 202
;
204: eeReturn
202
;
204: eeReturn
200
;
202: 2202Call 202(current pc: 202
;
204: eeReturn
202
;
204: eeReturn
200
;
202: 2202Call 202(current pc: 202
;
204: eeReturn
202
;
204: eeReturn
200
;
202: 2202Call 202(current pc: 202
;
204: eeReturn
202
;
204: eeReturn
200
;
202: 2202Call 202(current pc: 202
;
204: eeReturn
202
;
204: eeReturn
200
;
202: 2202Call 202(current pc: 202
;
204: eeReturn
202
;
204: eeReturn
200
;
202: 2202Call 202(current pc: 202
;
204: eeReturn
202
;
204: eeReturn
200
;
202: 2202Call 202(current pc: 202
;
204: eeReturn
202
;
204: eeReturn
200
;
202: 2202Call 202(current pc: 202
;
204: eeReturn
202
;
204: eeReturn
200
;
202: 2202Call 202(current pc: 202
;
204: eeReturn
202
;
204: eeReturn
200
;
202: 2202Call 202(current pc: 202
;
204: eeReturn
202
;
204: eeReturn
200
;
202: 2202Call 202(current pc: 202
;
204: eeReturn
202
;
204: eeReturn
200
;
202: 2202Call 202(current pc: 202
;
204: eeReturn
202
;
204: eeReturn
200
;
202: 2202Call 202(current pc: 202
;
204: eeReturn
202
;
204: eeReturn
200
;
202: 2202Call 202(current pc: 202
;
204: eeReturn
202
;
204: eeReturn
200
;
202: 2202Call 202(current pc: 202
;
204: eeReturn
202
;
204: eeReturn
200
;
202: 2202Call 202(current pc: 202
;
204: eeReturn
202
;
204: eeReturn
200
;
202: 2202Call 202(current pc: 202
;
204: eeReturn
202
;
204: eeReturn
200
;
202: 2202Call 202(current pc: 202
;
204: eeReturn
202
;
204: eeReturn
200
;
202: 2202Call 202(current pc: 202
;
204: eeReturn
202
;
204: eeReturn
200
;
202: 2202Call 202(current pc: 202
;
204: eeReturn
202
;
204: eeReturn
200
;
202: 2202Call 202(current pc: 202
;
204: eeReturn
202
;
204: eeReturn
200
;
202: 2202Call 202(current pc: 202
;
204: eeReturn
202
;
204: eeReturn
200
;
202: 2202Call 202(current pc: 202
;
204: eeReturn
202
;
204: eeReturn
200
;
202: 2202Call 202(current pc: 202
;
204: eeReturn
202
;
204: eeReturn
200
;
202: 2202Call 202(current pc: 202
;
204: eeReturn
202
;
204: eeReturn
200
;
202: 2202Call 202(current pc: 202
;
204: eeReturn
202
;
204: eeReturn
200
;
202: 2202Call 202(current pc: 202
;
204: eeReturn
202
;
204: eeReturn
200
;
202: 2202Call 202(current pc: 202
;
204: eeReturn
202
;
204: eeReturn
200
;
202: 2202Call 202(current pc: 202
;
204: eeReturn
202
;
204: eeReturn
200
;
202: 2202Call 202(current pc: 202
;
204: eeReturn
202
;
204: eeReturn
200
;
202: 2202Call 202(current pc: 202
;
204: eeReturn
202
;
204: eeReturn
200
;
202: 2202Call 202(current pc: 202
;
204: eeReturn
202
;
204: eeReturn
200
;
202: 2202Call 202(current pc: 202
;
204: eeReturn
202
;
204: eeReturn
200
;
202: 2202Call 202(current pc: 202
;
204: eeReturn
202
;
204: eeReturn
200
;
202: 2202Call 202(current pc: 202
;
204: eeReturn
202
;
204: eeReturn
200
;
202: 2202Call 202(current pc: 202
;
204: eeReturn
202
;
204: eeReturn
200
;
202: 2202Call 202(current pc: 202
;
204: eeReturn
202
;
204: eeReturn
200
;
202: 2202Call 202(current pc: 202
;
204: eeReturn
202
;
204: eeReturn
200
;
202: 2202Call 202(current pc: 202
;
204: eeReturn
202
;
204: eeReturn
200
;
202: 2202Call 202(current pc: 202
;
204: eeReturn
202
;
204: eeReturn
200
;
202: 2202Call 202(current pc: 202
;
204: eeReturn
202
;
204: eeReturn
200
;
202: 2202Call 202(current pc: 202
;
204: eeReturn
202
;
204: eeReturn
200
;
202: 2202Call 202(current pc: 202
;
204: eeReturn
202
;
204: eeReturn
200
;
202: 2202Call 202(current pc: 202
;
204: eeReturn
202
;
204: eeReturn
200
;
202: 2202Call 202(current pc: 202
;
204: eeReturn
202
;
204: eeReturn
200
;
202: 2202Call 202(current pc: 202
;
204: eeReturn
202
;
204: eeReturn
200
;
202: 2202Call 202(current pc: 202
;
204: eeReturn
202
;
204: eeReturn
200
;
202: 2202Call 202(current pc: 202
;
204: eeReturn
202
;
204: eeReturn
200
;
202: 2202Call 202(current pc: 202
;
204: eeReturn
202
;
204: eeReturn
200
;
202: 2202Call 202(current pc: 202
;
204: eeReturn
202
;
204: eeReturn
200
;
202: 2202Call 202(current pc: 202
;
204: eeReturn
202
;
204: eeReturn
200
;
202: 2202Call 202(current pc: 202
;
204: eeReturn
202
;
204: eeReturn
200
;
202: 2202Call 202(current pc: 202
;
204: eeReturn
202
;
204: eeReturn
200
;
202: 2202Call 202(current pc: 202
;
204: eeReturn
202
;
204: eeReturn
200
;
202: 2202Call 202(current pc: 202
;
204: eeReturn
202
;
204: eeReturn
200
;
202: 2202Call 202(current pc: 202
;
204: eeReturn
202
;
204: eeReturn
200
;
202: 2202Call 202(current pc: 202
;
204: eeReturn
202
;
204: eeReturn
200
;
202: 2202Call 202(current pc: 202
;
204: eeReturn
202
;
204: eeReturn
200
;
202: 2202Call 202(current pc: 202
;
204: eeReturn
202
;
204: eeReturn
200
;
202: 2202Call 202(current pc: 202
;
204: eeReturn
202
;
204: eeReturn
200
;
202: 2202Call 202(current pc: 202
;
204: eeReturn
202
;
204: eeReturn
200
;
202: 2202Call 202(current pc: 202
;
204: eeReturn
202
;
204: eeReturn
200
;
202: 2202Call 202(current pc: 202
;
204: eeReturn
202
;
204: eeReturn
200
;
202: 2202Call 202(current pc: 202
;
204: eeReturn
202
;
204: eeReturn
200
;
202: 2202Call 202(current pc: 202
;
204: eeReturn
202
;
204: eeReturn
200
;
202: 2202Call 202(current pc: 202
;
204: eeReturn
202
;
204: eeReturn
200
;
202: 2202Call 202(current pc: 202
;
204: eeReturn
202
;
204: eeReturn
200
;
202: 2202Call 202(current pc: 202
;
204: eeReturn
202
;
204: eeReturn
200
;
202: 2202Call 202(current pc: 202
;
204: eeReturn
202
;
204: eeReturn
200
;
202: 2202Call 202(current pc: 202
;
204: eeReturn
202
;
204: eeReturn
200
;
202: 2202Call 202(current pc: 202
;
204: eeReturn
202
;
204: eeReturn
200
;
202: 2202Call 202(current pc: 202
;
204: eeReturn
202
;
204: eeReturn
200
;
202: 2202Call 202(current pc: 202
;
204: eeReturn
202
;
204: eeReturn
200
;
202: 2202Call 202(current pc: 202
;
204: eeReturn
202
;
204: eeReturn
200
;
202: 2202Call 202(current pc: 202
;
204: eeReturn
202
;
204: eeReturn
200
;
202: 2202Call 202(current pc: 202
;
204: eeReturn
202
;
204: eeReturn
200
;
202: 2202Call 202(current pc: 202
;
204: eeReturn
202
;
204: eeReturn
200
;
202: 2202Call 202(current pc: 202
;
204: eeReturn
202
;
204: eeReturn
200
;
202: 2202Call 202(current pc: 202
;
204: eeReturn
202
;
204: eeReturn
200
;
202: 2202Call 202(current pc: 202
;
204: eeReturn
202
;
204: eeReturn
200
;
202: 2202Call 202(current pc: 202
;
204: eeReturn
202
;
204: eeReturn
200
;
202: 2202Call 202(current pc: 202
;
204: eeReturn
202
;
204: eeReturn
200
;
202: 2202Call 202(current pc: 202
;
204: eeReturn
202
;
204: eeReturn
200
;
202: 2202Call 202(current pc: 202
;
204: eeReturn
202
;
204: eeReturn
200
;
202: 2202Call 202(current pc: 202
;
204: eeReturn
202
;
204: eeReturn
200
;
202: 2202Call 202(current pc: 202
;
204: eeReturn
202
;
204: eeReturn
200
;
202: 2202Call 202(current pc: 202
;
204: eeReturn
202
;
204: eeReturn
200
;
202: 2202Call 202(current pc: 202
;
204: eeReturn
202
;
204: eeReturn
200
;
202: 2202Call 202(current pc: 202
;
204: eeReturn
202
;
204: eeReturn
200
;
202: 2202Call 202(current pc: 202
;
204: eeReturn
202
;
204: eeReturn
200
;
202: 2202Call 202(current pc: 202
;
204: eeReturn
202
;
204: eeReturn
200
;
202: 2202Call 202(current pc: 202
;
204: eeReturn
202
;
204: eeReturn
200
;
202: 2202Call 202(current pc: 202
;
204: eeReturn
202
;
204: eeReturn
200
;
202: 2202Call 202(current pc: 202
;
204: eeReturn
202
;
204: eeReturn
200
;
202: 2202Call 202(current pc: 202
;
204: eeReturn
202
;
204: eeReturn
200
;
202: 2202Call 202(current pc: 202
;
204: eeReturn
202
;
204: eeReturn
200
;
202: 2202Call 202(current pc: 202
;
204: eeReturn
202
;
204: eeReturn
200
;
202: 2202Call 202(current pc: 202
;
204: eeReturn
202
;
204: eeReturn
200
;
202: 2202Call 202(current pc: 202
;
204: eeReturn
202
;
204: eeReturn
200
;
202: 2202Call 202(current pc: 202
;
204: eeReturn
202
;
204: eeReturn
200
;
202: 2202Call 202(current pc: 202
;
204: eeReturn
202
;
204: eeReturn
200
;
202: 2202Call 202(current pc: 202
;
204: eeReturn
202
;
204: eeReturn
200
;
202: 2202Call 202(current pc: 202
;
204: eeReturn
202
;
204: eeReturn
200
;
202: 2202Call 202(current pc: 202
;
204: eeReturn
202
;
204: eeReturn
200
;
202: 2202Call 202(current pc: 202
;
204: eeReturn
202
;
204: eeReturn
200
;
202: 2202Call 202(current pc: 202
;
204: eeReturn
202
;
204: eeReturn
200
;
202: 2202Call 202(current pc: 202
;
204: eeReturn
202
;
204: eeReturn
200
;
202: 2202Call 202(current pc: 202
;
204: eeReturn
202
;
204: eeReturn
200
;
202: 2202Call 202(current pc: 202
;
204: eeReturn
202
;
204: eeReturn
200
;
202: 2202Call 202(current pc: 202
;
204: eeReturn
202
;
204: eeReturn
200
;
202: 2202Call 202(current pc: 202
;
204: eeReturn
202
;
204: eeReturn
200
;
202: 2202Call 202(current pc: 202
;
204: eeReturn
202
;
204: eeReturn
200
;
202: 2202Call 202(current pc: 202
;
204: eeReturn
202
;
204: eeReturn
200
;
202: 2202Call 202(current pc: 202
;
204: eeReturn
202
;
204: eeReturn
200
;
202: 2202Call 202(current pc: 202
;
204: eeReturn
202
;
204: eeReturn
200
;
202: 2202Call 202(current pc: 202
;
204: eeReturn
202
;
204: eeReturn
200
;
202: 2202Call 202(current pc: 202
;
204: eeReturn
202
;
204: eeReturn
200
;
202: 2202Call 202(current pc: 202
;
204: eeReturn
202
;
204: eeReturn
200
;
202: 2202Call 202(current pc: 202
;
204: eeReturn
202
;
204: eeReturn
200
;
202: 2202Call 202(current pc: 202
;
204: eeReturn
202
;
204: eeReturn
200
;
202: 2202Call 202(current pc: 202
;
204: eeReturn
202
;
204: eeReturn
200
;
202: 2202Call 202(current pc: 202
;
204: eeReturn
202
;
204: eeReturn
200
;
202: 2202Call 202(current pc: 202
;
204: eeReturn
202
;
204: eeReturn
200
;
202: 2202Call 202(current pc: 202
;
204: eeReturn
202
;
204: eeReturn
200
;
202: 2202Call 202(current pc: 202
;
204: eeReturn
202
;
204: eeReturn
200
;
202: 2202Call 202(current pc: 202
;
204: eeReturn
202
;
204: eeReturn
200
;
202: 2202Call 202(current pc: 202
;
204: eeReturn
202
;
204: eeReturn
200
;
202: 2202Call 202(current pc: 202
;
204: eeReturn
202
;
204: eeReturn
200
;
202: 2202Call 202(current pc: 202
;
204: eeReturn
202
;
204: eeReturn
200
;
202: 2202Call 202(current pc: 202
;
204: eeReturn
202
;
204: eeReturn
200
;
202: 2202Call 202(current pc: 202
;
204: eeReturn
202
;
204: eeReturn
200
;
202: 2202Call 202(current pc: 202
;
204: eeReturn
202
;
204: eeReturn
200
;
202: 2202Call 202(current pc: 202
;
204: eeReturn
202
;
204: eeReturn
200
;
202: 2202Call 202(current pc: 202
;
204: eeReturn
202
;
204: eeReturn
200
;
202: 2202Call 202(current pc: 202
;
204: eeReturn
202
;
204: eeReturn
200
;
202: 2202Call 202(current pc: 202
;
204: eeReturn
202
;
204: eeReturn
200
;
202: 2202Call 202(current pc: 202
;
204: eeReturn
202
;
204: eeReturn
200
;
202: 2202Call 202(current pc: 202
;
204: eeReturn
202
;
204: eeReturn
200
;
202: 2202Call 202(current pc: 202
;
204: eeReturn
202
;
204: eeReturn
200
;
202: 2202Call 202(current pc: 202
;
204: eeReturn
202
;
204: eeReturn
200
;
202: 2202Call 202(current pc: 202
;
204: eeReturn
202
;
204: eeReturn
200
;
202: 2202Call 202(current pc: 202
;
204: eeReturn
202
;
204: eeReturn
200
;
202: 2202Call 202(current pc: 202
;
204: eeReturn
202
;
204: eeReturn
200
;
202: 2202Call 202(current pc: 202
;
204: eeReturn
202
;
204: eeReturn
200
;
202: 2202Call 202(current pc: 202
;
204: eeReturn
202
;
204: eeReturn
200
;
202: 2202Call 202(current pc: 202
;
204: eeReturn
202
;
204: eeReturn
200
;
202: 2202Call 202(current pc: 202
;
204: eeReturn
202
;
204: eeReturn
200
;
202: 2202Call 202(current pc: 202
;
204: eeReturn
202
;
204: eeReturn
200
;
202: 2202Call 202(current pc: 202
;
204: eeReturn
202
;
204: eeReturn
200
;
202: 2202Call 202(current pc: 202
;
204: eeReturn
202
;
204: eeReturn
200
;
202: 2202Call 202(current pc: 202
;
204: eeReturn
202
;
204: eeReturn
200
;
202: 2202Call 202(current pc: 202
;
204: eeReturn
202
;
204: eeReturn
200
;
202: 2202Call 202(current pc: 202
;
204: eeReturn
202
;
204: eeReturn
200
;
202: 2202Call 202(current pc: 202
;
204: eeReturn
202
;
204: eeReturn
200
;
202: 2202Call 202(current pc: 202
;
204: eeReturn
202
;
204: eeReturn
200
;
202: 2202Call 202(current pc: 202
;
204: eeReturn
202
;
204: eeReturn
200
;
202: 2202Call 202(current pc: 202
;
204: eeReturn
202
;
204: eeReturn
200
;
202: 2202Call 202(current pc: 202
;
204: eeReturn
202
;
204: eeReturn
200
;
202: 2202Call 202(current pc: 202
;
204: eeReturn
202
;
204: eeReturn
200
;
202: 2202Call 202(current pc: 202
;
204: eeReturn
202
;
204: eeReturn
200
;
202: 2202Call 202(current pc: 202
;
204: eeReturn
202
;
204: eeReturn
200
;
202: 2202Call 202(current pc: 202
;
204: eeReturn
202
;
204: eeReturn
200
;
202: 2202Call 202(current pc: 202
;
204: eeReturn
202
;
204: eeReturn
200
;
202: 2202Call 202(current pc: 202
;
204: eeReturn
202
;
204: eeReturn
200
;
202: 2202Call 202(current pc: 202
;
204: eeReturn
202
;
204: eeReturn
200
;
202: 2202Call 202(current pc: 202
;
204: eeReturn
202
;
204: eeReturn
200
;
202: 2202Call 202(current pc: 202
;
204: eeReturn
202
;
204: eeReturn
200
;
202: 2202Call 202(current pc: 202
;
204: eeReturn
202
;
204: eeReturn
200
;
202: 2202Call 202(current pc: 202
;
204: eeReturn
202
;
204: eeReturn
200
;
202: 2202Call 202(current pc: 202
;
204: eeReturn
202
;
204: eeReturn
200
;
202: 2202Call 202(current pc: 202
;
204: eeReturn
202
;
204: eeReturn
200
;
202: 2202Call 202(current pc: 202
;
204: eeReturn
202
;
204: eeReturn
200
;
202: 2202Call 202(current pc: 202
;
204: eeReturn
202
;
204: eeReturn
200
;
202: 2202Call 202(current pc: 202
;
204: eeReturn
202
;
204: eeReturn
200
;
202: 2202Call 202(current pc: 202
;
204: eeReturn
202
;
204: eeReturn
200
;
202: 2202Call 202(current pc: 202
;
204: eeReturn
202
;
204: eeReturn
200
;
202: 2202Call 202(current pc: 202
;
204: eeReturn
202
;
204: eeReturn
200
;
202: 2202Call 202(current pc: 202
;
204: eeReturn
202
;
204: eeReturn
200
;
202: 2202Call 202(current pc: 202
;
204: eeReturn
202
;
204: eeReturn
200
;
202: 2202Call 202(current pc: 202
;
204: eeReturn
202
;
204: eeReturn
200
;
202: 2202Call 202(current pc: 202
;
204: eeReturn
202
;
204: eeReturn
200
;
202: 2202Call 202(current pc: 202
;
204: eeReturn
202
;
204: eeReturn
200
;
202: 2202Call 202(current pc: 202
;
204: eeReturn
202
;
204: eeReturn
200
;
202: 2202Call 202(current pc: 202
;
204: eeReturn
202
;
204: eeReturn
200
;
202: 2202Call 202(current pc: 202
;
204: eeReturn
202
;
204: eeReturn
200
;
202: 2202Call 202(current pc: 202
;
204: eeReturn
202
;
204: eeReturn
200
;
202: 2202Call 202(current pc: 202
;
204: eeReturn
202
;
204: eeReturn
200
;
202: 2202Call 202(current pc: 202
;
204: eeReturn
202
;
204: eeReturn
200
;
202: 2202Call 202(current pc: 202
;
204: eeReturn
202
;
204: eeReturn
200
;
202: 2202Call 202(current pc: 202
;
204: eeReturn
202
;
204: eeReturn
200
;
202: 2202Call 202(current pc: 202
;
204: eeReturn
202
;
204: eeReturn
200
;
202: 2202Call 202(current pc: 202
;
204: eeReturn
202
;
204: eeReturn
200
;
202: 2202Call 202(current pc: 202
;
204: eeReturn
202
;
204: eeReturn
200
;
202: 2202Call 202(current pc: 202
;
204: eeReturn
202
;
204: eeReturn
200
;
202: 2202Call 202(current pc: 202
;
204: eeReturn
202
;
204: eeReturn
200
;
202: 2202Call 202(current pc: 202
;
204: eeReturn
202
;
204: eeReturn
200
;
202: 2202Call 202(current pc: 202
;
204: eeReturn
202
;
204: eeReturn
200
;
202: 2202Call 202(current pc: 202
;
204: eeReturn
202
;
204: eeReturn
200
;
202: 2202Call 202(current pc: 202
;
204: eeReturn
202
;
204: eeReturn
200
;
202: 2202Call 202(current pc: 202
;
204: eeReturn
202
;
204: eeReturn
200
;
202: 2202Call 202(current pc: 202
;
204: eeReturn
202
;
204: eeReturn
200
;
202: 2202Call 202(current pc: 202
;
204: eeReturn
202
;
204: eeReturn
200
;
202: 2202Call 202(current pc: 202
;
204: eeReturn
202
;
204: eeReturn
200
;
202: 2202Call 202(current pc: 202
;
204: eeReturn
202
;
204: eeReturn
200
;
202: 2202Call 202(current pc: 202
;
204: eeReturn
202
;
204: eeReturn
200
;
202: 2202Call 202(current pc: 202
;
204: eeReturn
202
;
204: eeReturn
200
;
202: 2202Call 202(current pc: 202
;
204: eeReturn
202
;
204: eeReturn
200
;
202: 2202Call 202(current pc: 202
;
204: eeReturn
202
;
204: eeReturn
200
;
202: 2202Call 202(current pc: 202
;
204: eeReturn
202
;
204: eeReturn
200
;
202: 2202Call 202(current pc: 202
;
204: eeReturn
202
;
204: eeReturn
200
;
202: 2202Call 202(current pc: 202
;
204: eeReturn
202
;
204: eeReturn
200
;
202: 2202Call 202(current pc: 202
;
204: eeReturn
202
;
204: eeReturn
200
;
202: 2202Call 202(current pc: 202
;
204: eeReturn
202
;
204: eeReturn
200
;
202: 2202Call 202(current pc: 202
;
204: eeReturn
202
;
204: eeReturn
200
;
202: 2202Call 202(current pc: 202
;
204: eeReturn
202
;
204: eeReturn
200
;
202: 2202Call 202(current pc: 202
;
204: eeReturn
202
;
204: eeReturn
200
;
202: 2202Call 202(current pc: 202
;
204: eeReturn
202
;
204: eeReturn
200
;
202: 2202Call 202(current pc: 202
;
204: eeReturn
202
;
204: eeReturn
200
;
202: 2202Call 202(current pc: 202
;
204: eeReturn
202
;
204: eeReturn
200
;
202: 2202Call 202(current pc: 202
;
204: eeReturn
202
;
204: eeReturn
200
;
202: 2202Call 202(current pc: 202
;
204: eeReturn
202
;
204: eeReturn
200
;
202: 2202Call 202(current pc: 202
;
204: eeReturn
202
;
204: eeReturn
200
;
202: 2202Call 202(current pc: 202
;
204: eeReturn
202
;
204: eeReturn
200
;
202: 2202Call 202(current pc: 202
;
204: eeReturn
202
;
204: eeReturn
200
;
202: 2202Call 202(current pc: 202
;
204: eeReturn
202
;
204: eeReturn
200
;
202: 2202Call 202(current pc: 202
;
204: eeReturn
202
;
204: eeReturn
200
;
202: 2202Call 202(current pc: 202
;
204: eeReturn
202
;
204: eeReturn
200
;
202: 2202Call 202(current pc: 202
;
204: eeReturn
202
;
204: eeReturn
200
;
202: 2202Call 202(current pc: 202
;
204: eeReturn
202
;
204: eeReturn
200
;
202: 2202Call 202(current pc: 202
;
204: eeReturn
202
;
204: eeReturn
200
;
202: 2202Call 202(current pc: 202
;
204: eeReturn
202
;
204: eeReturn
200
;
202: 2202Call 202(current pc: 202
;
204: eeReturn
202
;
204: eeReturn
200
;
202: 2202Call 202(current pc: 202
;
204: eeReturn
202
;
204: eeReturn
200
;
202: 2202Call 202(current pc: 202
;
204: eeReturn
202
;
204: eeReturn
200
;
202: 2202Call 202(current pc: 202
;
204: eeReturn
202
;
204: eeReturn
200
;
202: 2202Call 202(current pc: 202
;
204: eeReturn
202
;
204: eeReturn
200
;
202: 2202Call 202(current pc: 202
;
204: eeReturn
202
;
204: eeReturn
200
;
202: 2202Call 202(current pc: 202
;
204: eeReturn
202
;
204: eeReturn
200
;
202: 2202Call 202(current pc: 202
;
204: eeReturn
202
;
204: eeReturn
200
;
202: 2202Call 202(current pc: 202
;
204: eeReturn
202
;
204: eeReturn
200
;
202: 2202Call 202(current pc: 202
;
204: eeReturn
202
;
204: eeReturn
200
;
202: 2202Call 202(current pc: 202
;
204: eeReturn
202
;
204: eeReturn
200
;
202: 2202Call 202(current pc: 202
;
204: eeReturn
202
;
204: eeReturn
200
;
202: 2202Call 202(current pc: 202
;
204: eeReturn
202
;
204: eeReturn
200
;
202: 2202Call 202(current pc: 202
;
204: eeReturn
202
;
204: eeReturn
200
;
202: 2202Call 202(current pc: 202
;
204: eeReturn
202
;
204: eeReturn
200
;
202: 2202Call 202(current pc: 202
;
204: eeReturn
202
;
204: eeReturn
200
;
202: 2202Call 202(current pc: 202
;
204: eeReturn
202
;
204: eeReturn
200
;
202: 2202Call 202(current pc: 202
;
204: eeReturn
202
;
204: eeReturn
200
;
202: 2202Call 202(current pc: 202
;
204: eeReturn
202
;
204: eeReturn
200
;
202: 2202Call 202(current pc: 202
;
204: eeReturn
202
;
204: eeReturn
200
;
202: 2202Call 202(current pc: 202
;
204: eeReturn
202
;
204: eeReturn
200
;
202: 2202Call 202(current pc: 202
;
204: eeReturn
202
;
204: eeReturn
200
;
202: 2202Call 202(current pc: 202
;
204: eeReturn
202
;
204: eeReturn
200
;
202: 2202Call 202(current pc: 202
;
204: eeReturn
202
;
204: eeReturn
200
;
202: 2202Call 202(current pc: 202
;
204: eeReturn
202
;
204: eeReturn
200
;
202: 2202Call 202(current pc: 202
;
204: eeReturn
202
;
204: eeReturn
200
;
202: 2202Call 202(current pc: 202
;
204: eeReturn
202
;
204: eeReturn
200
;
202: 2202Call 202(current pc: 202
;
204: eeReturn
202
;
204: eeReturn
200
;
202: 2202Call 202(current pc: 202
;
204: eeReturn
202
;
204: eeReturn
200
;
202: 2202Call 202(current pc: 202
;
204: eeReturn
202
;
204: eeReturn
200
;
202: 2202Call 202(current pc: 202
;
204: eeReturn
202
;
204: eeReturn
200
;
202: 2202Call 202(current pc: 202
;
204: eeReturn
202
;
204: eeReturn
200
;
202: 2202Call 202(current pc: 202
;
204: eeReturn
202
;
204: eeReturn
200
;
202: 2202Call 202(current pc: 202
;
204: eeReturn
202
;
204: eeReturn
200
;
202: 2202Call 202(current pc: 202
;
204: eeReturn
202
;
204: eeReturn
200
;
202: 2202Call 202(current pc: 202
;
204: eeReturn
202
;
204: eeReturn
200
;
202: 2202Call 202(current pc: 202
;
204: eeReturn
202
;
204: eeReturn
200
;
202: 2202Call 202(current pc: 202
;
204: eeReturn
202
;
204: eeReturn
200
;
202: 2202Call 202(current pc: 202
;
204: eeReturn
202
;
204: eeReturn
200
;
202: 2202Call 202(current pc: 202
;
204: eeReturn
202
;
204: eeReturn
200
;
202: 2202Call 202(current pc: 202
;
204: eeReturn
202
;
204: eeReturn
200
;
202: 2202Call 202(current pc: 202
;
204: eeReturn
202
;
204: eeReturn
200
;
202: 2202Call 202(current pc: 202
;
204: eeReturn
202
;
204: eeReturn
200
;
202: 2202Call 202(current pc: 202
;
204: eeReturn
202
;
204: eeReturn
200
;
202: 2202Call 202(current pc: 202
;
204: eeReturn
202
;
204: eeReturn
200
;
202: 2202Call 202(current pc: 202
;
204: eeReturn
202
;
204: eeReturn
200
;
202: 2202Call 202(current pc: 202
;
204: eeReturn
202
;
204: eeReturn
200
;
202: 2202Call 202(current pc: 202
;
204: eeReturn
202
;
204: eeReturn
200
;
202: 2202Call 202(current pc: 202
;
204: eeReturn
202
;
204: eeReturn
200
;
202: 2202Call 202(current pc: 202
;
204: eeReturn
202
;
204: eeReturn
200
;
202: 2202Call 202(current pc: 202
;
204: eeReturn
202
;
204: eeReturn
200
;
202: 2202Call 202(current pc: 202
;
204: eeReturn
202
;
204: eeReturn
200
;
202: 2202Call 202(current pc: 202
;
204: eeReturn
202
;
204: eeReturn
200
;
202: 2202Call 202(current pc: 202
;
204: eeReturn
202
;
204: eeReturn
200
;
202: 2202Call 202(current pc: 202
;
204: eeReturn
202
;
204: eeReturn
200
;
202: 2202Call 202(current pc: 202
;
204: eeReturn
202
;
204: eeReturn
200
;
202: 2202Call 202(current pc: 202
;
204: eeReturn
202
;
204: eeReturn
200
;
202: 2202Call 202(current pc: 202
;
204: eeReturn
202
;
204: eeReturn
200
;
202: 2202Call 202(current pc: 202
;
204: eeReturn
202
;
204: eeReturn
200
;
202: 2202Call 202(current pc: 202
;
204: eeReturn
202
;
204: eeReturn
200
;
202: 2202Call 202(current pc: 202
;
204: eeReturn
202
;
204: eeReturn
200
;
202: 2202Call 202(current pc: 202
;
204: eeReturn
202
;
204: eeReturn
200
;
202: 2202Call 202(current pc: 202
;
204: eeReturn
202
;
204: eeReturn
200
;
202: 2202Call 202(current pc: 202
;
204: eeReturn
202
;
204: eeReturn
200
;
202: 2202Call 202(current pc: 202
;
204: eeReturn
202
;
204: eeReturn
200
;
202: 2202Call 202(current pc: 202
;
204: eeReturn
202
;
204: eeReturn
200
;
202: 2202Call 202(current pc: 202
;
204: eeReturn
202
;
204: eeReturn
200
;
202: 2202Call 202(current pc: 202
;
204: eeReturn
202
;
204: eeReturn
200
;
202: 2202Call 202(current pc: 202
;
204: eeReturn
202
;
204: eeReturn
200
;
202: 2202Call 202(current pc: 202
;
204: eeReturn
202
;
204: eeReturn
200
;
202: 2202Call 202(current pc: 202
;
204: eeReturn
202
;
204: eeReturn
200
;
202: 2202Call 202(current pc: 202
;
204: eeReturn
202
;
204: eeReturn
200
;
202: 2202Call 202(current pc: 202
;
204: eeReturn
202
;
204: eeReturn
200
;
202: 2202Call 202(current pc: 202
;
204: eeReturn
202
;
204: eeReturn
200
;
202: 2202Call 202(current pc: 202
;
204: eeReturn
202
;
204: eeReturn
200
;
202: 2202Call 202(current pc: 202
;
204: eeReturn
202
;
204: eeReturn
200
;
202: 2202Call 202(current pc: 202
;
204: eeReturn
202
;
204: eeReturn
200
;
202: 2202Call 202(current pc: 202
;
204: eeReturn
202
;
204: eeReturn
200
;
202: 2202Call 202(current pc: 202
;
204: eeReturn
202
;
204: eeReturn
200
;
202: 2202Call 202(current pc: 202
;
204: eeReturn
202
;
204: eeReturn
200
;
202: 2202Call 202(current pc: 202
;
204: eeReturn
202
;
204: eeReturn
200
;
202: 2202Call 202(current pc: 202
;
204: eeReturn
202
;
204: eeReturn
200
;
202: 2202Call 202(current pc: 202
;
204: eeReturn
202
;
204: eeReturn
200
;
202: 2202Call 202(current pc: 202
;
204: eeReturn
202
;
204: eeReturn
200
;
202: 2202Call 202(current pc: 202
;
204: eeReturn
202
;
204: eeReturn
200
;
202: 2202Call 202(current pc: 202
;
204: eeReturn
202
;
204: eeReturn
200
;
202: 2202Call 202(current pc: 202
;
204: eeReturn
202
;
204: eeReturn
200
;
202: 2202Call 202(current pc: 202
;
204: eeReturn
202
;
204: eeReturn
200
;
202: 2202Call 202(current pc: 202
;
204: eeReturn
202
;
204: eeReturn
200
;
202: 2202Call 202(current pc: 202
;
204: eeReturn
202
;
204: eeReturn
200
;
202: 2202Call 202(current pc: 202
;
204: eeReturn
202
;
204: eeReturn
200
;
202: 2202Call 202(current pc: 202
;
204: eeReturn
202
;
204: eeReturn
200
;
202: 2202Call 202(current pc: 202
;
204: eeReturn
202
;
204: eeReturn
200
;
202: 2202Call 202(current pc: 202
;
204: eeReturn
202
;
204: eeReturn
200
;
202: 2202Call 202(current pc: 202
;
204: eeReturn
202
;
204: eeReturn
200
;
202: 2202Call 202(current pc: 202
;
204: eeReturn
202
;
204: eeReturn
200
;
202: 2202Call 202(current pc: 202
;
204: eeReturn
202
;
204: eeReturn
200
;
202: 2202Call 202(current pc: 202
;
204: eeReturn
202
;
204: eeReturn
200
;
202: 2202Call 202(current pc: 202
;
204: eeReturn
202
;
204: eeReturn
200
;
202: 2202Call 202(current pc: 202
;
204: eeReturn
202
;
204: eeReturn
200
;
202: 2202Call 202(current pc: 202
;
204: eeReturn
202
;
204: eeReturn
200
;
202: 2202Call 202(current pc: 202
;
204: eeReturn
202
;
204: eeReturn
200
;
202: 2202Call 202(current pc: 202
;
204: eeReturn
202
;
204: eeReturn
200
;
202: 2202Call 202(current pc: 202
;
204: eeReturn
202
;
204: eeReturn
200
;
202: 2202Call 202(current pc: 202
;
204: eeReturn
202
;
204: eeReturn
200
;
202: 2202Call 202(current pc: 202
;
204: eeReturn
202
;
204: eeReturn
200
;
202: 2202Call 202(current pc: 202
;
204: eeReturn
202
;
204: eeReturn
200
;
202: 2202Call 202(current pc: 202
;
204: eeReturn
202
;
204: eeReturn
200
;
202: 2202Call 202(current pc: 202
;
204: eeReturn
202
;
204: eeReturn
200
;
202: 2202Call 202(current pc: 202
;
204: eeReturn
202
;
204: eeReturn
200
;
202: 2202Call 202(current pc: 202
;
204: eeReturn
202
;
204: eeReturn
200
;
202: 2202Call 202(current pc: 202
;
204: eeReturn
202
;
204: eeReturn
200
;
202: 2202Call 202(current pc: 202
;
204: eeReturn
202
;
204: eeReturn
200
;
202: 2202Call 202(current pc: 202
;
204: eeReturn
202
;
204: eeReturn
200
;
202: 2202Call 202(current pc: 202
;
204: eeReturn
202
;
204: eeReturn
200
;
202: 2202Call 202(current pc: 202
;
204: eeReturn
202
;
204: eeReturn
200
;
202: 2202Call 202(current pc: 202
;
204: eeReturn
202
;
204: eeReturn
200
;
202: 2202Call 202(current pc: 202
;
204: eeReturn
202
;
204: eeReturn
200
;
202: 2202Call 202(current pc: 202
;
204: eeReturn
202
;
204: eeReturn
200
;
202: 2202Call 202(current pc: 202
;
204: eeReturn
202
;
204: eeReturn
200
;
202: 2202Call 202(current pc: 202
;
204: eeReturn
202
;
204: eeReturn
200
;
202: 2202Call 202(current pc: 202
;
204: eeReturn
202
;
204: eeReturn
200
;
202: 2202Call 202(current pc: 202
;
204: eeReturn
202
;
204: eeReturn
200
;
202: 2202Call 202(current pc: 202
;
204: eeReturn
202
;
204: eeReturn
200
;
202: 2202Call 202(current pc: 202
;
204: eeReturn
202
;
204: eeReturn
200
;
202: 2202Call 202(current pc: 202
;
204: eeReturn
202
;
204: eeReturn
200
;
202: 2202Call 202(current pc: 202
;
204: eeReturn
202
;
204: eeReturn
200
;
202: 2202Call 202(current pc: 202
;
204: eeReturn
202
;
204: eeReturn
200
;
202: 2202Call 202(current pc: 202
;
204: eeReturn
202
;
204: eeReturn
200
;
202: 2202Call 202(current pc: 202
;
204: eeReturn
202
;
204: eeReturn
200
;
202: 2202Call 202(current pc: 202
;
204: eeReturn
202
;
204: eeReturn
200
;
202: 2202Call 202(current pc: 202
;
204: eeReturn
202
;
204: eeReturn
200
;
202: 2202Call 202(current pc: 202
;
204: eeReturn
202
;
204: eeReturn
200
;
202: 2202Call 202(current pc: 202
;
204: eeReturn
202
;
204: eeReturn
200
;
202: 2202Call 202(current pc: 202
;
204: eeReturn
202
;
204: eeReturn
200
;
202: 2202Call 202(current pc: 202
;
204: eeReturn
202
;
204: eeReturn
200
;
202: 2202Call 202(current pc: 202
;
204: eeReturn
202
;
204: eeReturn
200
;
202: 2202Call 202(current pc: 202
;
204: eeReturn
202
;
204: eeReturn
200
;
202: 2202Call 202(current pc: 202
;
204: eeReturn
202
;
204: eeReturn
200
;
202: 2202Call 202(current pc: 202
;
204: eeReturn
202
;
204: eeReturn
200
;
202: 2202Call 202(current pc: 202
;
204: eeReturn
202
;
204: eeReturn
200
;
202: 2202Call 202(current pc: 202
;
204: eeReturn
202
;
204: eeReturn
200
;
202: 2202Call 202(current pc: 202
;
204: eeReturn
202
;
204: eeReturn
200
;
202: 2202Call 202(current pc: 202
;
204: eeReturn
202
;
204: eeReturn
200
;
202: 2202Call 202(current pc: 202
;
204: eeReturn
202
;
204: eeReturn
200
;
202: 2202Call 202(current pc: 202
;
204: eeReturn
202
;
204: eeReturn
200
;
202: 2202Call 202(current pc: 202
;
204: eeReturn
202
;
204: eeReturn
200
;
202: 2202Call 202(current pc: 202
;
204: eeReturn
202
;
204: eeReturn
200
;
202: 2202Call 202(current pc: 202
;
204: eeReturn
202
;
204: eeReturn
200
;
202: 2202Call 202(current pc: 202
;
204: eeReturn
202
;
204: eeReturn
200
;
202: 2202Call 202(current pc: 202
;
204: eeReturn
202
;
204: eeReturn
200
;
202: 2202Call 202(current pc: 202
;
204: eeReturn
202
;
204: eeReturn
200
;
202: 2202Call 202(current pc: 202
;
204: eeReturn
202
;
204: eeReturn
200
;
202: 2202Call 202(current pc: 202
;
204: eeReturn
202
;
204: eeReturn
200
;
202: 2202Call 202(current pc: 202
;
204: eeReturn
202
;
204: eeReturn
200
;
202: 2202Call 202(current pc: 202
;
204: eeReturn
202
;
204: eeReturn
200
;
202: 2202Call 202(current pc: 202
;
204: eeReturn
202
;
204: eeReturn
200
;
202: 2202Call 202(current pc: 202
;
204: eeReturn
202
;
204: eeReturn
200
;
202: 2202Call 202(current pc: 202
;
204: eeReturn
202
;
204: eeReturn
200
;
202: 2202Call 202(current pc: 202
;
204: eeReturn
202
;
204: eeReturn
200
;
202: 2202Call 202(current pc: 202
;
204: eeReturn
202
;
204: eeReturn
200
;
202: 2202Call 202(current pc: 202
;
204: eeReturn
202
;
204: eeReturn
200
;
202: 2202Call 202(current pc: 202
;
204: eeReturn
202
;
204: eeReturn
200
;
202: 2202Call 202(current pc: 202
;
204: eeReturn
202
;
204: eeReturn
200
;
202: 2202Call 202(current pc: 202
;
204: eeReturn
202
;
204: eeReturn
200
;
202: 2202Call 202(current pc: 202
;
204: eeReturn
202
;
204: eeReturn
200
;
202: 2202Call 202(current pc: 202
;
204: eeReturn
202
;
204: eeReturn
200
;
202: 2202Call 202(current pc: 202
;
204: eeReturn
202
;
204: eeReturn
200
;
202: 2202Call 202(current pc: 202
;
204: eeReturn
202
;
204: eeReturn
200
;
202: 2202Call 202(current pc: 202
;
204: eeReturn
202
;
204: eeReturn
200
;
202: 2202Call 202(current pc: 202
;
204: eeReturn
202
;
204: eeReturn
200
;
202: 2202Call 202(current pc: 202
;
204: eeReturn
202
;
204: eeReturn
200
;
202: 2202Call 202(current pc: 202
;
204: eeReturn
202
;
204: eeReturn
200
;
202: 2202Call 202(current pc: 202
;
204: eeReturn
202
;
204: eeReturn
200
;
202: 2202Call 202(current pc: 202
;
204: eeReturn
202
;
204: eeReturn
200
;
202: 2202Call 202(current pc: 202
;
204: eeReturn
202
;
204: eeReturn
200
;
202: 2202Call 202(current pc: 202
;
204: eeReturn
202
;
204: eeReturn
200
;
202: 2202Call 202(current pc: 202
;
204: eeReturn
202
;
204: eeReturn
200
;
202: 2202Call 202(current pc: 202
;
204: eeReturn
202
;
204: eeReturn
200
;
202: 2202Call 202(current pc: 202
;
204: eeReturn
202
;
204: eeReturn
200
;
202: 2202Call 202(current pc: 202
;
204: eeReturn
202
;
204: eeReturn
200
;
202: 2202Call 202(current pc: 202
;
204: eeReturn
202
;
204: eeReturn
200
;
202: 2202Call 202(current pc: 202
;
204: eeReturn
202
;
204: eeReturn
200
;
202: 2202Call 202(current pc: 202
;
204: eeReturn
202
;
204: eeReturn
200
;
202: 2202Call 202(current pc: 202
;
204: eeReturn
202
;
204: eeReturn
200
;
202: 2202Call 202(current pc: 202
;
204: eeReturn
202
;
204: eeReturn
200
;
202: 2202Call 202(current pc: 202
;
204: eeReturn
202
;
204: eeReturn
200
;
202: 2202Call 202(current pc: 202
;
204: eeReturn
202
;
204: eeReturn
200
;
202: 2202Call 202(current pc: 202
;
204: eeReturn
202
;
204: eeReturn
200
;
202: 2202Call 202(current pc: 202
;
204: eeReturn
202
;
204: eeReturn
200
;
202: 2202Call 202(current pc: 202
;
204: eeReturn
202
;
204: eeReturn
200
;
202: 2202Call 202(current pc: 202
;
204: eeReturn
202
;
204: eeReturn
200
;
202: 2202Call 202(current pc: 202
;
204: eeReturn
202
;
204: eeReturn
200
;
202: 2202Call 202(current pc: 202
;
204: eeReturn
202
;
204: eeReturn
200
;
202: 2202Call 202(current pc: 202
;
204: eeReturn
202
;
204: eeReturn
200
;
202: 2202Call 202(current pc: 202
;
204: eeReturn
202
;
204: eeReturn
200
;
202: 2202Call 202(current pc: 202
;
204: eeReturn
202
;
204: eeReturn
200
;
202: 2202Call 202(current pc: 202
;
204: eeReturn
202
;
204: eeReturn
200
;
202: 2202Call 202(current pc: 202
;
204: eeReturn
202
;
204: eeReturn
200
;
202: 2202Call 202(current pc: 202
;
204: eeReturn
202
;
204: eeReturn
200
;
202: 2202Call 202(current pc: 202
;
204: eeReturn
202
;
204: eeReturn
200
;
202: 2202Call 202(current pc: 202
;
204: eeReturn
202
;
204: eeReturn
200
;
202: 2202Call 202(current pc: 202
;
204: eeReturn
202
;
204: eeReturn
200
;
202: 2202Call 202(current pc: 202
;
204: eeReturn
202
;
204: eeReturn
200
;
202: 2202Call 202(current pc: 202
;
204: eeReturn
202
;
204: eeReturn
200
;
202: 2202Call 202(current pc: 202
;
204: eeReturn
202
;
204: eeReturn
200
;
202: 2202Call 202(current pc: 202
;
204: eeReturn
202
;
204: eeReturn
200
;
202: 2202Call 202(current pc: 202
;
204: eeReturn
202
;
204: eeReturn
200
;
202: 2202Call 202(current pc: 202
;
204: eeReturn
202
;
204: eeReturn
200
;
202: 2202Call 202(current pc: 202
;
204: eeReturn
202
;
204: eeReturn
200
;
202: 2202Call 202(current pc: 202
;
204: eeReturn
202
;
204: eeReturn
200
;
202: 2202Call 202(current pc: 202
;
204: eeReturn
202
;
204: eeReturn
200
;
202: 2202Call 202(current pc: 202
;
204: eeReturn
202
;
204: eeReturn
200
;
202: 2202Call 202(current pc: 202
;
204: eeReturn
202
;
204: eeReturn
200
;
202: 2202Call 202(current pc: 202
;
204: eeReturn
202
;
204: eeReturn
200
;
202: 2202Call 202(current pc: 202
;
204: eeReturn
202
;
204: eeReturn
200
;
202: 2202Call 202(current pc: 202
;
204: eeReturn
202
;
204: eeReturn
200
;
202: 2202Call 202(current pc: 202
;
204: eeReturn
202
;
204: eeReturn
200
;
202: 2202Call 202(current pc: 202
;
204: eeReturn
202
;
204: eeReturn
200
;
202: 2202Call 202(current pc: 202
;
204: eeReturn
202
;
204: eeReturn
200
;
202: 2202Call 202(current pc: 202
;
204: eeReturn
202
;
204: eeReturn
200
;
202: 2202Call 202(current pc: 202
;
204: eeReturn
202
;
204: eeReturn
200
;
202: 2202Call 202(current pc: 202
;
204: eeReturn
202
;
204: eeReturn
200
;
202: 2202Call 202(current pc: 202
;
204: eeReturn
202
;
204: eeReturn
200
;
202: 2202Call 202(current pc: 202
;
204: eeReturn
202
;
204: eeReturn
200
;
202: 2202Call 202(current pc: 202
;
204: eeReturn
202
;
204: eeReturn
200
;
202: 2202Call 202(current pc: 202
;
204: eeReturn
202
;
204: eeReturn
200
;
202: 2202Call 202(current pc: 202
;
204: eeReturn
202
;
204: eeReturn
200
;
202: 2202Call 202(current pc: 202
;
204: eeReturn
202
;
204: eeReturn
200
;
202: 2202Call 202(current pc: 202
;
204: eeReturn
202
;
204: eeReturn
200
;
202: 2202Call 202(current pc: 202
;
204: eeReturn
202
;
204: eeReturn
200
;
202: 2202Call 202(current pc: 202
;
204: eeReturn
202
;
204: eeReturn
200
;
202: 2202Call 202(current pc: 202
;
204: eeReturn
202
;
204: eeReturn
200
;
202: 2202Call 202(current pc: 202
;
204: eeReturn
202
;
204: eeReturn
200
;
202: 2202Call 202(current pc: 202
;
204: eeReturn
202
;
204: eeReturn
200
;
202: 2202Call 202(current pc: 202
;
204: eeReturn
202
;
204: eeReturn
200
;
202: 2202Call 202(current pc: 202
;
204: eeReturn
202
;
204: eeReturn
200
;
202: 2202Call 202(current pc: 202
;
204: eeReturn
202
;
204: eeReturn
200
;
202: 2202Call 202(current pc: 202
;
204: eeReturn
202
;
204: eeReturn
200
;
202: 2202Call 202(current pc: 202
;
204: eeReturn
202
;
204: eeReturn
200
;
202: 2202Call 202(current pc: 202
;
204: eeReturn
202
;
204: eeReturn
200
;
202: 2202Call 202(current pc: 202
;
204: eeReturn
202
;
204: eeReturn
200
;
202: 2202Call 202(current pc: 202
;
204: eeReturn
202
;
204: eeReturn
200
;
202: 2202Call 202(current pc: 202
;
204: eeReturn
202
;
204: eeReturn
200
;
202: 2202Call 202(current pc: 202
;
204: eeReturn
202
;
204: eeReturn
200
;
202: 2202Call 202(current pc: 202
;
204: eeReturn
202
;
204: eeReturn
200
;
202: 2202Call 202(current pc: 202
;
204: eeReturn
202
;
204: eeReturn
200
;
202: 2202Call 202(current pc: 202
;
204: eeReturn
202
;
204: eeReturn
200
;
202: 2202Call 202(current pc: 202
;
204: eeReturn
202
;
204: eeReturn
200
;
202: 2202Call 202(current pc: 202
;
204: eeReturn
202
;
204: eeReturn
200
;
202: 2202Call 202(current pc: 202
;
204: eeReturn
202
;
204: eeReturn
200
;
202: 2202Call 202(current pc: 202
;
204: eeReturn
202
;
204: eeReturn
200
;
202: 2202Call 202(current pc: 202
;
204: eeReturn
202
;
204: eeReturn
200
;
202: 2202Call 202(current pc: 202
;
204: eeReturn
202
;
204: eeReturn
200
;
202: 2202Call 202(current pc: 202
;
204: eeReturn
202
;
204: eeReturn
200
;
202: 2202Call 202(current pc: 202
;
204: eeReturn
202
;
204: eeReturn
200
;
202: 2202Call 202(current pc: 202
;
204: eeReturn
202
;
204: eeReturn
200
;
202: 2202Call 202(current pc: 202
;
204: eeReturn
202
;
204: eeReturn
200
;
202: 2202Call 202(current pc: 202
;
204: eeReturn
202
;
204: eeReturn
200
;
202: 2202Call 202(current pc: 202
;
204: eeReturn
202
;
204: eeReturn
200
;
202: 2202Call 202(current pc: 202
;
204: eeReturn
202
;
204: eeReturn
200
;
202: 2202Call 202(current pc: 202
;
204: eeReturn
202
;
204: eeReturn
200
;
202: 2202Call 202(current pc: 202
;
204: eeReturn
202
;
204: eeReturn
200
;
202: 2202Call 202(current pc: 202
;
204: eeReturn
202
;
204: eeReturn
200
;
202: 2202Call 202(current pc: 202
;
204: eeReturn
202
;
204: eeReturn
200
;
202: 2202Call 202(current pc: 202
;
204: eeReturn
202
;
204: eeReturn
200
;
202: 2202Call 202(current pc: 202
;
204: eeReturn
202
;
204: eeReturn
200
;
202: 2202Call 202(current pc: 202
;
204: eeReturn
202
;
204: eeReturn
200
;
202: 2202Call 202(current pc: 202
;
204: eeReturn
202
;
204: eeReturn
200
;
202: 2202Call 202(current pc: 202
;
204: eeReturn
202
;
204: eeReturn
200
;
202: 2202Call 202(current pc: 202
;
204: eeReturn
202
;
204: eeReturn
200
;
202: 2202Call 202(current pc: 202
;
204: eeReturn
202
;
204: eeReturn
200
;
202: 2202Call 202(current pc: 202
;
204: eeReturn
202
;
204: eeReturn
200
;
202: 2202Call 202(current pc: 202
;
204: eeReturn
202
;
204: eeReturn
200
;
202: 2202Call 202(current pc: 202
;
204: eeReturn
202
;
204: eeReturn
200
;
202: 2202Call 202(current pc: 202
;
204: eeReturn
202
;
204: eeReturn
200
;
202: 2202Call 202(current pc: 202
;
204: eeReturn
202
;
204: eeReturn
200
;
202: 2202Call 202(current pc: 202
;
204: eeReturn
202
;
204: eeReturn
200
;
202: 2202Call 202(current pc: 202
;
204: eeReturn
202
;
204: eeReturn
200
;
202: 2202Call 202(current pc: 202
;
204: eeReturn
202
;
204: eeReturn
200
;
202: 2202Call 202(current pc: 202
;
204: eeReturn
202
;
204: eeReturn
200
;
202: 2202Call 202(current pc: 202
;
204: eeReturn
202
;
204: eeReturn
200
;
202: 2202Call 202(current pc: 202
;
204: eeReturn
202
;
204: eeReturn
200
;
202: 2202Call 202(current pc: 202
;
204: eeReturn
202
;
204: eeReturn
200
;
202: 2202Call 202(current pc: 202
;
204: eeReturn
202
;
204: eeReturn
200
;
202: 2202Call 202(current pc: 202
;
204: eeReturn
202
;
204: eeReturn
200
;
202: 2202Call 202(current pc: 202
;
204: eeReturn
202
;
204: eeReturn
200
;
202: 2202Call 202(current pc: 202
;
204: eeReturn
202
;
204: eeReturn
200
;
202: 2202Call 202(current pc: 202
;
204: eeReturn
202
;
204: eeReturn
200
;
202: 2202Call 202(current pc: 202
;
204: eeReturn
202
;
204: eeReturn
200
;
202: 2202Call 202(current pc: 202
;
204: eeReturn
202
;
204: eeReturn
200
;
202: 2202Call 202(current pc: 202
;
204: eeReturn
202
;
204: eeReturn
200
;
202: 2202Call 202(current pc: 202
;
204: eeReturn
202
;
204: eeReturn
200
;
202: 2202Call 202(current pc: 202
;
204: eeReturn
202
;
204: eeReturn
200
;
202: 2202Call 202(current pc: 202
;
204: eeReturn
202
;
204: eeReturn
200
;
202: 2202Call 202(current pc: 202
;
204: eeReturn
202
;
204: eeReturn
200
;
202: 2202Call 202(current pc: 202
;
204: eeReturn
202
;
204: eeReturn
200
;
202: 2202Call 202(current pc: 202
;
204: eeReturn
202
;
204: eeReturn
200
;
202: 2202Call 202(current pc: 202
;
204: eeReturn
202
;
204: eeReturn
200
;
202: 2202Call 202(current pc: 202
;
204: eeReturn
202
;
204: eeReturn
200
;
202: 2202Call 202(current pc: 202
;
204: eeReturn
202
;
204: eeReturn
200
;
202: 2202Call 202(current pc: 202
;
204: eeReturn
202
;
204: eeReturn
200
;
202: 2202Call 202(current pc: 202
;
204: eeReturn
202
;
204: eeReturn
200
;
202: 2202Call 202(current pc: 202
;
204: eeReturn
202
;
204: eeReturn
200
;
202: 2202Call 202(current pc: 202
;
204: eeReturn
202
;
204: eeReturn
200
;
202: 2202Call 202(current pc: 202
;
204: eeReturn
202
;
204: eeReturn
200
;
202: 2202Call 202(current pc: 202
;
204: eeReturn
202
;
204: eeReturn
200
;
202: 2202Call 202(current pc: 202
;
204: eeReturn
202
;
204: eeReturn
200
;
202: 2202Call 202(current pc: 202
;
204: eeReturn
202
;
204: eeReturn
200
;
202: 2202Call 202(current pc: 202
;
204: eeReturn
202
;
204: eeReturn
200
;
202: 2202Call 202(current pc: 202
;
204: eeReturn
202
;
204: eeReturn
200
;
202: 2202Call 202(current pc: 202
;
204: eeReturn
202
;
204: eeReturn
200
;
202: 2202Call 202(current pc: 202
;
204: eeReturn
202
;
204: eeReturn
200
;
202: 2202Call 202(current pc: 202
;
204: eeReturn
202
;
204: eeReturn
200
;
202: 2202Call 202(current pc: 202
;
204: eeReturn
202
;
204: eeReturn
200
;
202: 2202Call 202(current pc: 202
;
204: eeReturn
202
;
204: eeReturn
200
;
202: 2202Call 202(current pc: 202
;
204: eeReturn
202
;
204: eeReturn
200
;
202: 2202Call 202(current pc: 202
;
204: eeReturn
202
;
204: eeReturn
200
;
202: 2202Call 202(current pc: 202
;
204: eeReturn
202
;
204: eeReturn
200
;
202: 2202Call 202(current pc: 202
;
204: eeReturn
202
;
204: eeReturn
200
;
202: 2202Call 202(current pc: 202
;
204: eeReturn
202
;
204: eeReturn
200
;
202: 2202Call 202(current pc: 202
;
204: eeReturn
202
;
204: eeReturn
200
;
202: 2202Call 202(current pc: 202
;
204: eeReturn
202
;
204: eeReturn
200
;
202: 2202Call 202(current pc: 202
;
204: eeReturn
202
;
204: eeReturn
200
;
202: 2202Call 202(current pc: 202
;
204: eeReturn
202
;
204: eeReturn
200
;
202: 2202Call 202(current pc: 202
;
204: eeReturn
202
;
204: eeReturn
200
;
202: 2202Call 202(current pc: 202
;
204: eeReturn
202
;
204: eeReturn
200
;
202: 2202Call 202(current pc: 202
;
204: eeReturn
202
;
204: eeReturn
200
;
202: 2202Call 202(current pc: 202
;
204: eeReturn
202
;
204: eeReturn
200
;
202: 2202Call 202(current pc: 202
;
204: eeReturn
202
;
204: eeReturn
200
;
202: 2202Call 202(current pc: 202
;
204: eeReturn
202
;
204: eeReturn
200
;
202: 2202Call 202(current pc: 202
;
204: eeReturn
202
;
204: eeReturn
200
;
202: 2202Call 202(current pc: 202
;
204: eeReturn
202
;
204: eeReturn
200
;
202: 2202Call 202(current pc: 202
;
204: eeReturn
202
;
204: eeReturn
200
;
202: 2202Call 202(current pc: 202
;
204: eeReturn
202
;
204: eeReturn
200
;
202: 2202Call 202(current pc: 202
;
204: eeReturn
202
;
204: eeReturn
200
;
202: 2202Call 202(current pc: 202
;
204: eeReturn
202
;
204: eeReturn
200
;
202: 2202Call 202(current pc: 202
;
204: eeReturn
202
;
204: eeReturn
200
;
202: 2202Call 202(current pc: 202
;
204: eeReturn
202
;
204: eeReturn
200
;
202: 2202Call 202(current pc: 202
;
204: eeReturn
202
;
204: eeReturn
200
;
202: 2202Call 202(current pc: 202
;
204: eeReturn
202
;
204: eeReturn
200
;
202: 2202Call 202(current pc: 202
;
204: eeReturn
202
;
204: eeReturn
200
;
202: 2202Call 202(current pc: 202
;
204: eeReturn
202
;
204: eeReturn
200
;
202: 2202Call 202(current pc: 202
;
204: eeReturn
202
;
204: eeReturn
200
;
202: 2202Call 202(current pc: 202
;
204: eeReturn
202
;
204: eeReturn
200
;
202: 2202Call 202(current pc: 202
;
204: eeReturn
202
;
204: eeReturn
200
;
202: 2202Call 202(current pc: 202
;
204: eeReturn
202
;
204: eeReturn
200
;
202: 2202Call 202(current pc: 202
;
204: eeReturn
202
;
204: eeReturn
200
;
202: 2202Call 202(current pc: 202
;
204: eeReturn
202
;
204: eeReturn
200
;
202: 2202Call 202(current pc: 202
;
204: eeReturn
202
;
204: eeReturn
200
;
202: 2202Call 202(current pc: 202
;
204: eeReturn
202
;
204: eeReturn
200
;
202: 2202Call 202(current pc: 202
;
204: eeReturn
202
;
204: eeReturn
200
;
202: 2202Call 202(current pc: 202
;
204: eeReturn
202
;
204: eeReturn
200
;
202: 2202Call 202(current pc: 202
;
204: eeReturn
202
;
204: eeReturn
200
;
202: 2202Call 202(current pc: 202
;
204: eeReturn
202
;
204: eeReturn
200
;
202: 2202Call 202(current pc: 202
;
204: eeReturn
202
;
204: eeReturn
200
;
202: 2202Call 202(current pc: 202
;
204: eeReturn
202
;
204: eeReturn
200
;
202: 2202Call 202(current pc: 202
;
204: eeReturn
202
;
204: eeReturn
200
;
202: 2202Call 202(current pc: 202
;
204: eeReturn
202
;
204: eeReturn
200
;
202: 2202Call 202(current pc: 202
;
204: eeReturn
202
;
204: eeReturn
200
;
202: 2202Call 202(current pc: 202
;
204: eeReturn
202
;
204: eeReturn
200
;
202: 2202Call 202(current pc: 202
;
204: eeReturn
202
;
204: eeReturn
200
;
202: 2202Call 202(current pc: 202
;
204: eeReturn
202
;
204: eeReturn
200
;
202: 2202Call 202(current pc: 202
;
204: eeReturn
202
;
204: eeReturn
200
;
202: 2202Call 202(current pc: 202
;
204: eeReturn
202
;
204: eeReturn
200
;
202: 2202Call 202(current pc: 202
;
204: eeReturn
202
;
204: eeReturn
200
;
202: 2202Call 202(current pc: 202
;
204: eeReturn
202
;
204: eeReturn
200
;
202: 2202Call 202(current pc: 202
;
204: eeReturn
202
;
204: eeReturn
200
;
202: 2202Call 202(current pc: 202
;
204: eeReturn
202
;
204: eeReturn
200
;
202: 2202Call 202(current pc: 202
;
204: eeReturn
202
;
204: eeReturn
200
;
202: 2202Call 202(current pc: 202
;
204: eeReturn
202
;
204: eeReturn
200
;
202: 2202Call 202(current pc: 202
;
204: eeReturn
202
;
204: eeReturn
200
;
202: 2202Call 202(current pc: 202
;
204: eeReturn
202
;
204: eeReturn
200
;
202: 2202Call 202(current pc: 202
;
204: eeReturn
202
;
204: eeReturn
200
;
202: 2202Call 202(current pc: 202
;
204: eeReturn
202
;
204: eeReturn
200
;
202: 2202Call 202(current pc: 202
;
204: eeReturn
202
;
204: eeReturn
200
;
202: 2202Call 202(current pc: 202
;
204: eeReturn
202
;
204: eeReturn
200
;
202: 2202Call 202(current pc: 202
;
204: eeReturn
202
;
204: eeReturn
200
;
202: 2202Call 202(current pc: 202
;
204: eeReturn
202
;
204: eeReturn
200
;
202: 2202Call 202(current pc: 202
;
204: eeReturn
202
;
204: eeReturn
200
;
202: 2202Call 202(current pc: 202
;
204: eeReturn
202
;
204: eeReturn
200
;
202: 2202Call 202(current pc: 202
;
204: eeReturn
202
;
204: eeReturn
200
;
202: 2202Call 202(current pc: 202
;
204: eeReturn
202
;
204: eeReturn
200
;
202: 2202Call 202(current pc: 202
;
204: eeReturn
202
;
204: eeReturn
200
;
202: 2202Call 202(current pc: 202
;
204: eeReturn
202
;
204: eeReturn
200
;
202: 2202Call 202(current pc: 202
;
204: eeReturn
202
;
204: eeReturn
200
;
202: 2202Call 202(current pc: 202
;
204: eeReturn
202
;
204: eeReturn
200
;
202: 2202Call 202(current pc: 202
;
204: eeReturn
202
;
204: eeReturn
200
;
202: 2202Call 202(current pc: 202
;
204: eeReturn
202
;
204: eeReturn
200
;
202: 2202Call 202(current pc: 202
;
204: eeReturn
202
;
204: eeReturn
200
;
202: 2202Call 202(current pc: 202
;
204: eeReturn
202
;
204: eeReturn
200
;
202: 2202Call 202(current pc: 202
;
204: eeReturn
202
;
204: eeReturn
200
;
202: 2202Call 202(current pc: 202
;
204: eeReturn
202
;
204: eeReturn
200
;
202: 2202Call 202(current pc: 202
;
204: eeReturn
202
;
204: eeReturn
200
;
202: 2202Call 202(current pc: 202
;
204: eeReturn
202
;
204: eeReturn
200
;
202: 2202Call 202(current pc: 202
;
204: eeReturn
202
;
204: eeReturn
200
;
202: 2202Call 202(current pc: 202
;
204: eeReturn
202
;
204: eeReturn
200
;
202: 2202Call 202(current pc: 202
;
204: eeReturn
202
;
204: eeReturn
200
;
202: 2202Call 202(current pc: 202
;
204: eeReturn
202
;
204: eeReturn
200
;
202: 2202Call 202(current pc: 202
;
204: eeReturn
202
;
204: eeReturn
200
;
202: 2202Call 202(current pc: 202
;
204: eeReturn
202
;
204: eeReturn
200
;
202: 2202Call 202(current pc: 202
;
204: eeReturn
202
;
204: eeReturn
200
;
202: 2202Call 202(current pc: 202
;
204: eeReturn
202
;
204: eeReturn
200
;
202: 2202Call 202(current pc: 202
;
204: eeReturn
202
;
204: eeReturn
200
;
202: 2202Call 202(current pc: 202
;
204: eeReturn
202
;
204: eeReturn
200
;
202: 2202Call 202(current pc: 202
;
204: eeReturn
202
;
204: eeReturn
200
;
202: 2202Call 202(current pc: 202
;
204: eeReturn
202
;
204: eeReturn
200
;
202: 2202Call 202(current pc: 202
;
204: eeReturn
202
;
204: eeReturn
200
;
202: 2202Call 202(current pc: 202
;
204: eeReturn
202
;
204: eeReturn
200
;
202: 2202Call 202(current pc: 202
;
204: eeReturn
202
;
204: eeReturn
200
;
202: 2202Call 202(current pc: 202
;
204: eeReturn
202
;
204: eeReturn
200
;
202: 2202Call 202(current pc: 202
;
204: eeReturn
202
;
204: eeReturn
200
;
202: 2202Call 202(current pc: 202
;
204: eeReturn
202
;
204: eeReturn
200
;
202: 2202Call 202(current pc: 202
;
204: eeReturn
202
;
204: eeReturn
200
;
202: 2202Call 202(current pc: 202
;
204: eeReturn
202
;
204: eeReturn
200
;
202: 2202Call 202(current pc: 202
;
204: eeReturn
202
;
204: eeReturn
200
;
202: 2202Call 202(current pc: 202
;
204: eeReturn
202
;
204: eeReturn
200
;
202: 2202Call 202(current pc: 202
;
204: eeReturn
202
;
204: eeReturn
200
;
202: 2202Call 202(current pc: 202
;
204: eeReturn
202
;
204: eeReturn
200
;
202: 2202Call 202(current pc: 202
;
204: eeReturn
202
;
204: eeReturn
200
;
202: 2202Call 202(current pc: 202
;
204: eeReturn
202
;
204: eeReturn
200
;
202: 2202Call 202(current pc: 202
;
204: eeReturn
202
;
204: eeReturn
200
;
202: 2202Call 202(current pc: 202
;
204: eeReturn
202
;
204: eeReturn
200
;
202: 2202Call 202(current pc: 202
;
204: eeReturn
202
;
204: eeReturn
200
;
202: 2202Call 202(current pc: 202
;
204: eeReturn
202
;
204: eeReturn
200
;
202: 2202Call 202(current pc: 202
;
204: eeReturn
202
;
204: eeReturn
200
;
202: 2202Call 202(current pc: 202
;
204: eeReturn
202
;
204: eeReturn
200
;
202: 2202Call 202(current pc: 202
;
204: eeReturn
202
;
204: eeReturn
200
;
202: 2202Call 202(current pc: 202
;
204: eeReturn
202
;
204: eeReturn
200
;
202: 2202Call 202(current pc: 202
;
204: eeReturn
202
;
204: eeReturn
200
;
202: 2202Call 202(current pc: 202
;
204: eeReturn
202
;
204: eeReturn
200
;
202: 2202Call 202(current pc: 202
;
204: eeReturn
202
;
204: eeReturn
200
;
202: 2202Call 202(current pc: 202
;
204: eeReturn
202
;
204: eeReturn
200
;
202: 2202Call 202(current pc: 202
;
204: eeReturn
202
;
204: eeReturn
200
;
202: 2202Call 202(current pc: 202
;
204: eeReturn
202
;
204: eeReturn
200
;
202: 2202Call 202(current pc: 202
;
204: eeReturn
202
;
204: eeReturn
200
;
202: 2202Call 202(current pc: 202
;
204: eeReturn
202
;
204: eeReturn
200
;
202: 2202Call 202(current pc: 202
;
204: eeReturn
202
;
204: eeReturn
200
;
202: 2202Call 202(current pc: 202
;
204: eeReturn
202
;
204: eeReturn
200
;
202: 2202Call 202(current pc: 202
;
204: eeReturn
202
;
204: eeReturn
200
;
202: 2202Call 202(current pc: 202
;
204: eeReturn
202
;
204: eeReturn
200
;
202: 2202Call 202(current pc: 202
;
204: eeReturn
202
;
204: eeReturn
200
;
202: 2202Call 202(current pc: 202
;
204: eeReturn
202
;
204: eeReturn
200
;
202: 2202Call 202(current pc: 202
;
204: eeReturn
202
;
204: eeReturn
200
;
202: 2202Call 202(current pc: 202
;
204: eeReturn
202
;
204: eeReturn
200
;
202: 2202Call 202(current pc: 202
;
204: eeReturn
202
;
204: eeReturn
200
;
202: 2202Call 202(current pc: 202
;
204: eeReturn
202
;
204: eeReturn
200
;
202: 2202Call 202(current pc: 202
;
204: eeReturn
202
;
204: eeReturn
200
;
202: 2202Call 202(current pc: 202
;
204: eeReturn
202
;
204: eeReturn
200
;
202: 2202Call 202(current pc: 202
;
204: eeReturn
202
;
204: eeReturn
200
;
202: 2202Call 202(current pc: 202
;
204: eeReturn
202
;
204: eeReturn
200
;
202: 2202Call 202(current pc: 202
;
204: eeReturn
202
;
204: eeReturn
200
;
202: 2202Call 202(current pc: 202
;
204: eeReturn
202
;
204: eeReturn
200
;
202: 2202Call 202(current pc: 202
;
204: eeReturn
202
;
204: eeReturn
200
;
202: 2202Call 202(current pc: 202
;
204: eeReturn
202
;
204: eeReturn
200
;
202: 2202Call 202(current pc: 202
;
204: eeReturn
202
;
204: eeReturn
200
;
202: 2202Call 202(current pc: 202
;
204: eeReturn
202
;
204: eeReturn
200
;
202: 2202Call 202(current pc: 202
;
204: eeReturn
202
;
204: eeReturn
200
;
202: 2202Call 202(current pc: 202
;
204: eeReturn
202
;
204: eeReturn
200
;
202: 2202Call 202(current pc: 202
;
204: eeReturn
202
;
204: eeReturn
200
;
202: 2202Call 202(current pc: 202
;
204: eeReturn
202
;
204: eeReturn
200
;
202: 2202Call 202(current pc: 202
;
204: eeReturn
202
;
204: eeReturn
200
;
202: 2202Call 202(current pc: 202
;
204: eeReturn
202
;
204: eeReturn
200
;
202: 2202Call 202(current pc: 202
;
204: eeReturn
202
;
204: eeReturn
200
;
202: 2202Call 202(current pc: 202
;
204: eeReturn
202
;
204: eeReturn
200
;
202: 2202Call 202(current pc: 202
;
204: eeReturn
202
;
204: eeReturn
200
;
202: 2202Call 202(current pc: 202
;
204: eeReturn
202
;
204: eeReturn
200
;
202: 2202Call 202(current pc: 202
;
204: eeReturn
202
;
204: eeReturn
200
;
202: 2202Call 202(current pc: 202
;
204: eeReturn
202
;
204: eeReturn
200
;
202: 2202Call 202(current pc: 202
;
204: eeReturn
202
;
204: eeReturn
200
;
202: 2202Call 202(current pc: 202
;
204: eeReturn
202
;
204: eeReturn
200
;
202: 2202Call 202(current pc: 202
;
204: eeReturn
202
;
204: eeReturn
200
;
202: 2202Call 202(current pc: 202
;
204: eeReturn
202
;
204: eeReturn
200
;
202: 2202Call 202(current pc: 202
;
204: eeReturn
202
;
204: eeReturn
200
;
202: 2202Call 202(current pc: 202
;
204: eeReturn
202
;
204: eeReturn
200
;
202: 2202Call 202(current pc: 202
;
204: eeReturn
202
;
204: eeReturn
200
;
202: 2202Call 202(current pc: 202
;
204: eeReturn
202
;
204: eeReturn
200
;
202: 2202Call 202(current pc: 202
;
204: eeReturn
202
;
204: eeReturn
200
;
202: 2202Call 202(current pc: 202
;
204: eeReturn
202
;
204: eeReturn
200
;
202: 2202Call 202(current pc: 202
;
204: eeReturn
202
;
204: eeReturn
200
;
202: 2202Call 202(current pc: 202
;
204: eeReturn
202
;
204: eeReturn
200
;
202: 2202Call 202(current pc: 202
;
204: eeReturn
202
;
204: eeReturn
200
;
202: 2202Call 202(current pc: 202
;
204: eeReturn
202
;
204: eeReturn
200
;
202: 2202Call 202(current pc: 202
;
204: eeReturn
202
;
204: eeReturn
200
;
202: 2202Call 202(current pc: 202
;
204: eeReturn
202
;
204: eeReturn
200
;
202: 2202Call 202(current pc: 202
;
204: eeReturn
202
;
204: eeReturn
200
;
202: 2202Call 202(current pc: 202
;
204: eeReturn
202
;
204: eeReturn
200
;
202: 2202Call 202(current pc: 202
;
204: eeReturn
202
;
204: eeReturn
200
;
202: 2202Call 202(current pc: 202
;
204: eeReturn
202
;
204: eeReturn
200
;
202: 2202Call 202(current pc: 202
;
204: eeReturn
202
;
204: eeReturn
200
;
202: 2202Call 202(current pc: 202
;
204: eeReturn
202
;
204: eeReturn
200
;
202: 2202Call 202(current pc: 202
;
204: eeReturn
202
;
204: eeReturn
200
;
202: 2202Call 202(current pc: 202
;
204: eeReturn
202
;
204: eeReturn
200
;
202: 2202Call 202(current pc: 202
;
204: eeReturn
202
;
204: eeReturn
200
;
202: 2202Call 202(current pc: 202
;
204: eeReturn
202
;
204: eeReturn
200
;
202: 2202Call 202(current pc: 202
;
204: eeReturn
202
;
204: eeReturn
200
;
202: 2202Call 202(current pc: 202
;
204: eeReturn
202
;
204: eeReturn
200
;
202: 2202Call 202(current pc: 202
;
204: eeReturn
202
;
204: eeReturn
200
;
202: 2202Call 202(current pc: 202
;
204: eeReturn
202
;
204: eeReturn
200
;
202: 2202Call 202(current pc: 202
;
204: eeReturn
202
;
204: eeReturn
200
;
202: 2202Call 202(current pc: 202
;
204: eeReturn
202
;
204: eeReturn
200
;
202: 2202Call 202(current pc: 202
;
204: eeReturn
202
;
204: eeReturn
200
;
202: 2202Call 202(current pc: 202
;
204: eeReturn
202
;
204: eeReturn
200
;
202: 2202Call 202(current pc: 202
;
204: eeReturn
202
;
204: eeReturn
200
;
202: 2202Call 202(current pc: 202
;
204: eeReturn
202
;
204: eeReturn
200
;
202: 2202Call 202(current pc: 202
;
204: eeReturn
202
;
204: eeReturn
200
;
202: 2202Call 202(current pc: 202
;
204: eeReturn
202
;
204: eeReturn
200
;
202: 2202Call 202(current pc: 202
;
204: eeReturn
202
;
204: eeReturn
200
;
202: 2202Call 202(current pc: 202
;
204: eeReturn
202
;
204: eeReturn
200
;
202: 2202Call 202(current pc: 202
;
204: eeReturn
202
;
204: eeReturn
200
;
202: 2202Call 202(current pc: 202
;
204: eeReturn
202
;
204: eeReturn
200
;
202: 2202Call 202(current pc: 202
;
204: eeReturn
202
;
204: eeReturn
200
;
202: 2202Call 202(current pc: 202
;
204: eeReturn
202
;
204: eeReturn
200
;
202: 2202Call 202(current pc: 202
;
204: eeReturn
202
;
204: eeReturn
200
;
202: 2202Call 202(current pc: 202
;
204: eeReturn
202
;
204: eeReturn
200
;
202: 2202Call 202(current pc: 202
;
204: eeReturn
202
;
204: eeReturn
200
;
202: 2202Call 202(current pc: 202
;
204: eeReturn
202
;
204: eeReturn
200
;
202: 2202Call 202(current pc: 202
;
204: eeReturn
202
;
204: eeReturn
200
;
202: 2202Call 202(current pc: 202
;
204: eeReturn
202
;
204: eeReturn
200
;
202: 2202Call 202(current pc: 202
;
204: eeReturn
202
;
204: eeReturn
200
;
202: 2202Call 202(current pc: 202
;
204: eeReturn
202
;
204: eeReturn
200
;
202: 2202Call 202(current pc: 202
;
204: eeReturn
202
;
204: eeReturn
200
;
202: 2202Call 202(current pc: 202
;
204: eeReturn
202
;
204: eeReturn
200
;
202: 2202Call 202(current pc: 202
;
204: eeReturn
202
;
204: eeReturn
200
;
202: 2202Call 202(current pc: 202
;
204: eeReturn
202
;
204: eeReturn
200
;
202: 2202Call 202(current pc: 202
;
204: eeReturn
202
;
204: eeReturn
200
;
202: 2202Call 202(current pc: 202
;
204: eeReturn
202
;
204: eeReturn
200
;
202: 2202Call 202(current pc: 202
;
204: eeReturn
202
;
204: eeReturn
200
;
202: 2202Call 202(current pc: 202
;
204: eeReturn
202
;
204: eeReturn
200
;
202: 2202Call 202(current pc: 202
;
204: eeReturn
202
;
204: eeReturn
200
;
202: 2202Call 202(current pc: 202
;
204: eeReturn
202
;
204: eeReturn
200
;
202: 2202Call 202(current pc: 202
;
204: eeReturn
202
;
204: eeReturn
200
;
202: 2202Call 202(current pc: 202
;
204: eeReturn
202
;
204: eeReturn
200
;
202: 2202Call 202(current pc: 202
;
204: eeReturn
202
;
204: eeReturn
200
;
202: 2202Call 202(current pc: 202
;
204: eeReturn
202
;
204: eeReturn
200
;
202: 2202Call 202(current pc: 202
;
204: eeReturn
202
;
204: eeReturn
200
;
202: 2202Call 202(current pc: 202
;
204: eeReturn
202
;
204: eeReturn
200
;
202: 2202Call 202(current pc: 202
;
204: eeReturn
202
;
204: eeReturn
200
;
202: 2202Call 202(current pc: 202
;
204: eeReturn
202
;
204: eeReturn
200
;
202: 2202Call 202(current pc: 202
;
204: eeReturn
202
;
204: eeReturn
200
;
202: 2202Call 202(current pc: 202
;
204: eeReturn
202
;
204: eeReturn
200
;
202: 2202Call 202(current pc: 202
;
204: eeReturn
202
;
204: eeReturn
200
;
202: 2202Call 202(current pc: 202
;
204: eeReturn
202
;
204: eeReturn
200
;
202: 2202Call 202(current pc: 202
;
204: eeReturn
202
;
204: eeReturn
200
;
202: 2202Call 202(current pc: 202
;
204: eeReturn
202
;
204: eeReturn
200
;
202: 2202Call 202(current pc: 202
;
204: eeReturn
202
;
204: eeReturn
200
;
202: 2202Call 202(current pc: 202
;
204: eeReturn
202
;
204: eeReturn
200
;
202: 2202Call 202(current pc: 202
;
204: eeReturn
202
;
204: eeReturn
200
;
202: 2202Call 202(current pc: 202
;
204: eeReturn
202
;
204: eeReturn
200
;
202: 2202Call 202(current pc: 202
;
204: eeReturn
202
;
204: eeReturn
200
;
202: 2202Call 202(current pc: 202
;
204: eeReturn
202
;
204: eeReturn
200
;
202: 2202Call 202(current pc: 202
;
204: eeReturn
202
;
204: eeReturn
200
;
202: 2202Call 202(current pc: 202
;
204: eeReturn
202
;
204: eeReturn
200
;
202: 2202Call 202(current pc: 202
;
204: eeReturn
202
;
204: eeReturn
200
;
202: 2202Call 202(current pc: 202
;
204: eeReturn
202
;
204: eeReturn
200
;
202: 2202Call 202(current pc: 202
;
204: eeReturn
202
;
204: eeReturn
200
;
202: 2202Call 202(current pc: 202
;
204: eeReturn
202
;
204: eeReturn
200
;
202: 2202Call 202(current pc: 202
;
204: eeReturn
202
;
204: eeReturn
200
;
202: 2202Call 202(current pc: 202
;
204: eeReturn
202
;
204: eeReturn
200
;
202: 2202Call 202(current pc: 202
;
204: eeReturn
202
;
204: eeReturn
200
;
202: 2202Call 202(current pc: 202
;
204: eeReturn
202
;
204: eeReturn
200
;
202: 2202Call 202(current pc: 202
;
204: eeReturn
202
;
204: eeReturn
200
;
202: 2202Call 202(current pc: 202
;
204: eeReturn
202
;
204: eeReturn
200
;
202: 2202Call 202(current pc: 202
;
204: eeReturn
202
;
204: eeReturn
200
;
202: 2202Call 202(current pc: 202
;
204: eeReturn
202
;
204: eeReturn
200
;
202: 2202Call 202(current pc: 202
;
204: eeReturn
202
;
204: eeReturn
200
;
202: 2202Call 202(current pc: 202
;
204: eeReturn
202
;
204: eeReturn
200
;
202: 2202Call 202(current pc: 202
;
204: eeReturn
202
;
204: eeReturn
200
;
202: 2202Call 202(current pc: 202
;
204: eeReturn
202
;
204: eeReturn
200
;
202: 2202Call 202(current pc: 202
;
204: eeReturn
202
;
204: eeReturn
200
;
202: 2202Call 202(current pc: 202
;
204: eeReturn
202
;
204: eeReturn
200
;
202: 2202Call 202(current pc: 202
;
204: eeReturn
202
;
204: eeReturn
200
;
202: 2202Call 202(current pc: 202
;
204: eeReturn
202
;
204: eeReturn
200
;
202: 2202Call 202(current pc: 202
;
204: eeReturn
202
;
204: eeReturn
200
;
202: 2202Call 202(current pc: 202
;
204: eeReturn
202
;
204: eeReturn
200
;
202: 2202Call 202(current pc: 202
;
204: eeReturn
202
;
204: eeReturn
200
;
202: 2202Call 202(current pc: 202
;
204: eeReturn
202
;
204: eeReturn
200
;
202: 2202Call 202(current pc: 202
;
204: eeReturn
202
;
204: eeReturn
200
;
202: 2202Call 202(current pc: 202
;
204: eeReturn
202
;
204: eeReturn
200
;
202: 2202Call 202(current pc: 202
;
204: eeReturn
202
;
204: eeReturn
200
;
202: 2202Call 202(current pc: 202
;
204: eeReturn
202
;
204: eeReturn
200
;
202: 2202Call 202(current pc: 202
;
204: eeReturn
202
;
204: eeReturn
200
;
202: 2202Call 202(current pc: 202
;
204: eeReturn
202
;
204: eeReturn
200
;
202: 2202Call 202(current pc: 202
;
204: eeReturn
202
;
204: eeReturn
200
;
202: 2202Call 202(current pc: 202
;
204: eeReturn
202
;
204: eeReturn
200
;
202: 2202Call 202(current pc: 202
;
204: eeReturn
202
;
204: eeReturn
200
;
202: 2202Call 202(current pc: 202
;
204: eeReturn
202
;
204: eeReturn
200
;
202: 2202Call 202(current pc: 202
;
204: eeReturn
202
;
204: eeReturn
200
;
202: 2202Call 202(current pc: 202
;
204: eeReturn
202
;
204: eeReturn
200
;
202: 2202Call 202(current pc: 202
;
204: eeReturn
202
;
204: eeReturn
200
;
202: 2202Call 202(current pc: 202
;
204: eeReturn
202
;
204: eeReturn
200
;
202: 2202Call 202(current pc: 202
;
204: eeReturn
202
;
204: eeReturn
200
;
202: 2202Call 202(current pc: 202
;
204: eeReturn
202
;
204: eeReturn
200
;
202: 2202Call 202(current pc: 202
;
204: eeReturn
202
;
204: eeReturn
200
;
202: 2202Call 202(current pc: 202
;
204: eeReturn
202
;
204: eeReturn
200
;
202: 2202Call 202(current pc: 202
;
204: eeReturn
202
;
204: eeReturn
200
;
202: 2202Call 202(current pc: 202
;
204: eeReturn
202
;
204: eeReturn
200
;
202: 2202Call 202(current pc: 202
;
204: eeReturn
202
;
204: eeReturn
200
;
202: 2202Call 202(current pc: 202
;
204: eeReturn
202
;
204: eeReturn
200
;
202: 2202Call 202(current pc: 202
;
204: eeReturn
202
;
204: eeReturn
200
;
202: 2202Call 202(current pc: 202
;
204: eeReturn
202
;
204: eeReturn
200
;
202: 2202Call 202(current pc: 202
;
204: eeReturn
202
;
204: eeReturn
200
;
202: 2202Call 202(current pc: 202
;
204: eeReturn
202
;
204: eeReturn
200
;
202: 2202Call 202(current pc: 202
;
204: eeReturn
202
;
204: eeReturn
200
;
202: 2202Call 202(current pc: 202
;
204: eeReturn
202
;
204: eeReturn
200
;
202: 2202Call 202(current pc: 202
;
204: eeReturn
202
;
204: eeReturn
200
;
202: 2202Call 202(current pc: 202
;
204: eeReturn
202
;
204: eeReturn
200
;
202: 2202Call 202(current pc: 202
;
204: eeReturn
202
;
204: eeReturn
200
;
202: 2202Call 202(current pc: 202
;
204: eeReturn
202
;
204: eeReturn
200
;
202: 2202Call 202(current pc: 202
;
204: eeReturn
202
;
204: eeReturn
200
;
202: 2202Call 202(current pc: 202
;
204: eeReturn
202
;
204: eeReturn
200
;
202: 2202Call 202(current pc: 202
;
204: eeReturn
202
;
204: eeReturn
200
;
202: 2202Call 202(current pc: 202
;
204: eeReturn
202
;
204: eeReturn
200
;
202: 2202Call 202(current pc: 202
;
204: eeReturn
202
;
204: eeReturn
200
;
202: 2202Call 202(current pc: 202
;
204: eeReturn
202
;
204: eeReturn
200
;
202: 2202Call 202(current pc: 202
;
204: eeReturn
202
;
204: eeReturn
200
;
202: 2202Call 202(current pc: 202
;
204: eeReturn
202
;
204: eeReturn
200
;
202: 2202Call 202(current pc: 202
;
204: eeReturn
202
;
204: eeReturn
200
;
202: 2202Call 202(current pc: 202
;
204: eeReturn
202
;
204: eeReturn
200
;
202: 2202Call 202(current pc: 202
;
204: eeReturn
202
;
204: eeReturn
200
;
202: 2202Call 202(current pc: 202
;
204: eeReturn
202
;
204: eeReturn
200
;
202: 2202Call 202(current pc: 202
;
204: eeReturn
202
;
204: eeReturn
200
;
202: 2202Call 202(current pc: 202
;
204: eeReturn
202
;
204: eeReturn
200
;
202: 2202Call 202(current pc: 202
;
204: eeReturn
202
;
204: eeReturn
200
;
202: 2202Call 202(current pc: 202
;
204: eeReturn
202
;
204: eeReturn
200
;
202: 2202Call 202(current pc: 202
;
204: eeReturn
202
;
204: eeReturn
200
;
202: 2202Call 202(current pc: 202
;
204: eeReturn
202
;
204: eeReturn
200
;
202: 2202Call 202(current pc: 202
;
204: eeReturn
202
;
204: eeReturn
200
;
202: 2202Call 202(current pc: 202
;
204: eeReturn
202
;
204: eeReturn
200
;
202: 2202Call 202(current pc: 202
;
204: eeReturn
202
;
204: eeReturn
200
;
202: 2202Call 202(current pc: 202
;
204: eeReturn
202
;
204: eeReturn
200
;
202: 2202Call 202(current pc: 202
;
204: eeReturn
202
;
204: eeReturn
200
;
202: 2202Call 202(current pc: 202
;
204: eeReturn
202
;
204: eeReturn
200
;
202: 2202Call 202(current pc: 202
;
204: eeReturn
202
;
204: eeReturn
200
;
202: 2202Call 202(current pc: 202
;
204: eeReturn
202
;
204: eeReturn
200
;
202: 2202Call 202(current pc: 202
;
204: eeReturn
202
;
204: eeReturn
200
;
202: 2202Call 202(current pc: 202
;
204: eeReturn
202
;
204: eeReturn
200
;
202: 2202Call 202(current pc: 202
;
204: eeReturn
202
;
204: eeReturn
200
;
202: 2202Call 202(current pc: 202
;
204: eeReturn
202
;
204: eeReturn
200
;
202: 2202Call 202(current pc: 202
;
204: eeReturn
202
;
204: eeReturn
200
;
202: 2202Call 202(current pc: 202
;
204: eeReturn
202
;
204: eeReturn
200
;
202: 2202Call 202(current pc: 202
;
204: eeReturn
202
;
204: eeReturn
200
;
202: 2202Call 202(current pc: 202
;
204: eeReturn
202
;
204: eeReturn
200
;
202: 2202Call 202(current pc: 202
;
204: eeReturn
202
;
204: eeReturn
200
;
202: 2202Call 202(current pc: 202
;
204: eeReturn
202
;
204: eeReturn
200
;
202: 2202Call 202(current pc: 202
;
204: eeReturn
202
;
204: eeReturn
200
;
202: 2202Call 202(current pc: 202
;
204: eeReturn
202
;
204: eeReturn
200
;
202: 2202Call 202(current pc: 202
;
204: eeReturn
202
;
204: eeReturn
200
;
202: 2202Call 202(current pc: 202
;
204: eeReturn
202
;
204: eeReturn
200
;
202: 2202Call 202(current pc: 202
;
204: eeReturn
202
;
204: eeReturn
200
;
202: 2202Call 202(current pc: 202
;
204: eeReturn
202
;
204: eeReturn
200
;
202: 2202Call 202(current pc: 202
;
204: eeReturn
202
;
204: eeReturn
200
;
202: 2202Call 202(current pc: 202
;
204: eeReturn
202
;
204: eeReturn
200
;
202: 2202Call 202(current pc: 202
;
204: eeReturn
202
;
204: eeReturn
200
;
202: 2202Call 202(current pc: 202
;
204: eeReturn
202
;
204: eeReturn
200
;
202: 2202Call 202(current pc: 202
;
204: eeReturn
202
;
204: eeReturn
200
;
202: 2202Call 202(current pc: 202
;
204: eeReturn
202
;
204: eeReturn
200
;
202: 2202Call 202(current pc: 202
;
204: eeReturn
202
;
204: eeReturn
200
;
202: 2202Call 202(current pc: 202
;
204: eeReturn
202
;
204: eeReturn
200
;
202: 2202Call 202(current pc: 202
;
204: eeReturn
202
;
204: eeReturn
200
;
202: 2202Call 202(current pc: 202
;
204: eeReturn
202
;
204: eeReturn
200
;
202: 2202Call 202(current pc: 202
;
204: eeReturn
202
;
204: eeReturn
200
;
202: 2202Call 202(current pc: 202
;
204: eeReturn
202
;
204: eeReturn
200
;
202: 2202Call 202(current pc: 202
;
204: eeReturn
202
;
204: eeReturn
200
;
202: 2202Call 202(current pc: 202
;
204: eeReturn
202
;
204: eeReturn
200
;
202: 2202Call 202(current pc: 202
;
204: eeReturn
202
;
204: eeReturn
200
;
202: 2202Call 202(current pc: 202
;
204: eeReturn
202
;
204: eeReturn
200
;
202: 2202Call 202(current pc: 202
;
204: eeReturn
202
;
204: eeReturn
200
;
202: 2202Call 202(current pc: 202
;
204: eeReturn
202
;
204: eeReturn
200
;
202: 2202Call 202(current pc: 202
;
204: eeReturn
202
;
204: eeReturn
200
;
202: 2202Call 202(current pc: 202
;
204: eeReturn
202
;
204: eeReturn
200
;
202: 2202Call 202(current pc: 202
;
204: eeReturn
202
;
204: eeReturn
200
;
202: 2202Call 202(current pc: 202
;
204: eeReturn
202
;
204: eeReturn
200
;
202: 2202Call 202(current pc: 202
;
204: eeReturn
202
;
204: eeReturn
200
;
202: 2202Call 202(current pc: 202
;
204: eeReturn
202
;
204: eeReturn
200
;
202: 2202Call 202(current pc: 202
;
204: eeReturn
202
;
204: eeReturn
200
;
202: 2202Call 202(current pc: 202
;
204: eeReturn
202
;
204: eeReturn
200
;
202: 2202Call 202(current pc: 202
;
204: eeReturn
202
;
204: eeReturn
200
;
202: 2202Call 202(current pc: 202
;
204: eeReturn
202
;
204: eeReturn
200
;
202: 2202Call 202(current pc: 202
;
204: eeReturn
202
;
204: eeReturn
200
;
202: 2202Call 202(current pc: 202
;
204: eeReturn
202
;
204: eeReturn
200
;
202: 2202Call 202(current pc: 202
;
204: eeReturn
202
;
204: eeReturn
200
;
202: 2202Call 202(current pc: 202
;
204: eeReturn
202
;
204: eeReturn
200
;
202: 2202Call 202(current pc: 202
;
204: eeReturn
202
;
204: eeReturn
200
;
202: 2202Call 202(current pc: 202
;
204: eeReturn
202
;
204: eeReturn
200
;
202: 2202Call 202(current pc: 202
;
204: eeReturn
202
;
204: eeReturn
200
;
202: 2202Call 202(current pc: 202
;
204: eeReturn
202
;
204: eeReturn
200
;
202: 2202Call 202(current pc: 202
;
204: eeReturn
202
;
204: eeReturn
200
;
202: 2202Call 202(current pc: 202
;
204: eeReturn
202
;
204: eeReturn
200
;
202: 2202Call 202(current pc: 202
;
204: eeReturn
202
;
204: eeReturn
200
;
202: 2202Call 202(current pc: 202
;
204: eeReturn
202
;
204: eeReturn
200
;
202: 2202Call 202(current pc: 202
;
204: eeReturn
202
;
204: eeReturn
200
;
202: 2202Call 202(current pc: 202
;
204: eeReturn
202
;
204: eeReturn
200
;
202: 2202Call 202(current pc: 202
;
204: eeReturn
202
;
204: eeReturn
200
;
202: 2202Call 202(current pc: 202
;
204: eeReturn
202
;
204: eeReturn
200
;
202: 2202Call 202(current pc: 202
;
204: eeReturn
202
;
204: eeReturn
200
;
202: 2202Call 202(current pc: 202
;
204: eeReturn
202
;
204: eeReturn
200
;
202: 2202Call 202(current pc: 202
;
204: eeReturn
202
;
204: eeReturn
200
;
202: 2202Call 202(current pc: 202
;
204: eeReturn
202
;
204: eeReturn
200
;
202: 2202Call 202(current pc: 202
;
204: eeReturn
202
;
204: eeReturn
200
;
202: 2202Call 202(current pc: 202
;
204: eeReturn
202
;
204: eeReturn
200
;
202: 2202Call 202(current pc: 202
;
204: eeReturn
202
;
204: eeReturn
200
;
202: 2202Call 202(current pc: 202
;
204: eeReturn
202
;
204: eeReturn
200
;
202: 2202Call 202(current pc: 202
;
204: eeReturn
202
;
204: eeReturn
200
;
202: 2202Call 202(current pc: 202
;
204: eeReturn
202
;
204: eeReturn
200
;
202: 2202Call 202(current pc: 202
;
204: eeReturn
202
;
204: eeReturn
200
;
202: 2202Call 202(current pc: 202
;
204: eeReturn
202
;
204: eeReturn
200
;
202: 2202Call 202(current pc: 202
;
204: eeReturn
202
;
204: eeReturn
200
;
202: 2202Call 202(current pc: 202
;
204: eeReturn
202
;
204: eeReturn
200
;
202: 2202Call 202(current pc: 202
;
204: eeReturn
202
;
204: eeReturn
200
;
202: 2202Call 202(current pc: 202
;
204: eeReturn
202
;
204: eeReturn
200
;
202: 2202Call 202(current pc: 202
;
204: eeReturn
202
;
204: eeReturn
200
;
202: 2202Call 202(current pc: 202
;
204: eeReturn
202
;
204: eeReturn
200
;
202: 2202Call 202(current pc: 202
;
204: eeReturn
202
;
204: eeReturn
200
;
202: 2202Call 202(current pc: 202
;
204: eeReturn
202
;
204: eeReturn
200
;
202: 2202Call 202(current pc: 202
;
204: eeReturn
202
;
204: eeReturn
200
;
202: 2202Call 202(current pc: 202
;
204: eeReturn
202
;
204: eeReturn
200
;
202: 2202Call 202(current pc: 202
;
204: eeReturn
202
;
204: eeReturn
200
;
202: 2202Call 202(current pc: 202
;
204: eeReturn
202
;
204: eeReturn
200
;
202: 2202Call 202(current pc: 202
;
204: eeReturn
202
;
204: eeReturn
200
;
202: 2202Call 202(current pc: 202
;
204: eeReturn
202
;
204: eeReturn
200
;
202: 2202Call 202(current pc: 202
;
204: eeReturn
202
;
204: eeReturn
200
;
202: 2202Call 202(current pc: 202
;
204: eeReturn
202
;
204: eeReturn
200
;
202: 2202Call 202(current pc: 202
;
204: eeReturn
202
;
204: eeReturn
200
;
202: 2202Call 202(current pc: 202
;
204: eeReturn
202
;
204: eeReturn
200
;
202: 2202Call 202(current pc: 202
;
204: eeReturn
202
;
204: eeReturn
200
;
202: 2202Call 202(current pc: 202
;
204: eeReturn
202
;
204: eeReturn
200
;
202: 2202Call 202(current pc: 202
;
204: eeReturn
202
;
204: eeReturn
200
;
202: 2202Call 202(current pc: 202
;
204: eeReturn
202
;
204: eeReturn
200
;
202: 2202Call 202(current pc: 202
;
204: eeReturn
202
;
204: eeReturn
200
;
202: 2202Call 202(current pc: 202
;
204: eeReturn
202
;
204: eeReturn
200
;
202: 2202Call 202(current pc: 202
;
204: eeReturn
202
;
204: eeReturn
200
;
202: 2202Call 202(current pc: 202
;
204: eeReturn
202
;
204: eeReturn
200
;
202: 2202Call 202(current pc: 202
;
204: eeReturn
202
;
204: eeReturn
200
;
202: 2202Call 202(current pc: 202
;
204: eeReturn
202
;
204: eeReturn
200
;
202: 2202Call 202(current pc: 202
;
204: eeReturn
202
;
204: eeReturn
200
;
202: 2202Call 202(current pc: 202
;
204: eeReturn
202
;
204: eeReturn
200
;
202: 2202Call 202(current pc: 202
;
204: eeReturn
202
;
204: eeReturn
200
;
202: 2202Call 202(current pc: 202
;
204: eeReturn
202
;
204: eeReturn
200
;
202: 2202Call 202(current pc: 202
;
204: eeReturn
202
;
204: eeReturn
200
;
202: 2202Call 202(current pc: 202
;
204: eeReturn
202
;
204: eeReturn
200
;
202: 2202Call 202(current pc: 202
;
204: eeReturn
202
;
204: eeReturn
200
;
202: 2202Call 202(current pc: 202
;
204: eeReturn
202
;
204: eeReturn
200
;
202: 2202Call 202(current pc: 202
;
204: eeReturn
202
;
204: eeReturn
200
;
202: 2202Call 202(current pc: 202
;
204: eeReturn
202
;
204: eeReturn
200
;
202: 2202Call 202(current pc: 202
;
204: eeReturn
202
;
204: eeReturn
200
;
202: 2202Call 202(current pc: 202
;
204: eeReturn
202
;
204: eeReturn
200
;
202: 2202Call 202(current pc: 202
;
204: eeReturn
202
;
204: eeReturn
200
;
202: 2202Call 202(current pc: 202
;
204: eeReturn
202
;
204: eeReturn
200
;
202: 2202Call 202(current pc: 202
;
204: eeReturn
202
;
204: eeReturn
200
;
202: 2202Call 202(current pc: 202
;
204: eeReturn
202
;
204: eeReturn
200
;
202: 2202Call 202(current pc: 202
;
204: eeReturn
202
;
204: eeReturn
200
;
202: 2202Call 202(current pc: 202
;
204: eeReturn
202
;
204: eeReturn
200
;
202: 2202Call 202(current pc: 202
;
204: eeReturn
202
;
204: eeReturn
200
;
202: 2202Call 202(current pc: 202
;
204: eeReturn
202
;
204: eeReturn
200
;
202: 2202Call 202(current pc: 202
;
204: eeReturn
202
;
204: eeReturn
200
;
202: 2202Call 202(current pc: 202
;
204: eeReturn
202
;
204: eeReturn
200
;
202: 2202Call 202(current pc: 202
;
204: eeReturn
202
;
204: eeReturn
200
;
202: 2202Call 202(current pc: 202
;
204: eeReturn
202
;
204: eeReturn
200
;
202: 2202Call 202(current pc: 202
;
204: eeReturn
202
;
204: eeReturn
200
;
202: 2202Call 202(current pc: 202
;
204: eeReturn
202
;
204: eeReturn
200
;
202: 2202Call 202(current pc: 202
;
204: eeReturn
202
;
204: eeReturn
200
;
202: 2202Call 202(current pc: 202
;
204: eeReturn
202
;
204: eeReturn
200
;
202: 2202Call 202(current pc: 202
;
204: eeReturn
202
;
204: eeReturn
200
;
202: 2202Call 202(current pc: 202
;
204: eeReturn
202
;
204: eeReturn
200
;
202: 2202Call 202(current pc: 202
;
204: eeReturn
202
;
204: eeReturn
200
;
202: 2202Call 202(current pc: 202
;
204: eeReturn
202
;
204: eeReturn
200
;
202: 2202Call 202(current pc: 202
;
204: eeReturn
202
;
204: eeReturn
200
;
202: 2202Call 202(current pc: 202
;
204: eeReturn
202
;
204: eeReturn
200
;
202: 2202Call 202(current pc: 202
;
204: eeReturn
202
;
204: eeReturn
200
;
202: 2202Call 202(current pc: 202
;
204: eeReturn
202
;
204: eeReturn
200
;
202: 2202Call 202(current pc: 202
;
204: eeReturn
202
;
204: eeReturn
200
;
202: 2202Call 202(current pc: 202
;
204: eeReturn
202
;
204: eeReturn
200
;
202: 2202Call 202(current pc: 202
;
204: eeReturn
202
;
204: eeReturn
200
;
202: 2202Call 202(current pc: 202
;
204: eeReturn
202
;
204: eeReturn
200
;
202: 2202Call 202(current pc: 202
;
204: eeReturn
202
;
204: eeReturn
200
;
202: 2202Call 202(current pc: 202
;
204: eeReturn
202
;
204: eeReturn
200
;
202: 2202Call 202(current pc: 202
;
204: eeReturn
202
;
204: eeReturn
200
;
202: 2202Call 202(current pc: 202
;
204: eeReturn
202
;
204: eeReturn
200
;
202: 2202Call 202(current pc: 202
;
204: eeReturn
202
;
204: eeReturn
200
;
202: 2202Call 202(current pc: 202
;
204: eeReturn
202
;
204: eeReturn
200
;
202: 2202Call 202(current pc: 202
;
204: eeReturn
202
;
204: eeReturn
200
;
202: 2202Call 202(current pc: 202
;
204: eeReturn
202
;
204: eeReturn
200
;
202: 2202Call 202(current pc: 202
;
204: eeReturn
202
;
204: eeReturn
200
;
202: 2202Call 202(current pc: 202
;
204: eeReturn
202
;
204: eeReturn
200
;
202: 2202Call 202(current pc: 202
;
204: eeReturn
202
;
204: eeReturn
200
;
202: 2202Call 202(current pc: 202
;
204: eeReturn
202
;
204: eeReturn
200
;
202: 2202Call 202(current pc: 202
;
204: eeReturn
202
;
204: eeReturn
200
;
202: 2202Call 202(current pc: 202
;
204: eeReturn
202
;
204: eeReturn
200
;
202: 2202Call 202(current pc: 202
;
204: eeReturn
202
;
204: eeReturn
200
;
202: 2202Call 202(current pc: 202
;
204: eeReturn
202
;
204: eeReturn
200
;
202: 2202Call 202(current pc: 202
;
204: eeReturn
202
;
204: eeReturn
200
;
202: 2202Call 202(current pc: 202
;
204: eeReturn
202
;
204: eeReturn
200
;
202: 2202Call 202(current pc: 202
;
204: eeReturn
202
;
204: eeReturn
200
;
202: 2202Call 202(current pc: 202
;
204: eeReturn
202
;
204: eeReturn
200
;
202: 2202Call 202(current pc: 202
;
204: eeReturn
202
;
204: eeReturn
200
;
202: 2202Call 202(current pc: 202
;
204: eeReturn
202
;
204: eeReturn
200
;
202: 2202Call 202(current pc: 202
;
204: eeReturn
202
;
204: eeReturn
200
;
202: 2202Call 202(current pc: 202
;
204: eeReturn
202
;
204: eeReturn
200
;
202: 2202Call 202(current pc: 202
;
204: eeReturn
202
;
204: eeReturn
200
;
202: 2202Call 202(current pc: 202
;
204: eeReturn
202
;
204: eeReturn
200
;
202: 2202Call 202(current pc: 202
;
204: eeReturn
202
;
204: eeReturn
200
;
202: 2202Call 202(current pc: 202
;
204: eeReturn
202
;
204: eeReturn
200
;
202: 2202Call 202(current pc: 202
;
204: eeReturn
202
;
204: eeReturn
200
;
202: 2202Call 202(current pc: 202
;
204: eeReturn
202
;
204: eeReturn
200
;
202: 2202Call 202(current pc: 202
;
204: eeReturn
202
;
204: eeReturn
200
;
202: 2202Call 202(current pc: 202
;
204: eeReturn
202
;
204: eeReturn
200
;
202: 2202Call 202(current pc: 202
;
204: eeReturn
202
;
204: eeReturn
200
;
202: 2202Call 202(current pc: 202
;
204: eeReturn
202
;
204: eeReturn
200
;
202: 2202Call 202(current pc: 202
;
204: eeReturn
202
;
204: eeReturn
200
;
202: 2202Call 202(current pc: 202
;
204: eeReturn
202
;
204: eeReturn
200
;
202: 2202Call 202(current pc: 202
;
204: eeReturn
202
;
204: eeReturn
200
;
202: 2202Call 202(current pc: 202
;
204: eeReturn
202
;
204: eeReturn
200
;
202: 2202Call 202(current pc: 202
;
204: eeReturn
202
;
204: eeReturn
200
;
202: 2202Call 202(current pc: 202
;
204: eeReturn
202
;
204: eeReturn
200
;
202: 2202Call 202(current pc: 202
;
204: eeReturn
202
;
204: eeReturn
200
;
202: 2202Call 202(current pc: 202
;
204: eeReturn
202
;
204: eeReturn
200
;
202: 2202Call 202(current pc: 202
;
204: eeReturn
202
;
204: eeReturn
200
;
202: 2202Call 202(current pc: 202
;
204: eeReturn
202
;
204: eeReturn
200
;
202: 2202Call 202(current pc: 202
;
204: eeReturn
202
;
204: eeReturn
200
;
202: 2202Call 202(current pc: 202
;
204: eeReturn
202
;
204: eeReturn
200
;
202: 2202Call 202(current pc: 202
;
204: eeReturn
202
;
204: eeReturn
200
;
202: 2202Call 202(current pc: 202
;
204: eeReturn
202
;
204: eeReturn
200
;
202: 2202Call 202(current pc: 202
;
204: eeReturn
202
;
204: eeReturn
200
;
202: 2202Call 202(current pc: 202
;
204: eeReturn
202
;
204: eeReturn
200
;
202: 2202Call 202(current pc: 202
;
204: eeReturn
202
;
204: eeReturn
200
;
202: 2202Call 202(current pc: 202
;
204: eeReturn
202
;
204: eeReturn
200
;
202: 2202Call 202(current pc: 202
;
204: eeReturn
202
;
204: eeReturn
200
;
202: 2202Call 202(current pc: 202
;
204: eeReturn
202
;
204: eeReturn
200
;
202: 2202Call 202(current pc: 202
;
204: eeReturn
202
;
204: eeReturn
200
;
202: 2202Call 202(current pc: 202
;
204: eeReturn
202
;
204: eeReturn
200
;
202: 2202Call 202(current pc: 202
;
204: eeReturn
202
;
204: eeReturn
200
;
202: 2202Call 202(current pc: 202
;
204: eeReturn
202
;
204: eeReturn
200
;
202: 2202Call 202(current pc: 202
;
204: eeReturn
202
;
204: eeReturn
200
;
202: 2202Call 202(current pc: 202
;
204: eeReturn
202
;
204: eeReturn
200
;
202: 2202Call 202(current pc: 202
;
204: eeReturn
202
;
204: eeReturn
200
;
202: 2202Call 202(current pc: 202
;
204: eeReturn
202
;
204: eeReturn
200
;
202: 2202Call 202(current pc: 202
;
204: eeReturn
202
;
204: eeReturn
200
;
202: 2202Call 202(current pc: 202
;
204: eeReturn
202
;
204: eeReturn
200
;
202: 2202Call 202(current pc: 202
;
204: eeReturn
202
;
204: eeReturn
200
;
202: 2202Call 202(current pc: 202
;
204: eeReturn
202
;
204: eeReturn
200
;
202: 2202Call 202(current pc: 202
;
204: eeReturn
202
;
204: eeReturn
200
;
202: 2202Call 202(current pc: 202
;
204: eeReturn
202
;
204: eeReturn
200
;
202: 2202Call 202(current pc: 202
;
204: eeReturn
202
;
204: eeReturn
200
;
202: 2202Call 202(current pc: 202
;
204: eeReturn
202
;
204: eeReturn
200
;
202: 2202Call 202(current pc: 202
;
204: eeReturn
202
;
204: eeReturn
200
;
202: 2202Call 202(current pc: 202
;
204: eeReturn
202
;
204: eeReturn
200
;
202: 2202Call 202(current pc: 202
;
204: eeReturn
202
;
204: eeReturn
200
;
202: 2202Call 202(current pc: 202
;
204: eeReturn
202
;
204: eeReturn
200
;
202: 2202Call 202(current pc: 202
;
204: eeReturn
202
;
204: eeReturn
200
;
202: 2202Call 202(current pc: 202
;
204: eeReturn
202
;
204: eeReturn
200
;
202: 2202Call 202(current pc: 202
;
204: eeReturn
202
;
204: eeReturn
200
;
202: 2202Call 202(current pc: 202
;
204: eeReturn
202
;
204: eeReturn
200
;
202: 2202Call 202(current pc: 202
;
204: eeReturn
202
;
204: eeReturn
200
;
202: 2202Call 202(current pc: 202
;
204: eeReturn
202
;
204: eeReturn
200
;
202: 2202Call 202(current pc: 202
;
204: eeReturn
202
;
204: eeReturn
200
;
202: 2202Call 202(current pc: 202
;
204: eeReturn
202
;
204: eeReturn
200
;
202: 2202Call 202(current pc: 202
;
204: eeReturn
202
;
204: eeReturn
200
;
202: 2202Call 202(current pc: 202
;
204: eeReturn
202
;
204: eeReturn
200
;
202: 2202Call 202(current pc: 202
;
204: eeReturn
202
;
204: eeReturn
200
;
202: 2202Call 202(current pc: 202
;
204: eeReturn
202
;
204: eeReturn
200
;
202: 2202Call 202(current pc: 202
;
204: eeReturn
202
;
204: eeReturn
200
;
202: 2202Call 202(current pc: 202
;
204: eeReturn
202
;
204: eeReturn
200
;
202: 2202Call 202(current pc: 202
;
204: eeReturn
202
;
204: eeReturn
200
;
202: 2202Call 202(current pc: 202
;
204: eeReturn
202
;
204: eeReturn
200
;
202: 2202Call 202(current pc: 202
;
204: eeReturn
202
;
204: eeReturn
200
;
202: 2202Call 202(current pc: 202
;
204: eeReturn
202
;
204: eeReturn
200
;
202: 2202Call 202(current pc: 202
;
204: eeReturn
202
;
204: eeReturn
200
;
202: 2202Call 202(current pc: 202
;
204: eeReturn
202
;
204: eeReturn
200
;
202: 2202Call 202(current pc: 202
;
204: eeReturn
202
;
204: eeReturn
200
;
202: 2202Call 202(current pc: 202
;
204: eeReturn
202
;
204: eeReturn
200
;
202: 2202Call 202(current pc: 202
;
204: eeReturn
202
;
204: eeReturn
200
;
202: 2202Call 202(current pc: 202
;
204: eeReturn
202
;
204: eeReturn
200
;
202: 2202Call 202(current pc: 202
;
204: eeReturn
202
;
204: eeReturn
200
;
202: 2202Call 202(current pc: 202
;
204: eeReturn
202
;
204: eeReturn
200
;
202: 2202Call 202(current pc: 202
;
204: eeReturn
202
;
204: eeReturn
200
;
202: 2202Call 202(current pc: 202
;
204: eeReturn
202
;
204: eeReturn
200
;
202: 2202Call 202(current pc: 202
;
204: eeReturn
202
;
204: eeReturn
200
;
202: 2202Call 202(current pc: 202
;
204: eeReturn
202
;
204: eeReturn
200
;
202: 2202Call 202(current pc: 202
;
204: eeReturn
202
;
204: eeReturn
200
;
202: 2202Call 202(current pc: 202
;
204: eeReturn
202
;
204: eeReturn
200
;
202: 2202Call 202(current pc: 202
;
204: eeReturn
202
;
204: eeReturn
200
;
202: 2202Call 202(current pc: 202
;
204: eeReturn
202
;
204: eeReturn
200
;
202: 2202Call 202(current pc: 202
;
204: eeReturn
202
;
204: eeReturn
200
;
202: 2202Call 202(current pc: 202
;
204: eeReturn
202
;
204: eeReturn
200
;
202: 2202Call 202(current pc: 202
;
204: eeReturn
202
;
204: eeReturn
200
;
202: 2202Call 202(current pc: 202
;
204: eeReturn
202
;
204: eeReturn
200
;
202: 2202Call 202(current pc: 202
;
204: eeReturn
202
;
204: eeReturn
200
;
202: 2202Call 202(current pc: 202
;
204: eeReturn
202
;
204: eeReturn
200
;
202: 2202Call 202(current pc: 202
;
204: eeReturn
202
;
204: eeReturn
200
;
202: 2202Call 202(current pc: 202
;
204: eeReturn
202
;
204: eeReturn
200
;
202: 2202Call 202(current pc: 202
;
204: eeReturn
202
;
204: eeReturn
200
;
202: 2202Call 202(current pc: 202
;
204: eeReturn
202
;
204: eeReturn
200
;
202: 2202Call 202(current pc: 202
;
204: eeReturn
202
;
204: eeReturn
200
;
202: 2202Call 202(current pc: 202
;
204: eeReturn
202
;
204: eeReturn
200
;
202: 2202Call 202(current pc: 202
;
204: eeReturn
202
;
204: eeReturn
200
;
202: 2202Call 202(current pc: 202
;
204: eeReturn
202
;
204: eeReturn
200
;
202: 2202Call 202(current pc: 202
;
204: eeReturn
202
;
204: eeReturn
200
;
202: 2202Call 202(current pc: 202
;
204: eeReturn
202
;
204: eeReturn
200
;
202: 2202Call 202(current pc: 202
;
204: eeReturn
202
;
204: eeReturn
200
;
202: 2202Call 202(current pc: 202
;
204: eeReturn
202
;
204: eeReturn
200
;
202: 2202Call 202(current pc: 202
;
204: eeReturn
202
;
204: eeReturn
200
;
202: 2202Call 202(current pc: 202
;
204: eeReturn
202
;
204: eeReturn
200
;
202: 2202Call 202(current pc: 202
;
204: eeReturn
202
;
204: eeReturn
200
;
202: 2202Call 202(current pc: 202
;
204: eeReturn
202
;
204: eeReturn
200
;
202: 2202Call 202(current pc: 202
;
204: eeReturn
202
;
204: eeReturn
200
;
202: 2202Call 202(current pc: 202
;
204: eeReturn
202
;
204: eeReturn
200
;
202: 2202Call 202(current pc: 202
;
204: eeReturn
202
;
204: eeReturn
200
;
202: 2202Call 202(current pc: 202
;
204: eeReturn
202
;
204: eeReturn
200
;
202: 2202Call 202(current pc: 202
;
204: eeReturn
202
;
204: eeReturn
200
;
202: 2202Call 202(current pc: 202
;
204: eeReturn
202
;
204: eeReturn
200
;
202: 2202Call 202(current pc: 202
;
204: eeReturn
202
;
204: eeReturn
200
;
202: 2202Call 202(current pc: 202
;
204: eeReturn
202
;
204: eeReturn
200
;
202: 2202Call 202(current pc: 202
;
204: eeReturn
202
;
204: eeReturn
200
;
202: 2202Call 202(current pc: 202
;
204: eeReturn
202
;
204: eeReturn
200
;
202: 2202Call 202(current pc: 202
;
204: eeReturn
202
;
204: eeReturn
200
;
202: 2202Call 202(current pc: 202
;
204: eeReturn
202
;
204: eeReturn
200
;
202: 2202Call 202(current pc: 202
;
204: eeReturn
202
;
204: eeReturn
200
;
202: 2202Call 202(current pc: 202
;
204: eeReturn
202
;
204: eeReturn
200
;
202: 2202Call 202(current pc: 202
;
204: eeReturn
202
;
204: eeReturn
200
;
202: 2202Call 202(current pc: 202
;
204: eeReturn
202
;
204: eeReturn
200
;
202: 2202Call 202(current pc: 202
;
204: eeReturn
202
;
204: eeReturn
200
;
202: 2202Call 202(current pc: 202
;
204: eeReturn
202
;
204: eeReturn
200
;
202: 2202Call 202(current pc: 202
;
204: eeReturn
202
;
204: eeReturn
200
;
202: 2202Call 202(current pc: 202
;
204: eeReturn
202
;
204: eeReturn
200
;
202: 2202Call 202(current pc: 202
;
204: eeReturn
202
;
204: eeReturn
200
;
202: 2202Call 202(current pc: 202
;
204: eeReturn
202
;
204: eeReturn
200
;
202: 2202Call 202(current pc: 202
;
204: eeReturn
202
;
204: eeReturn
200
;
202: 2202Call 202(current pc: 202
;
204: eeReturn
202
;
204: eeReturn
200
;
202: 2202Call 202(current pc: 202
;
204: eeReturn
202
;
204: eeReturn
200
;
202: 2202Call 202(current pc: 202
;
204: eeReturn
202
;
204: eeReturn
200
;
202: 2202Call 202(current pc: 202
;
204: eeReturn
202
;
204: eeReturn
200
;
202: 2202Call 202(current pc: 202
;
204: eeReturn
202
;
204: eeReturn
200
;
202: 2202Call 202(current pc: 202
;
204: eeReturn
202
;
204: eeReturn
200
;
202: 2202Call 202(current pc: 202
;
204: eeReturn
202
;
204: eeReturn
200
;
202: 2202Call 202(current pc: 202
;
204: eeReturn
202
;
204: eeReturn
200
;
202: 2202Call 202(current pc: 202
;
204: eeReturn
202
;
204: eeReturn
200
;
202: 2202Call 202(current pc: 202
;
204: eeReturn
202
;
204: eeReturn
200
;
202: 2202Call 202(current pc: 202
;
204: eeReturn
202
;
204: eeReturn
200
;
202: 2202Call 202(current pc: 202
;
204: eeReturn
202
;
204: eeReturn
200
;
202: 2202Call 202(current pc: 202
;
204: eeReturn
202
;
204: eeReturn
200
;
202: 2202Call 202(current pc: 202
;
204: eeReturn
202
;
204: eeReturn
200
;
202: 2202Call 202(current pc: 202
;
204: eeReturn
202
;
204: eeReturn
200
;
202: 2202Call 202(current pc: 202
;
204: eeReturn
202
;
204: eeReturn
200
;
202: 2202Call 202(current pc: 202
;
204: eeReturn
202
;
204: eeReturn
200
;
202: 2202Call 202(current pc: 202
;
204: eeReturn
202
;
204: eeReturn
200
;
202: 2202Call 202(current pc: 202
;
204: eeReturn
202
;
204: eeReturn
200
;
202: 2202Call 202(current pc: 202
;
204: eeReturn
202
;
204: eeReturn
200
;
202: 2202Call 202(current pc: 202
;
204: eeReturn
202
;
204: eeReturn
200
;
202: 2202Call 202(current pc: 202
;
204: eeReturn
202
;
204: eeReturn
200
;
202: 2202Call 202(current pc: 202
;
204: eeReturn
202
;
204: eeReturn
200
;
202: 2202Call 202(current pc: 202
;
204: eeReturn
202
;
204: eeReturn
200
;
202: 2202Call 202(current pc: 202
;
204: eeReturn
202
;
204: eeReturn
200
;
202: 2202Call 202(current pc: 202
;
204: eeReturn
202
;
204: eeReturn
200
;
202: 2202Call 202(current pc: 202
;
204: eeReturn
202
;
204: eeReturn
200
;
202: 2202Call 202(current pc: 202
;
204: eeReturn
202
;
204: eeReturn
200
;
202: 2202Call 202(current pc: 202
;
204: eeReturn
202
;
204: eeReturn
200
;
202: 2202Call 202(current pc: 202
;
204: eeReturn
202
;
204: eeReturn
200
;
202: 2202Call 202(current pc: 202
;
204: eeReturn
202
;
204: eeReturn
200
;
202: 2202Call 202(current pc: 202
;
204: eeReturn
202
;
204: eeReturn
200
;
202: 2202Call 202(current pc: 202
;
204: eeReturn
202
;
204: eeReturn
200
;
202: 2202Call 202(current pc: 202
;
204: eeReturn
202
;
204: eeReturn
200
;
202: 2202Call 202(current pc: 202
;
204: eeReturn
202
;
204: eeReturn
200
;
202: 2202Call 202(current pc: 202
;
204: eeReturn
202
;
204: eeReturn
200
;
202: 2202Call 202(current pc: 202
;
204: eeReturn
202
;
204: eeReturn
200
;
202: 2202Call 202(current pc: 202
;
204: eeReturn
202
;
204: eeReturn
200
;
202: 2202Call 202(current pc: 202
;
204: eeReturn
202
;
204: eeReturn
200
;
202: 2202Call 202(current pc: 202
;
204: eeReturn
202
;
204: eeReturn
200
;
202: 2202Call 202(current pc: 202
;
204: eeReturn
202
;
204: eeReturn
200
;
202: 2202Call 202(current pc: 202
;
204: eeReturn
202
;
204: eeReturn
200
;
202: 2202Call 202(current pc: 202
;
204: eeReturn
202
;
204: eeReturn
200
;
202: 2202Call 202(current pc: 202
;
204: eeReturn
202
;
204: eeReturn
200
;
202: 2202Call 202(current pc: 202
;
204: eeReturn
202
;
204: eeReturn
200
;
202: 2202Call 202(current pc: 202
;
204: eeReturn
202
;
204: eeReturn
200
;
202: 2202Call 202(current pc: 202
;
204: eeReturn
202
;
204: eeReturn
200
;
202: 2202Call 202(current pc: 202
;
204: eeReturn
202
;
204: eeReturn
200
;
202: 2202Call 202(current pc: 202
;
204: eeReturn
202
;
204: eeReturn
200
;
202: 2202Call 202(current pc: 202
;
204: eeReturn
202
;
204: eeReturn
200
;
202: 2202Call 202(current pc: 202
;
204: eeReturn
202
;
204: eeReturn
200
;
202: 2202Call 202(current pc: 202
;
204: eeReturn
202
;
204: eeReturn
200
;
202: 2202Call 202(current pc: 202
;
204: eeReturn
202
;
204: eeReturn
200
;
202: 2202Call 202(current pc: 202
;
204: eeReturn
202
;
204: eeReturn
200
;
202: 2202Call 202(current pc: 202
;
204: eeReturn
202
;
204: eeReturn
200
;
202: 2202Call 202(current pc: 202
;
204: eeReturn
202
;
204: eeReturn
200
;
202: 2202Call 202(current pc: 202
;
204: eeReturn
202
;
204: eeReturn
200
;
202: 2202Call 202(current pc: 202
;
204: eeReturn
202
;
204: eeReturn
200
;
202: 2202Call 202(current pc: 202
;
204: eeReturn
202
;
204: eeReturn
200
;
202: 2202Call 202(current pc: 202
;
204: eeReturn
202
;
204: eeReturn
200
;
202: 2202Call 202(current pc: 202
;
204: eeReturn
202
;
204: eeReturn
200
;
202: 2202Call 202(current pc: 202
;
204: eeReturn
202
;
204: eeReturn
200
;
202: 2202Call 202(current pc: 202
;
204: eeReturn
202
;
204: eeReturn
200
;
202: 2202Call 202(current pc: 202
;
204: eeReturn
202
;
204: eeReturn
200
;
202: 2202Call 202(current pc: 202
;
204: eeReturn
202
;
204: eeReturn
200
;
202: 2202Call 202(current pc: 202
;
204: eeReturn
202
;
204: eeReturn
200
;
202: 2202Call 202(current pc: 202
;
204: eeReturn
202
;
204: eeReturn
200
;
202: 2202Call 202(current pc: 202
;
204: eeReturn
202
;
204: eeReturn
200
;
202: 2202Call 202(current pc: 202
;
204: eeReturn
202
;
204: eeReturn
200
;
202: 2202Call 202(current pc: 202
;
204: eeReturn
202
;
204: eeReturn
200
;
202: 2202Call 202(current pc: 202
;
204: eeReturn
202
;
204: eeReturn
200
;
202: 2202Call 202(current pc: 202
;
204: eeReturn
202
;
204: eeReturn
200
;
202: 2202Call 202(current pc: 202
;
204: eeReturn
202
;
204: eeReturn
200
;
202: 2202Call 202(current pc: 202
;
204: eeReturn
202
;
204: eeReturn
200
;
202: 2202Call 202(current pc: 202
;
204: eeReturn
202
;
204: eeReturn
200
;
202: 2202Call 202(current pc: 202
;
204: eeReturn
202
;
204: eeReturn
200
;
202: 2202Call 202(current pc: 202
;
204: eeReturn
202
;
204: eeReturn
200
;
202: 2202Call 202(current pc: 202
;
204: eeReturn
202
;
204: eeReturn
200
;
202: 2202Call 202(current pc: 202
;
204: eeReturn
202
;
204: eeReturn
200
;
202: 2202Call 202(current pc: 202
;
204: eeReturn
202
;
204: eeReturn
200
;
202: 2202Call 202(current pc: 202
;
204: eeReturn
202
;
204: eeReturn
200
;
202: 2202Call 202(current pc: 202
;
204: eeReturn
202
;
204: eeReturn
200
;
202: 2202Call 202(current pc: 202
;
204: eeReturn
202
;
204: eeReturn
200
;
202: 2202Call 202(current pc: 202
;
204: eeReturn
202
;
204: eeReturn
200
;
202: 2202Call 202(current pc: 202
;
204: eeReturn
202
;
204: eeReturn
200
;
202: 2202Call 202(current pc: 202
;
204: eeReturn
202
;
204: eeReturn
200
;
202: 2202Call 202(current pc: 202
;
204: eeReturn
202
;
204: eeReturn
200
;
202: 2202Call 202(current pc: 202
;
204: eeReturn
202
;
204: eeReturn
200
;
202: 2202Call 202(current pc: 202
;
204: eeReturn
202
;
204: eeReturn
200
;
202: 2202Call 202(current pc: 202
;
204: eeReturn
202
;
204: eeReturn
200
;
202: 2202Call 202(current pc: 202
;
204: eeReturn
202
;
204: eeReturn
200
;
202: 2202Call 202(current pc: 202
;
204: eeReturn
202
;
204: eeReturn
200
;
202: 2202Call 202(current pc: 202
;
204: eeReturn
202
;
204: eeReturn
200
;
202: 2202Call 202(current pc: 202
;
204: eeReturn
202
;
204: eeReturn
200
;
202: 2202Call 202(current pc: 202
;
204: eeReturn
202
;
204: eeReturn
200
;
202: 2202Call 202(current pc: 202
;
204: eeReturn
202
;
204: eeReturn
200
;
202: 2202Call 202(current pc: 202
;
204: eeReturn
202
;
204: eeReturn
200
;
202: 2202Call 202(current pc: 202
;
204: eeReturn
202
;
204: eeReturn
200
;
202: 2202Call 202(current pc: 202
;
204: eeReturn
202
;
204: eeReturn
200
;
202: 2202Call 202(current pc: 202
;
204: eeReturn
202
;
204: eeReturn
200
;
202: 2202Call 202(current pc: 202
;
204: eeReturn
202
;
204: eeReturn
200
;
202: 2202Call 202(current pc: 202
;
204: eeReturn
202
;
204: eeReturn
200
;
202: 2202Call 202(current pc: 202
;
204: eeReturn
202
;
204: eeReturn
200
;
202: 2202Call 202(current pc: 202
;
204: eeReturn
202
;
204: eeReturn
200
;
202: 2202Call 202(current pc: 202
;
204: eeReturn
202
;
204: eeReturn
200
;
202: 2202Call 202(current pc: 202
;
204: eeReturn
202
;
204: eeReturn
200
;
202: 2202Call 202(current pc: 202
;
204: eeReturn
202
;
204: eeReturn
200
;
202: 2202Call 202(current pc: 202
;
204: eeReturn
202
;
204: eeReturn
200
;
202: 2202Call 202(current pc: 202
;
204: eeReturn
202
;
204: eeReturn
200
;
202: 2202Call 202(current pc: 202
;
204: eeReturn
202
;
204: eeReturn
200
;
202: 2202Call 202(current pc: 202
;
204: eeReturn
202
;
204: eeReturn
200
;
202: 2202Call 202(current pc: 202
;
204: eeReturn
202
;
204: eeReturn
200
;
202: 2202Call 202(current pc: 202
;
204: eeReturn
202
;
204: eeReturn
200
;
202: 2202Call 202(current pc: 202
;
204: eeReturn
202
;
204: eeReturn
200
;
202: 2202Call 202(current pc: 202
;
204: eeReturn
202
;
204: eeReturn
200
;
202: 2202Call 202(current pc: 202
;
204: eeReturn
202
;
204: eeReturn
200
;
202: 2202Call 202(current pc: 202
;
204: eeReturn
202
;
204: eeReturn
200
;
202: 2202Call 202(current pc: 202
;
204: eeReturn
202
;
204: eeReturn
200
;
202: 2202Call 202(current pc: 202
;
204: eeReturn
202
;
204: eeReturn
200
;
202: 2202Call 202(current pc: 202
;
204: eeReturn
202
;
204: eeReturn
200
;
202: 2202Call 202(current pc: 202
;
204: eeReturn
202
;
204: eeReturn
200
;
202: 2202Call 202(current pc: 202
;
204: eeReturn
202
;
204: eeReturn
200
;
202: 2202Call 202(current pc: 202
;
204: eeReturn
202
;
204: eeReturn
200
;
202: 2202Call 202(current pc: 202
;
204: eeReturn
202
;
204: eeReturn
200
;
202: 2202Call 202(current pc: 202
;
204: eeReturn
202
;
204: eeReturn
200
;
202: 2202Call 202(current pc: 202
;
204: eeReturn
202
;
204: eeReturn
200
;
202: 2202Call 202(current pc: 202
;
204: eeReturn
202
;
204: eeReturn
200
;
202: 2202Call 202(current pc: 202
;
204: eeReturn
202
;
204: eeReturn
200
;
202: 2202Call 202(current pc: 202
;
204: eeReturn
202
;
204: eeReturn
200
;
202: 2202Call 202(current pc: 202
;
204: eeReturn
202
;
204: eeReturn
200
;
202: 2202Call 202(current pc: 202
;
204: eeReturn
202
;
204: eeReturn
200
;
202: 2202Call 202(current pc: 202
;
204: eeReturn
202
;
204: eeReturn
200
;
202: 2202Call 202(current pc: 202
;
204: eeReturn
202
;
204: eeReturn
200
;
202: 2202Call 202(current pc: 202
;
204: eeReturn
202
;
204: eeReturn
200
;
202: 2202Call 202(current pc: 202
;
204: eeReturn
202
;
204: eeReturn
200
;
202: 2202Call 202(current pc: 202
;
204: eeReturn
202
;
204: eeReturn
200
;
202: 2202Call 202(current pc: 202
;
204: eeReturn
202
;
204: eeReturn
200
;
202: 2202Call 202(current pc: 202
;
204: eeReturn
202
;
204: eeReturn
200
;
202: 2202Call 202(current pc: 202
;
204: eeReturn
202
;
204: eeReturn
200
;
202: 2202Call 202(current pc: 202
;
204: eeReturn
202
;
204: eeReturn
200
;
202: 2202Call 202(current pc: 202
;
204: eeReturn
202
;
204: eeReturn
200
;
202: 2202Call 202(current pc: 202
;
204: eeReturn
202
;
204: eeReturn
200
;
202: 2202Call 202(current pc: 202
;
204: eeReturn
202
;
204: eeReturn
200
;
202: 2202Call 202(current pc: 202
;
204: eeReturn
202
;
204: eeReturn
200
;
202: 2202Call 202(current pc: 202
;
204: eeReturn
202
;
204: eeReturn
200
;
202: 2202Call 202(current pc: 202
;
204: eeReturn
202
;
204: eeReturn
200
;
202: 2202Call 202(current pc: 202
;
204: eeReturn
202
;
204: eeReturn
200
;
202: 2202Call 202(current pc: 202
;
204: eeReturn
202
;
204: eeReturn
200
;
202: 2202Call 202(current pc: 202
;
204: eeReturn
202
;
204: eeReturn
200
;
202: 2202Call 202(current pc: 202
;
204: eeReturn
202
;
204: eeReturn
200
;
202: 2202Call 202(current pc: 202
;
204: eeReturn
202
;
204: eeReturn
200
;
202: 2202Call 202(current pc: 202
;
204: eeReturn
202
;
204: eeReturn
200
;
202: 2202Call 202(current pc: 202
;
204: eeReturn
202
;
204: eeReturn
200
;
202: 2202Call 202(current pc: 202
;
204: eeReturn
202
;
204: eeReturn
200
;
202: 2202Call 202(current pc: 202
;
204: eeReturn
202
;
204: eeReturn
200
;
202: 2202Call 202(current pc: 202
;
204: eeReturn
202
;
204: eeReturn
200
;
202: 2202Call 202(current pc: 202
;
204: eeReturn
202
;
204: eeReturn
200
;
202: 2202Call 202(current pc: 202
;
204: eeReturn
202
;
204: eeReturn
200
;
202: 2202Call 202(current pc: 202
;
204: eeReturn
202
;
204: eeReturn
200
;
202: 2202Call 202(current pc: 202
;
204: eeReturn
202
;
204: eeReturn
200
;
202: 2202Call 202(current pc: 202
;
204: eeReturn
202
;
204: eeReturn
200
;
202: 2202Call 202(current pc: 202
;
204: eeReturn
202
;
204: eeReturn
200
;
202: 2202Call 202(current pc: 202
;
204: eeReturn
202
;
204: eeReturn
200
;
202: 2202Call 202(current pc: 202
;
204: eeReturn
202
;
204: eeReturn
200
;
202: 2202Call 202(current pc: 202
;
204: eeReturn
202
;
204: eeReturn
200
;
202: 2202Call 202(current pc: 202
;
204: eeReturn
202
;
204: eeReturn
200
;
202: 2202Call 202(current pc: 202
;
204: eeReturn
202
;
204: eeReturn
200
;
202: 2202Call 202(current pc: 202
;
204: eeReturn
202
;
204: eeReturn
200
;
202: 2202Call 202(current pc: 202
;
204: eeReturn
202
;
204: eeReturn
200
;
202: 2202Call 202(current pc: 202
;
204: eeReturn
202
;
204: eeReturn
200
;
202: 2202Call 202(current pc: 202
;
204: eeReturn
202
;
204: eeReturn
200
;
202: 2202Call 202(current pc: 202
;
204: eeReturn
202
;
204: eeReturn
200
;
202: 2202Call 202(current pc: 202
;
204: eeReturn
202
;
204: eeReturn
200
;
202: 2202Call 202(current pc: 202
;
204: eeReturn
202
;
204: eeReturn
200
;
202: 2202Call 202(current pc: 202
;
204: eeReturn
202
;
204: eeReturn
200
;
202: 2202Call 202(current pc: 202
;
204: eeReturn
202
;
204: eeReturn
200
;
202: 2202Call 202(current pc: 202
;
204: eeReturn
202
;
204: eeReturn
200
;
202: 2202Call 202(current pc: 202
;
204: eeReturn
202
;
204: eeReturn
200
;
202: 2202Call 202(current pc: 202
;
204: eeReturn
202
;
204: eeReturn
200
;
202: 2202Call 202(current pc: 202
;
204: eeReturn
202
;
204: eeReturn
200
;
202: 2202Call 202(current pc: 202
;
204: eeReturn
202
;
204: eeReturn
200
;
202: 2202Call 202(current pc: 202
;
204: eeReturn
202
;
204: eeReturn
200
;
202: 2202Call 202(current pc: 202
;
204: eeReturn
202
;
204: eeReturn
200
;
202: 2202Call 202(current pc: 202
;
204: eeReturn
202
;
204: eeReturn
200
;
202: 2202Call 202(current pc: 202
;
204: eeReturn
202
;
204: eeReturn
200
;
202: 2202Call 202(current pc: 202
;
204: eeReturn
202
;
204: eeReturn
200
;
202: 2202Call 202(current pc: 202
;
204: eeReturn
202
;
204: eeReturn
200
;
202: 2202Call 202(current pc: 202
;
204: eeReturn
202
;
204: eeReturn
200
;
202: 2202Call 202(current pc: 202
;
204: eeReturn
202
;
204: eeReturn
200
;
202: 2202Call 202(current pc: 202
;
204: eeReturn
202
;
204: eeReturn
200
;
202: 2202Call 202(current pc: 202
;
204: eeReturn
202
;
204: eeReturn
200
;
202: 2202Call 202(current pc: 202
;
204: eeReturn
202
;
204: eeReturn
200
;
202: 2202Call 202(current pc: 202
;
204: eeReturn
202
;
204: eeReturn
200
;
202: 2202Call 202(current pc: 202
;
204: eeReturn
202
;
204: eeReturn
200
;
202: 2202Call 202(current pc: 202
;
204: eeReturn
202
;
204: eeReturn
200
;
202: 2202Call 202(current pc: 202
;
204: eeReturn
202
;
204: eeReturn
200
;
202: 2202Call 202(current pc: 202
;
204: eeReturn
202
;
204: eeReturn
200
;
202: 2202Call 202(current pc: 202
;
204: eeReturn
202
;
204: eeReturn
200
;
202: 2202Call 202(current pc: 202
;
204: eeReturn
202
;
204: eeReturn
200
;
202: 2202Call 202(current pc: 202
;
204: eeReturn
202
;
204: eeReturn
200
;
202: 2202Call 202(current pc: 202
;
204: eeReturn
202
;
204: eeReturn
200
;
202: 2202Call 202(current pc: 202
;
204: eeReturn
202
;
204: eeReturn
200
;
202: 2202Call 202(current pc: 202
;
204: eeReturn
202
;
204: eeReturn
200
;
202: 2202Call 202(current pc: 202
;
204: eeReturn
202
;
204: eeReturn
200
;
202: 2202Call 202(current pc: 202
;
204: eeReturn
202
;
204: eeReturn
200
;
202: 2202Call 202(current pc: 202
;
204: eeReturn
202
;
204: eeReturn
200
;
202: 2202Call 202(current pc: 202
;
204: eeReturn
202
;
204: eeReturn
200
;
202: 2202Call 202(current pc: 202
;
204: eeReturn
202
;
204: eeReturn
200
;
202: 2202Call 202(current pc: 202
;
204: eeReturn
202
;
204: eeReturn
200
;
202: 2202Call 202(current pc: 202
;
204: eeReturn
202
;
204: eeReturn
200
;
202: 2202Call 202(current pc: 202
;
204: eeReturn
202
;
204: eeReturn
200
;
202: 2202Call 202(current pc: 202
;
204: eeReturn
202
;
204: eeReturn
200
;
202: 2202Call 202(current pc: 202
;
204: eeReturn
202
;
204: eeReturn
200
;
202: 2202Call 202(current pc: 202
;
204: eeReturn
202
;
204: eeReturn
200
;
202: 2202Call 202(current pc: 202
;
204: eeReturn
202
;
204: eeReturn
200
;
202: 2202Call 202(current pc: 202
;
204: eeReturn
202
;
204: eeReturn
200
;
202: 2202Call 202(current pc: 202
;
204: eeReturn
202
;
204: eeReturn
200
;
202: 2202Call 202(current pc: 202
;
204: eeReturn
202
;
204: eeReturn
200
;
202: 2202Call 202(current pc: 202
;
204: eeReturn
202
;
204: eeReturn
200
;
202: 2202Call 202(current pc: 202
;
204: eeReturn
202
;
204: eeReturn
200
;
202: 2202Call 202(current pc: 202
;
204: eeReturn
202
;
204: eeReturn
200
;
202: 2202Call 202(current pc: 202
;
204: eeReturn
202
;
204: eeReturn
200
;
202: 2202Call 202(current pc: 202
;
204: eeReturn
202
;
204: eeReturn
200
;
202: 2202Call 202(current pc: 202
;
204: eeReturn
202
;
204: eeReturn
200
;
202: 2202Call 202(current pc: 202
;
204: eeReturn
202
;
204: eeReturn
200
;
202: 2202Call 202(current pc: 202
;
204: eeReturn
202
;
204: eeReturn
200
;
202: 2202Call 202(current pc: 202
;
204: eeReturn
202
;
204: eeReturn
200
;
202: 2202Call 202(current pc: 202
;
204: eeReturn
202
;
204: eeReturn
200
;
202: 2202Call 202(current pc: 202
;
204: eeReturn
202
;
204: eeReturn
200
;
202: 2202Call 202(current pc: 202
;
204: eeReturn
202
;
204: eeReturn
200
;
202: 2202Call 202(current pc: 202
;
204: eeReturn
202
;
204: eeReturn
200
;
202: 2202Call 202(current pc: 202
;
204: eeReturn
202
;
204: eeReturn
200
;
202: 2202Call 202(current pc: 202
;
204: eeReturn
202
;
204: eeReturn
200
;
202: 2202Call 202(current pc: 202
;
204: eeReturn
202
;
204: eeReturn
200
;
202: 2202Call 202(current pc: 202
;
204: eeReturn
202
;
204: eeReturn
200
;
202: 2202Call 202(current pc: 202
;
204: eeReturn
202
;
204: eeReturn
200
;
202: 2202Call 202(current pc: 202
;
204: eeReturn
202
;
204: eeReturn
200
;
202: 2202Call 202(current pc: 202
;
204: eeReturn
202
;
204: eeReturn
200
;
202: 2202Call 202(current pc: 202
;
204: eeReturn
202
;
204: eeReturn
200
;
202: 2202Call 202(current pc: 202
;
204: eeReturn
202
;
204: eeReturn
200
;
202: 2202Call 202(current pc: 202
;
204: eeReturn
202
;
204: eeReturn
200
;
202: 2202Call 202(current pc: 202
;
204: eeReturn
202
;
204: eeReturn
200
;
202: 2202Call 202(current pc: 202
;
204: eeReturn
202
;
204: eeReturn
200
;
202: 2202Call 202(current pc: 202
;
204: eeReturn
202
;
204: eeReturn
200
;
202: 2202Call 202(current pc: 202
;
204: eeReturn
202
;
204: eeReturn
200
;
202: 2202Call 202(current pc: 202
;
204: eeReturn
202
;
204: eeReturn
200
;
202: 2202Call 202(current pc: 202
;
204: eeReturn
202
;
204: eeReturn
200
;
202: 2202Call 202(current pc: 202
;
204: eeReturn
202
;
204: eeReturn
200
;
202: 2202Call 202(current pc: 202
;
204: eeReturn
202
;
204: eeReturn
200
;
202: 2202Call 202(current pc: 202
;
204: eeReturn
202
;
204: eeReturn
200
;
202: 2202Call 202(current pc: 202
;
204: eeReturn
202
;
204: eeReturn
200
;
202: 2202Call 202(current pc: 202
;
204: eeReturn
202
;
204: eeReturn
200
;
202: 2202Call 202(current pc: 202
;
204: eeReturn
202
;
204: eeReturn
200
;
202: 2202Call 202(current pc: 202
;
204: eeReturn
202
;
204: eeReturn
200
;
202: 2202Call 202(current pc: 202
;
204: eeReturn
202
;
204: eeReturn
200
;
202: 2202Call 202(current pc: 202
;
204: eeReturn
202
;
204: eeReturn
200
;
202: 2202Call 202(current pc: 202
;
204: eeReturn
202
;
204: eeReturn
200
;
202: 2202Call 202(current pc: 202
;
204: eeReturn
202
;
204: eeReturn
200
;
202: 2202Call 202(current pc: 202
;
204: eeReturn
202
;
204: eeReturn
200
;
202: 2202Call 202(current pc: 202
;
204: eeReturn
202
;
204: eeReturn
200
;
202: 2202Call 202(current pc: 202
;
204: eeReturn
202
;
204: eeReturn
200
;
202: 2202Call 202(current pc: 202
;
204: eeReturn
202
;
204: eeReturn
200
;
202: 2202Call 202(current pc: 202
;
204: eeReturn
202
;
204: eeReturn
200
;
202: 2202Call 202(current pc: 202
;
204: eeReturn
202
;
204: eeReturn
200
;
202: 2202Call 202(current pc: 202
;
204: eeReturn
202
;
204: eeReturn
200
;
202: 2202Call 202(current pc: 202
;
204: eeReturn
202
;
204: eeReturn
200
;
202: 2202Call 202(current pc: 202
;
204: eeReturn
202
;
204: eeReturn
200
;
202: 2202Call 202(current pc: 202
;
204: eeReturn
202
;
204: eeReturn
200
;
202: 2202Call 202(current pc: 202
;
204: eeReturn
202
;
204: eeReturn
200
;
202: 2202Call 202(current pc: 202
;
204: eeReturn
202
;
204: eeReturn
200
;
202: 2202Call 202(current pc: 202
;
204: eeReturn
202
;
204: eeReturn
200
;
202: 2202Call 202(current pc: 202
;
204: eeReturn
202
;
204: eeReturn
200
;
202: 2202Call 202(current pc: 202
;
204: eeReturn
202
;
204: eeReturn
200
;
202: 2202Call 202(current pc: 202
;
204: eeReturn
202
;
204: eeReturn
200
;
202: 2202Call 202(current pc: 202
;
204: eeReturn
202
;
204: eeReturn
200
;
202: 2202Call 202(current pc: 202
;
204: eeReturn
202
;
204: eeReturn
200
;
202: 2202Call 202(current pc: 202
;
204: eeReturn
202
;
204: eeReturn
200
;
202: 2202Call 202(current pc: 202
;
204: eeReturn
202
;
204: eeReturn
200
;
202: 2202Call 202(current pc: 202
;
204: eeReturn
202
;
204: eeReturn
200
;
202: 2202Call 202(current pc: 202
;
204: eeReturn
202
;
204: eeReturn
200
;
202: 2202Call 202(current pc: 202
;
204: eeReturn
202
;
204: eeReturn
200
;
202: 2202Call 202(current pc: 202
;
204: eeReturn
202
;
204: eeReturn
200
;
202: 2202Call 202(current pc: 202
;
204: eeReturn
202
;
204: eeReturn
200
;
202: 2202Call 202(current pc: 202
;
204: eeReturn
202
;
204: eeReturn
200
;
202: 2202Call 202(current pc: 202
;
204: eeReturn
202
;
204: eeReturn
200
;
202: 2202Call 202(current pc: 202
;
204: eeReturn
202
;
204: eeReturn
200
;
202: 2202Call 202(current pc: 202
;
204: eeReturn
202
;
204: eeReturn
200
;
202: 2202Call 202(current pc: 202
;
204: eeReturn
202
;
204: eeReturn
200
;
202: 2202Call 202(current pc: 202
;
204: eeReturn
202
;
204: eeReturn
200
;
202: 2202Call 202(current pc: 202
;
204: eeReturn
202
;
204: eeReturn
200
;
202: 2202Call 202(current pc: 202
;
204: eeReturn
202
;
204: eeReturn
200
;
202: 2202Call 202(current pc: 202
;
204: eeReturn
202
;
204: eeReturn
200
;
202: 2202Call 202(current pc: 202
;
204: eeReturn
202
;
204: eeReturn
200
;
202: 2202Call 202(current pc: 202
;
204: eeReturn
202
;
204: eeReturn
200
;
202: 2202Call 202(current pc: 202
;
204: eeReturn
202
;
204: eeReturn
200
;
202: 2202Call 202(current pc: 202
;
204: eeReturn
202
;
204: eeReturn
200
;
202: 2202Call 202(current pc: 202
;
204: eeReturn
202
;
204: eeReturn
200
;
202: 2202Call 202(current pc: 202
;
204: eeReturn
202
;
204: eeReturn
200
;
202: 2202Call 202(current pc: 202
;
204: eeReturn
202
;
204: eeReturn
200
;
202: 2202Call 202(current pc: 202
;
204: eeReturn
202
;
204: eeReturn
200
;
202: 2202Call 202(current pc: 202
;
204: eeReturn
202
;
204: eeReturn
200
;
202: 2202Call 202(current pc: 202
;
204: eeReturn
202
;
204: eeReturn
200
;
202: 2202Call 202(current pc: 202
;
204: eeReturn
202
;
204: eeReturn
200
;
202: 2202Call 202(current pc: 202
;
204: eeReturn
202
;
204: eeReturn
200
;
202: 2202Call 202(current pc: 202
;
204: eeReturn
202
;
204: eeReturn
200
;
202: 2202Call 202(current pc: 202
;
204: eeReturn
202
;
204: eeReturn
200
;
202: 2202Call 202(current pc: 202
;
204: eeReturn
202
;
204: eeReturn
200
;
202: 2202Call 202(current pc: 202
;
204: eeReturn
202
;
204: eeReturn
200
;
202: 2202Call 202(current pc: 202
;
204: eeReturn
202
;
204: eeReturn
200
;
202: 2202Call 202(current pc: 202
;
204: eeReturn
202
;
204: eeReturn
200
;
202: 2202Call 202(current pc: 202
;
204: eeReturn
202
;
204: eeReturn
200
;
202: 2202Call 202(current pc: 202
;
204: eeReturn
202
;
204: eeReturn
200
;
202: 2202Call 202(current pc: 202
;
204: eeReturn
202
;
204: eeReturn
200
;
202: 2202Call 202(current pc: 202
;
204: eeReturn
202
;
204: eeReturn
200
;
202: 2202Call 202(current pc: 202
;
204: eeReturn
202
;
204: eeReturn
200
;
202: 2202Call 202(current pc: 202
;
204: eeReturn
202
;
204: eeReturn
200
;
202: 2202Call 202(current pc: 202
;
204: eeReturn
202
;
204: eeReturn
200
;
202: 2202Call 202(current pc: 202
;
204: eeReturn
202
;
204: eeReturn
200
;
202: 2202Call 202(current pc: 202
;
204: eeReturn
202
;
204: eeReturn
200
;
202: 2202Call 202(current pc: 202
;
204: eeReturn
202
;
204: eeReturn
200
;
202: 2202Call 202(current pc: 202
;
204: eeReturn
202
;
204: eeReturn
200
;
202: 2202Call 202(current pc: 202
;
204: eeReturn
202
;
204: eeReturn
200
;
202: 2202Call 202(current pc: 202
;
204: eeReturn
202
;
204: eeReturn
200
;
202: 2202Call 202(current pc: 202
;
204: eeReturn
202
;
204: eeReturn
200
;
202: 2202Call 202(current pc: 202
;
204: eeReturn
202
;
204: eeReturn
200
;
202: 2202Call 202(current pc: 202
;
204: eeReturn
202
;
204: eeReturn
200
;
202: 2202Call 202(current pc: 202
;
204: eeReturn
202
;
204: eeReturn
200
;
202: 2202Call 202(current pc: 202
;
204: eeReturn
202
;
204: eeReturn
200
;
202: 2202Call 202(current pc: 202
;
204: eeReturn
202
;
204: eeReturn
200
;
202: 2202Call 202(current pc: 202
;
204: eeReturn
202
;
204: eeReturn
200
;
202: 2202Call 202(current pc: 202
;
204: eeReturn
202
;
204: eeReturn
200
;
202: 2202Call 202(current pc: 202
;
204: eeReturn
202
;
204: eeReturn
200
;
202: 2202Call 202(current pc: 202
;
204: eeReturn
202
;
204: eeReturn
200
;
202: 2202Call 202(current pc: 202
;
204: eeReturn
202
;
204: eeReturn
200
;
202: 2202Call 202(current pc: 202
;
204: eeReturn
202
;
204: eeReturn
200
;
202: 2202Call 202(current pc: 202
;
204: eeReturn
202
;
204: eeReturn
200
;
202: 2202Call 202(current pc: 202
;
204: eeReturn
202
;
204: eeReturn
200
;
202: 2202Call 202(current pc: 202
;
204: eeReturn
202
;
204: eeReturn
200
;
202: 2202Call 202(current pc: 202
;
204: eeReturn
202
;
204: eeReturn
200
;
202: 2202Call 202(current pc: 202
;
204: eeReturn
202
;
204: eeReturn
200
;
202: 2202Call 202(current pc: 202
;
204: eeReturn
202
;
204: eeReturn
200
;
202: 2202Call 202(current pc: 202
;
204: eeReturn
202
;
204: eeReturn
200
;
202: 2202Call 202(current pc: 202
;
204: eeReturn
202
;
204: eeReturn
200
;
202: 2202Call 202(current pc: 202
;
204: eeReturn
202
;
204: eeReturn
200
;
202: 2202Call 202(current pc: 202
;
204: eeReturn
202
;
204: eeReturn
200
;
202: 2202Call 202(current pc: 202
;
204: eeReturn
202
;
204: eeReturn
200
;
202: 2202Call 202(current pc: 202
;
204: eeReturn
202
;
204: eeReturn
200
;
202: 2202Call 202(current pc: 202
;
204: eeReturn
202
;
204: eeReturn
200
;
202: 2202Call 202(current pc: 202
;
204: eeReturn
202
;
204: eeReturn
200
;
202: 2202Call 202(current pc: 202
;
204: eeReturn
202
;
204: eeReturn
200
;
202: 2202Call 202(current pc: 202
;
204: eeReturn
202
;
204: eeReturn
200
;
202: 2202Call 202(current pc: 202
;
204: eeReturn
202
;
204: eeReturn
200
;
202: 2202Call 202(current pc: 202
;
204: eeReturn
202
;
204: eeReturn
200
;
202: 2202Call 202(current pc: 202
;
204: eeReturn
202
;
204: eeReturn
200
;
202: 2202Call 202(current pc: 202
;
204: eeReturn
202
;
204: eeReturn
200
;
202: 2202Call 202(current pc: 202
;
204: eeReturn
202
;
204: eeReturn
200
;
202: 2202Call 202(current pc: 202
;
204: eeReturn
202
;
204: eeReturn
200
;
202: 2202Call 202(current pc: 202
;
204: eeReturn
202
;
204: eeReturn
200
;
202: 2202Call 202(current pc: 202
;
204: eeReturn
202
;
204: eeReturn
200
;
202: 2202Call 202(current pc: 202
;
204: eeReturn
202
;
204: eeReturn
200
;
202: 2202Call 202(current pc: 202
;
204: eeReturn
202
;
204: eeReturn
200
;
202: 2202Call 202(current pc: 202
;
204: eeReturn
202
;
204: eeReturn
200
;
202: 2202Call 202(current pc: 202
;
204: eeReturn
202
;
204: eeReturn
200
;
202: 2202Call 202(current pc: 202
;
204: eeReturn
202
;
204: eeReturn
200
;
202: 2202Call 202(current pc: 202
;
204: eeReturn
202
;
204: eeReturn
200
;
202: 2202Call 202(current pc: 202
;
204: eeReturn
202
;
204: eeReturn
200
;
202: 2202Call 202(current pc: 202
;
204: eeReturn
202
;
204: eeReturn
200
;
202: 2202Call 202(current pc: 202
;
204: eeReturn
202
;
204: eeReturn
200
;
202: 2202Call 202(current pc: 202
;
204: eeReturn
202
;
204: eeReturn
200
;
202: 2202Call 202(current pc: 202
;
204: eeReturn
202
;
204: eeReturn
200
;
202: 2202Call 202(current pc: 202
;
204: eeReturn
202
;
204: eeReturn
200
;
202: 2202Call 202(current pc: 202
;
204: eeReturn
202
;
204: eeReturn
200
;
202: 2202Call 202(current pc: 202
;
204: eeReturn
202
;
204: eeReturn
200
;
202: 2202Call 202(current pc: 202
;
204: eeReturn
202
;
204: eeReturn
200
;
202: 2202Call 202(current pc: 202
;
204: eeReturn
202
;
204: eeReturn
200
;
202: 2202Call 202(current pc: 202
;
204: eeReturn
202
;
204: eeReturn
200
;
202: 2202Call 202(current pc: 202
;
204: eeReturn
202
;
204: eeReturn
200
;
202: 2202Call 202(current pc: 202
;
204: eeReturn
202
;
204: eeReturn
200
;
202: 2202Call 202(current pc: 202
;
204: eeReturn
202
;
204: eeReturn
200
;
202: 2202Call 202(current pc: 202
;
204: eeReturn
202
;
204: eeReturn
200
;
202: 2202Call 202(current pc: 202
;
204: eeReturn
202
;
204: eeReturn
200
;
202: 2202Call 202(current pc: 202
;
204: eeReturn
202
;
204: eeReturn
200
;
202: 2202Call 202(current pc: 202
;
204: eeReturn
202
;
204: eeReturn
200
;
202: 2202Call 202(current pc: 202
;
204: eeReturn
202
;
204: eeReturn
200
;
202: 2202Call 202(current pc: 202
;
204: eeReturn
202
;
204: eeReturn
200
;
202: 2202Call 202(current pc: 202
;
204: eeReturn
202
;
204: eeReturn
200
;
202: 2202Call 202(current pc: 202
;
204: eeReturn
202
;
204: eeReturn
200
;
202: 2202Call 202(current pc: 202
;
204: eeReturn
202
;
204: eeReturn
200
;
202: 2202Call 202(current pc: 202
;
204: eeReturn
202
;
204: eeReturn
200
;
202: 2202Call 202(current pc: 202
;
204: eeReturn
202
;
204: eeReturn
200
;
202: 2202Call 202(current pc: 202
;
204: eeReturn
202
;
204: eeReturn
200
;
202: 2202Call 202(current pc: 202
;
204: eeReturn
202
;
204: eeReturn
200
;
202: 2202Call 202(current pc: 202
;
204: eeReturn
202
;
204: eeReturn
200
;
202: 2202Call 202(current pc: 202
;
204: eeReturn
202
;
204: eeReturn
200
;
202: 2202Call 202(current pc: 202
;
204: eeReturn
202
;
204: eeReturn
200
;
202: 2202Call 202(current pc: 202
;
204: eeReturn
202
;
204: eeReturn
200
;
202: 2202Call 202(current pc: 202
;
204: eeReturn
202
;
204: eeReturn
200
;
202: 2202Call 202(current pc: 202
;
204: eeReturn
202
;
204: eeReturn
200
;
202: 2202Call 202(current pc: 202
;
204: eeReturn
202
;
204: eeReturn
200
;
202: 2202Call 202(current pc: 202
;
204: eeReturn
202
;
204: eeReturn
200
;
202: 2202Call 202(current pc: 202
;
204: eeReturn
202
;
204: eeReturn
200
;
202: 2202Call 202(current pc: 202
;
204: eeReturn
202
;
204: eeReturn
200
;
202: 2202Call 202(current pc: 202
;
204: eeReturn
202
;
204: eeReturn
200
;
202: 2202Call 202(current pc: 202
;
204: eeReturn
202
;
204: eeReturn
200
;
202: 2202Call 202(current pc: 202
;
204: eeReturn
202
;
204: eeReturn
200
;
202: 2202Call 202(current pc: 202
;
204: eeReturn
202
;
204: eeReturn
200
;
202: 2202Call 202(current pc: 202
;
204: eeReturn
202
;
204: eeReturn
200
;
202: 2202Call 202(current pc: 202
;
204: eeReturn
202
;
204: eeReturn
200
;
202: 2202Call 202(current pc: 202
;
204: eeReturn
202
;
204: eeReturn
200
;
202: 2202Call 202(current pc: 202
;
204: eeReturn
202
;
204: eeReturn
200
;
202: 2202Call 202(current pc: 202
;
204: eeReturn
202
;
204: eeReturn
200
;
202: 2202Call 202(current pc: 202
;
204: eeReturn
202
;
204: eeReturn
200
;
202: 2202Call 202(current pc: 202
;
204: eeReturn
202
;
204: eeReturn
200
;
202: 2202Call 202(current pc: 202
;
204: eeReturn
202
;
204: eeReturn
200
;
202: 2202Call 202(current pc: 202
;
204: eeReturn
202
;
204: eeReturn
200
;
202: 2202Call 202(current pc: 202
;
204: eeReturn
202
;
204: eeReturn
200
;
202: 2202Call 202(current pc: 202
;
204: eeReturn
202
;
204: eeReturn
200
;
202: 2202Call 202(current pc: 202
;
204: eeReturn
202
;
204: eeReturn
200
;
202: 2202Call 202(current pc: 202
;
204: eeReturn
202
;
204: eeReturn
200
;
202: 2202Call 202(current pc: 202
;
204: eeReturn
202
;
204: eeReturn
200
;
202: 2202Call 202(current pc: 202
;
204: eeReturn
202
;
204: eeReturn
200
;
202: 2202Call 202(current pc: 202
;
204: eeReturn
202
;
204: eeReturn
200
;
202: 2202Call 202(current pc: 202
;
204: eeReturn
202
;
204: eeReturn
200
;
202: 2202Call 202(current pc: 202
;
204: eeReturn
202
;
204: eeReturn
200
;
202: 2202Call 202(current pc: 202
;
204: eeReturn
202
;
204: eeReturn
200
;
202: 2202Call 202(current pc: 202
;
204: eeReturn
202
;
204: eeReturn
200
;
202: 2202Call 202(current pc: 202
;
204: eeReturn
202
;
204: eeReturn
200
;
202: 2202Call 202(current pc: 202
;
204: eeReturn
202
;
204: eeReturn
200
;
202: 2202Call 202(current pc: 202
;
204: eeReturn
202
;
204: eeReturn
200
;
202: 2202Call 202(current pc: 202
;
204: eeReturn
202
;
204: eeReturn
200
;
202: 2202Call 202(current pc: 202
;
204: eeReturn
202
;
204: eeReturn
200
;
202: 2202Call 202(current pc: 202
;
204: eeReturn
202
;
204: eeReturn
200
;
202: 2202Call 202(current pc: 202
;
204: eeReturn
202
;
204: eeReturn
200
;
202: 2202Call 202(current pc: 202
;
204: eeReturn
202
;
204: eeReturn
200
;
202: 2202Call 202(current pc: 202
;
204: eeReturn
202
;
204: eeReturn
200
;
202: 2202Call 202(current pc: 202
;
204: eeReturn
202
;
204: eeReturn
200
;
202: 2202Call 202(current pc: 202
;
204: eeReturn
202
;
204: eeReturn
200
;
202: 2202Call 202(current pc: 202
;
204: eeReturn
202
;
204: eeReturn
200
;
202: 2202Call 202(current pc: 202
;
204: eeReturn
202
;
204: eeReturn
200
;
202: 2202Call 202(current pc: 202
;
204: eeReturn
202
;
204: eeReturn
200
;
202: 2202Call 202(current pc: 202
;
204: eeReturn
202
;
204: eeReturn
200
;
202: 2202Call 202(current pc: 202
;
204: eeReturn
202
;
204: eeReturn
200
;
202: 2202Call 202(current pc: 202
;
204: eeReturn
202
;
204: eeReturn
200
;
202: 2202Call 202(current pc: 202
;
204: eeReturn
202
;
204: eeReturn
200
;
202: 2202Call 202(current pc: 202
;
204: eeReturn
202
;
204: eeReturn
200
;
202: 2202Call 202(current pc: 202
;
204: eeReturn
202
;
204: eeReturn
200
;
202: 2202Call 202(current pc: 202
;
204: eeReturn
202
;
204: eeReturn
200
;
202: 2202Call 202(current pc: 202
;
204: eeReturn
202
;
204: eeReturn
200
;
202: 2202Call 202(current pc: 202
;
204: eeReturn
202
;
204: eeReturn
200
;
202: 2202Call 202(current pc: 202
;
204: eeReturn
202
;
204: eeReturn
200
;
202: 2202Call 202(current pc: 202
;
204: eeReturn
202
;
204: eeReturn
200
;
202: 2202Call 202(current pc: 202
;
204: eeReturn
202
;
204: eeReturn
200
;
202: 2202Call 202(current pc: 202
;
204: eeReturn
202
;
204: eeReturn
200
;
202: 2202Call 202(current pc: 202
;
204: eeReturn
202
;
204: eeReturn
200
;
202: 2202Call 202(current pc: 202
;
204: eeReturn
202
;
204: eeReturn
200
;
202: 2202Call 202(current pc: 202
;
204: eeReturn
202
;
204: eeReturn
200
;
202: 2202Call 202(current pc: 202
;
204: eeReturn
202
;
204: eeReturn
200
;
202: 2202Call 202(current pc: 202
;
204: eeReturn
202
;
204: eeReturn
200
;
202: 2202Call 202(current pc: 202
;
204: eeReturn
202
;
204: eeReturn
200
;
202: 2202Call 202(current pc: 202
;
204: eeReturn
202
;
204: eeReturn
200
;
202: 2202Call 202(current pc: 202
;
204: eeReturn
202
;
204: eeReturn
200
;
202: 2202Call 202(current pc: 202
;
204: eeReturn
202
;
204: eeReturn
200
;
202: 2202Call 202(current pc: 202
;
204: eeReturn
202
;
204: eeReturn
200
;
202: 2202Call 202(current pc: 202
;
204: eeReturn
202
;
204: eeReturn
200
;
202: 2202Call 202(current pc: 202
;
204: eeReturn
202
;
204: eeReturn
200
;
202: 2202Call 202(current pc: 202
;
204: eeReturn
202
;
204: eeReturn
200
;
202: 2202Call 202(current pc: 202
;
204: eeReturn
202
;
204: eeReturn
200
;
202: 2202Call 202(current pc: 202
;
204: eeReturn
202
;
204: eeReturn
200
;
202: 2202Call 202(current pc: 202
;
204: eeReturn
202
;
204: eeReturn
200
;
202: 2202Call 202(current pc: 202
;
204: eeReturn
202
;
204: eeReturn
200
;
202: 2202Call 202(current pc: 202
;
204: eeReturn
202
;
204: eeReturn
200
;
202: 2202Call 202(current pc: 202
;
204: eeReturn
202
;
204: eeReturn
200
;
202: 2202Call 202(current pc: 202
;
204: eeReturn
202
;
204: eeReturn
200
;
202: 2202Call 202(current pc: 202
;
204: eeReturn
202
;
204: eeReturn
200
;
202: 2202Call 202(current pc: 202
;
204: eeReturn
202
;
204: eeReturn
200
;
202: 2202Call 202(current pc: 202
;
204: eeReturn
202
;
204: eeReturn
200
;
202: 2202Call 202(current pc: 202
;
204: eeReturn
202
;
204: eeReturn
200
;
202: 2202Call 202(current pc: 202
;
204: eeReturn
202
;
204: eeReturn
200
;
202: 2202Call 202(current pc: 202
;
204: eeReturn
202
;
204: eeReturn
200
;
202: 2202Call 202(current pc: 202
;
204: eeReturn
202
;
204: eeReturn
200
;
202: 2202Call 202(current pc: 202
;
204: eeReturn
202
;
204: eeReturn
200
;
202: 2202Call 202(current pc: 202
;
204: eeReturn
202
;
204: eeReturn
200
;
202: 2202Call 202(current pc: 202
;
204: eeReturn
202
;
204: eeReturn
200
;
202: 2202Call 202(current pc: 202
;
204: eeReturn
202
;
204: eeReturn
200
;
202: 2202Call 202(current pc: 202
;
204: eeReturn
202
;
204: eeReturn
200
;
202: 2202Call 202(current pc: 202
;
204: eeReturn
202
;
204: eeReturn
200
;
202: 2202Call 202(current pc: 202
;
204: eeReturn
202
;
204: eeReturn
200
;
202: 2202Call 202(current pc: 202
;
204: eeReturn
202
;
204: eeReturn
200
;
202: 2202Call 202(current pc: 202
;
204: eeReturn
202
;
204: eeReturn
200
;
202: 2202Call 202(current pc: 202
;
204: eeReturn
202
;
204: eeReturn
200
;
202: 2202Call 202(current pc: 202
;
204: eeReturn
202
;
204: eeReturn
200
;
202: 2202Call 202(current pc: 202
;
204: eeReturn
202
;
204: eeReturn
200
;
202: 2202Call 202(current pc: 202
;
204: eeReturn
202
;
204: eeReturn
200
;
202: 2202Call 202(current pc: 202
;
204: eeReturn
202
;
204: eeReturn
200
;
202: 2202Call 202(current pc: 202
;
204: eeReturn
202
;
204: eeReturn
200
;
202: 2202Call 202(current pc: 202
;
204: eeReturn
202
;
204: eeReturn
200
;
202: 2202Call 202(current pc: 202
;
204: eeReturn
202
;
204: eeReturn
200
;
202: 2202Call 202(current pc: 202
;
204: eeReturn
202
;
204: eeReturn
200
;
202: 2202Call 202(current pc: 202
;
204: eeReturn
202
;
204: eeReturn
200
;
202: 2202Call 202(current pc: 202
;
204: eeReturn
202
;
204: eeReturn
200
;
202: 2202Call 202(current pc: 202
;
204: eeReturn
202
;
204: eeReturn
200
;
202: 2202Call 202(current pc: 202
;
204: eeReturn
202
;
204: eeReturn
200
;
202: 2202Call 202(current pc: 202
;
204: eeReturn
202
;
204: eeReturn
200
;
202: 2202Call 202(current pc: 202
;
204: eeReturn
202
;
204: eeReturn
200
;
202: 2202Call 202(current pc: 202
;
204: eeReturn
202
;
204: eeReturn
200
;
202: 2202Call 202(current pc: 202
;
204: eeReturn
202
;
204: eeReturn
200
;
202: 2202Call 202(current pc: 202
;
204: eeReturn
202
;
204: eeReturn
200
;
202: 2202Call 202(current pc: 202
;
204: eeReturn
202
;
204: eeReturn
200
;
202: 2202Call 202(current pc: 202
;
204: eeReturn
202
;
204: eeReturn
200
;
202: 2202Call 202(current pc: 202
;
204: eeReturn
202
;
204: eeReturn
200
;
202: 2202Call 202(current pc: 202
;
204: eeReturn
202
;
204: eeReturn
200
;
202: 2202Call 202(current pc: 202
;
204: eeReturn
202
;
204: eeReturn
200
;
202: 2202Call 202(current pc: 202
;
204: eeReturn
202
;
204: eeReturn
200
;
202: 2202Call 202(current pc: 202
;
204: eeReturn
202
;
204: eeReturn
200
;
202: 2202Call 202(current pc: 202
;
204: eeReturn
202
;
204: eeReturn
200
;
202: 2202Call 202(current pc: 202
;
204: eeReturn
202
;
204: eeReturn
200
;
202: 2202Call 202(current pc: 202
;
204: eeReturn
202
;
204: eeReturn
200
;
202: 2202Call 202(current pc: 202
;
204: eeReturn
202
;
204: eeReturn
200
;
202: 2202Call 202(current pc: 202
;
204: eeReturn
202
;
204: eeReturn
200
;
202: 2202Call 202(current pc: 202
;
204: eeReturn
202
;
204: eeReturn
200
;
202: 2202Call 202(current pc: 202
;
204: eeReturn
202
;
204: eeReturn
200
;
202: 2202Call 202(current pc: 202
;
204: eeReturn
202
;
204: eeReturn
200
;
202: 2202Call 202(current pc: 202
;
204: eeReturn
202
;
204: eeReturn
200
;
202: 2202Call 202(current pc: 202
;
204: eeReturn
202
;
204: eeReturn
200
;
202: 2202Call 202(current pc: 202
;
204: eeReturn
202
;
204: eeReturn
200
;
202: 2202Call 202(current pc: 202
;
204: eeReturn
202
;
204: eeReturn
200
;
202: 2202Call 202(current pc: 202
;
204: eeReturn
202
;
204: eeReturn
200
;
202: 2202Call 202(current pc: 202
;
204: eeReturn
202
;
204: eeReturn
200
;
202: 2202Call 202(current pc: 202
;
204: eeReturn
202
;
204: eeReturn
200
;
202: 2202Call 202(current pc: 202
;
204: eeReturn
202
;
204: eeReturn
200
;
202: 2202Call 202(current pc: 202
;
204: eeReturn
202
;
204: eeReturn
200
;
202: 2202Call 202(current pc: 202
;
204: eeReturn
202
;
204: eeReturn
200
;
202: 2202Call 202(current pc: 202
;
204: eeReturn
202
;
204: eeReturn
200
;
202: 2202Call 202(current pc: 202
;
204: eeReturn
202
;
204: eeReturn
200
;
202: 2202Call 202(current pc: 202
;
204: eeReturn
202
;
204: eeReturn
200
;
202: 2202Call 202(current pc: 202
;
204: eeReturn
202
;
204: eeReturn
200
;
202: 2202Call 202(current pc: 202
;
204: eeReturn
202
;
204: eeReturn
200
;
202: 2202Call 202(current pc: 202
;
204: eeReturn
202
;
204: eeReturn
200
;
202: 2202Call 202(current pc: 202
;
204: eeReturn
202
;
204: eeReturn
200
;
202: 2202Call 202(current pc: 202
;
204: eeReturn
202
;
204: eeReturn
200
;
202: 2202Call 202(current pc: 202
;
204: eeReturn
202
;
204: eeReturn
200
;
202: 2202Call 202(current pc: 202
;
204: eeReturn
202
;
204: eeReturn
200
;
202: 2202Call 202(current pc: 202
;
204: eeReturn
202
;
204: eeReturn
200
;
202: 2202Call 202(current pc: 202
;
204: eeReturn
202
;
204: eeReturn
200
;
202: 2202Call 202(current pc: 202
;
204: eeReturn
202
;
204: eeReturn
200
;
202: 2202Call 202(current pc: 202
;
204: eeReturn
202
;
204: eeReturn
200
;
202: 2202Call 202(current pc: 202
;
204: eeReturn
202
;
204: eeReturn
200
;
202: 2202Call 202(current pc: 202
;
204: eeReturn
202
;
204: eeReturn
200
;
202: 2202Call 202(current pc: 202
;
204: eeReturn
202
;
204: eeReturn
200
;
202: 2202Call 202(current pc: 202
;
204: eeReturn
202
;
204: eeReturn
200
;
202: 2202Call 202(current pc: 202
;
204: eeReturn
202
;
204: eeReturn
200
;
202: 2202Call 202(current pc: 202
;
204: eeReturn
202
;
204: eeReturn
200
;
202: 2202Call 202(current pc: 202
;
204: eeReturn
202
;
204: eeReturn
200
;
202: 2202Call 202(current pc: 202
;
204: eeReturn
202
;
204: eeReturn
200
;
202: 2202Call 202(current pc: 202
;
204: eeReturn
202
;
204: eeReturn
200
;
202: 2202Call 202(current pc: 202
;
204: eeReturn
202
;
204: eeReturn
200
;
202: 2202Call 202(current pc: 202
;
204: eeReturn
202
;
204: eeReturn
200
;
202: 2202Call 202(current pc: 202
;
204: eeReturn
202
;
204: eeReturn
200
;
202: 2202Call 202(current pc: 202
;
204: eeReturn
202
;
204: eeReturn
200
;
202: 2202Call 202(current pc: 202
;
204: eeReturn
202
;
204: eeReturn
200
;
202: 2202Call 202(current pc: 202
;
204: eeReturn
202
;
204: eeReturn
200
;
202: 2202Call 202(current pc: 202
;
204: eeReturn
202
;
204: eeReturn
200
;
202: 2202Call 202(current pc: 202
;
204: eeReturn
202
;
204: eeReturn
200
;
202: 2202Call 202(current pc: 202
;
204: eeReturn
202
;
204: eeReturn
200
;
202: 2202Call 202(current pc: 202
;
204: eeReturn
202
;
204: eeReturn
200
;
202: 2202Call 202(current pc: 202
;
204: eeReturn
202
;
204: eeReturn
200
;
202: 2202Call 202(current pc: 202
;
204: eeReturn
202
;
204: eeReturn
200
;
202: 2202Call 202(current pc: 202
;
204: eeReturn
202
;
204: eeReturn
200
;
202: 2202Call 202(current pc: 202
;
204: eeReturn
202
;
204: eeReturn
200
;
202: 2202Call 202(current pc: 202
;
204: eeReturn
202
;
204: eeReturn
200
;
202: 2202Call 202(current pc: 202
;
204: eeReturn
202
;
204: eeReturn
200
;
202: 2202Call 202(current pc: 202
;
204: eeReturn
202
;
204: eeReturn
200
;
202: 2202Call 202(current pc: 202
;
204: eeReturn
202
;
204: eeReturn
200
;
202: 2202Call 202(current pc: 202
;
204: eeReturn
202
;
204: eeReturn
200
;
202: 2202Call 202(current pc: 202
;
204: eeReturn
202
;
204: eeReturn
200
;
202: 2202Call 202(current pc: 202
;
204: eeReturn
202
;
204: eeReturn
200
;
202: 2202Call 202(current pc: 202
;
204: eeReturn
202
;
204: eeReturn
200
;
202: 2202Call 202(current pc: 202
;
204: eeReturn
202
;
204: eeReturn
200
;
202: 2202Call 202(current pc: 202
;
204: eeReturn
202
;
204: eeReturn
200
;
202: 2202Call 202(current pc: 202
;
204: eeReturn
202
;
204: eeReturn
200
;
202: 2202Call 202(current pc: 202
;
204: eeReturn
202
;
204: eeReturn
200
;
202: 2202Call 202(current pc: 202
;
204: eeReturn
202
;
204: eeReturn
200
;
202: 2202Call 202(current pc: 202
;
204: eeReturn
202
;
204: eeReturn
200
;
202: 2202Call 202(current pc: 202
;
204: eeReturn
202
;
204: eeReturn
200
;
202: 2202Call 202(current pc: 202
;
204: eeReturn
202
;
204: eeReturn
200
;
202: 2202Call 202(current pc: 202
;
204: eeReturn
202
;
204: eeReturn
200
;
202: 2202Call 202(current pc: 202
;
204: eeReturn
202
;
204: eeReturn
200
;
202: 2202Call 202(current pc: 202
;
204: eeReturn
202
;
204: eeReturn
200
;
202: 2202Call 202(current pc: 202
;
204: eeReturn
202
;
204: eeReturn
200
;
202: 2202Call 202(current pc: 202
;
204: eeReturn
202
;
204: eeReturn
200
;
202: 2202Call 202(current pc: 202
;
204: eeReturn
202
;
204: eeReturn
200
;
202: 2202Call 202(current pc: 202
;
204: eeReturn
202
;
204: eeReturn
200
;
202: 2202Call 202(current pc: 202
;
204: eeReturn
202
;
204: eeReturn
200
;
202: 2202Call 202(current pc: 202
;
204: eeReturn
202
;
204: eeReturn
200
;
202: 2202Call 202(current pc: 202
;
204: eeReturn
202
;
204: eeReturn
200
;
202: 2202Call 202(current pc: 202
;
204: eeReturn
202
;
204: eeReturn
200
;
202: 2202Call 202(current pc: 202
;
204: eeReturn
202
;
204: eeReturn
200
;
202: 2202Call 202(current pc: 202
;
204: eeReturn
202
;
204: eeReturn
200
;
202: 2202Call 202(current pc: 202
;
204: eeReturn
202
;
204: eeReturn
200
;
202: 2202Call 202(current pc: 202
;
204: eeReturn
202
;
204: eeReturn
200
;
202: 2202Call 202(current pc: 202
;
204: eeReturn
202
;
204: eeReturn
200
;
202: 2202Call 202(current pc: 202
;
204: eeReturn
202
;
204: eeReturn
200
;
202: 2202Call 202(current pc: 202
;
204: eeReturn
202
;
204: eeReturn
200
;
202: 2202Call 202(current pc: 202
;
204: eeReturn
202
;
204: eeReturn
200
;
202: 2202Call 202(current pc: 202
;
204: eeReturn
202
;
204: eeReturn
200
;
202: 2202Call 202(current pc: 202
;
204: eeReturn
202
;
204: eeReturn
200
;
202: 2202Call 202(current pc: 202
;
204: eeReturn
202
;
204: eeReturn
200
;
202: 2202Call 202(current pc: 202
;
204: eeReturn
202
;
204: eeReturn
200
;
202: 2202Call 202(current pc: 202
;
204: eeReturn
202
;
204: eeReturn
200
;
202: 2202Call 202(current pc: 202
;
204: eeReturn
202
;
204: eeReturn
200
;
202: 2202Call 202(current pc: 202
;
204: eeReturn
202
;
204: eeReturn
200
;
202: 2202Call 202(current pc: 202
;
204: eeReturn
202
;
204: eeReturn
200
;
202: 2202Call 202(current pc: 202
;
204: eeReturn
202
;
204: eeReturn
200
;
202: 2202Call 202(current pc: 202
;
204: eeReturn
202
;
204: eeReturn
200
;
202: 2202Call 202(current pc: 202
;
204: eeReturn
202
;
204: eeReturn
200
;
202: 2202Call 202(current pc: 202
;
204: eeReturn
202
;
204: eeReturn
200
;
202: 2202Call 202(current pc: 202
;
204: eeReturn
202
;
204: eeReturn
200
;
202: 2202Call 202(current pc: 202
;
204: eeReturn
202
;
204: eeReturn
200
;
202: 2202Call 202(current pc: 202
;
204: eeReturn
202
;
204: eeReturn
200
;
202: 2202Call 202(current pc: 202
;
204: eeReturn
202
;
204: eeReturn
200
;
202: 2202Call 202(current pc: 202
;
204: eeReturn
202
;
204: eeReturn
200
;
202: 2202Call 202(current pc: 202
;
204: eeReturn
202
;
204: eeReturn
200
;
202: 2202Call 202(current pc: 202
;
204: eeReturn
202
;
204: eeReturn
200
;
202: 2202Call 202(current pc: 202
;
204: eeReturn
202
;
204: eeReturn
200
;
202: 2202Call 202(current pc: 202
;
204: eeReturn
202
;
204: eeReturn
200
;
202: 2202Call 202(current pc: 202
;
204: eeReturn
202
;
204: eeReturn
200
;
202: 2202Call 202(current pc: 202
;
204: eeReturn
202
;
204: eeReturn
200
;
202: 2202Call 202(current pc: 202
;
204: eeReturn
202
;
204: eeReturn
200
;
202: 2202Call 202(current pc: 202
;
204: eeReturn
202
;
204: eeReturn
200
;
202: 2202Call 202(current pc: 202
;
204: eeReturn
202
;
204: eeReturn
200
;
202: 2202Call 202(current pc: 202
;
204: eeReturn
202
;
204: eeReturn
200
;
202: 2202Call 202(current pc: 202
;
204: eeReturn
202
;
204: eeReturn
200
;
202: 2202Call 202(current pc: 202
;
204: eeReturn
202
;
204: eeReturn
200
;
202: 2202Call 202(current pc: 202
;
204: eeReturn
202
;
204: eeReturn
200
;
202: 2202Call 202(current pc: 202
;
204: eeReturn
202
;
204: eeReturn
200
;
202: 2202Call 202(current pc: 202
;
204: eeReturn
202
;
204: eeReturn
200
;
202: 2202Call 202(current pc: 202
;
204: eeReturn
202
;
204: eeReturn
200
;
202: 2202Call 202(current pc: 202
;
204: eeReturn
202
;
204: eeReturn
200
;
202: 2202Call 202(current pc: 202
;
204: eeReturn
202
;
204: eeReturn
200
;
202: 2202Call 202(current pc: 202
;
204: eeReturn
202
;
204: eeReturn
200
;
202: 2202Call 202(current pc: 202
;
204: eeReturn
202
;
204: eeReturn
200
;
202: 2202Call 202(current pc: 202
;
204: eeReturn
202
;
204: eeReturn
200
;
202: 2202Call 202(current pc: 202
;
204: eeReturn
202
;
204: eeReturn
200
;
202: 2202Call 202(current pc: 202
;
204: eeReturn
202
;
204: eeReturn
200
;
202: 2202Call 202(current pc: 202
;
204: eeReturn
202
;
204: eeReturn
200
;
202: 2202Call 202(current pc: 202
;
204: eeReturn
202
;
204: eeReturn
200
;
202: 2202Call 202(current pc: 202
;
204: eeReturn
202
;
204: eeReturn
200
;
202: 2202Call 202(current pc: 202
;
204: eeReturn
202
;
204: eeReturn
200
;
202: 2202Call 202(current pc: 202
;
204: eeReturn
202
;
204: eeReturn
200
;
202: 2202Call 202(current pc: 202
;
204: eeReturn
202
;
204: eeReturn
200
;
202: 2202Call 202(current pc: 202
;
204: eeReturn
202
;
204: eeReturn
200
;
202: 2202Call 202(current pc: 202
;
204: eeReturn
202
;
204: eeReturn
200
;
202: 2202Call 202(current pc: 202
;
204: eeReturn
202
;
204: eeReturn
200
;
202: 2202Call 202(current pc: 202
;
204: eeReturn
202
;
204: eeReturn
200
;
202: 2202Call 202(current pc: 202
;
204: eeReturn
202
;
204: eeReturn
200
;
202: 2202Call 202(current pc: 202
;
204: eeReturn
202
;
204: eeReturn
200
;
202: 2202Call 202(current pc: 202
;
204: eeReturn
202
;
204: eeReturn
200
;
202: 2202Call 202(current pc: 202
;
204: eeReturn
202
;
204: eeReturn
200
;
202: 2202Call 202(current pc: 202
;
204: eeReturn
202
;
204: eeReturn
200
;
202: 2202Call 202(current pc: 202
;
204: eeReturn
202
;
204: eeReturn
200
;
202: 2202Call 202(current pc: 202
;
204: eeReturn
202
;
204: eeReturn
200
;
202: 2202Call 202(current pc: 202
;
204: eeReturn
202
;
204: eeReturn
200
;
202: 2202Call 202(current pc: 202
;
204: eeReturn
202
;
204: eeReturn
200
;
202: 2202Call 202(current pc: 202
;
204: eeReturn
202
;
204: eeReturn
200
;
202: 2202Call 202(current pc: 202
;
204: eeReturn
202
;
204: eeReturn
200
;
202: 2202Call 202(current pc: 202
;
204: eeReturn
202
;
204: eeReturn
200
;
202: 2202Call 202(current pc: 202
;
204: eeReturn
202
;
204: eeReturn
200
;
202: 2202Call 202(current pc: 202
;
204: eeReturn
202
;
204: eeReturn
200
;
202: 2202Call 202(current pc: 202
;
204: eeReturn
202
;
204: eeReturn
200
;
202: 2202Call 202(current pc: 202
;
204: eeReturn
202
;
204: eeReturn
200
;
202: 2202Call 202(current pc: 202
;
204: eeReturn
202
;
204: eeReturn
200
;
202: 2202Call 202(current pc: 202
;
204: eeReturn
202
;
204: eeReturn
200
;
202: 2202Call 202(current pc: 202
;
204: eeReturn
202
;
204: eeReturn
200
;
202: 2202Call 202(current pc: 202
;
204: eeReturn
202
;
204: eeReturn
200
;
202: 2202Call 202(current pc: 202
;
204: eeReturn
202
;
204: eeReturn
200
;
202: 2202Call 202(current pc: 202
;
204: eeReturn
202
;
204: eeReturn
200
;
202: 2202Call 202(current pc: 202
;
204: eeReturn
202
;
204: eeReturn
200
;
202: 2202Call 202(current pc: 202
;
204: eeReturn
202
;
204: eeReturn
200
;
202: 2202Call 202(current pc: 202
;
204: eeReturn
202
;
204: eeReturn
200
;
202: 2202Call 202(current pc: 202
;
204: eeReturn
202
;
204: eeReturn
200
;
202: 2202Call 202(current pc: 202
;
204: eeReturn
202
;
204: eeReturn
200
;
202: 2202Call 202(current pc: 202
;
204: eeReturn
202
;
204: eeReturn
200
;
202: 2202Call 202(current pc: 202
;
204: eeReturn
202
;
204: eeReturn
200
;
202: 2202Call 202(current pc: 202
;
204: eeReturn
202
;
204: eeReturn
200
;
202: 2202Call 202(current pc: 202
;
204: eeReturn
202
;
204: eeReturn
200
;
202: 2202Call 202(current pc: 202
;
204: eeReturn
202
;
204: eeReturn
200
;
202: 2202Call 202(current pc: 202
;
204: eeReturn
202
;
204: eeReturn
200
;
202: 2202Call 202(current pc: 202
;
204: eeReturn
202
;
204: eeReturn
200
;
202: 2202Call 202(current pc: 202
;
204: eeReturn
202
;
204: eeReturn
200
;
202: 2202Call 202(current pc: 202
;
204: eeReturn
202
;
204: eeReturn
200
;
202: 2202Call 202(current pc: 202
;
204: eeReturn
202
;
204: eeReturn
200
;
202: 2202Call 202(current pc: 202
;
204: eeReturn
202
;
204: eeReturn
200
;
202: 2202Call 202(current pc: 202
;
204: eeReturn
202
;
204: eeReturn
200
;
202: 2202Call 202(current pc: 202
;
204: eeReturn
202
;
204: eeReturn
200
;
202: 2202Call 202(current pc: 202
;
204: eeReturn
202
;
204: eeReturn
200
;
202: 2202Call 202(current pc: 202
;
204: eeReturn
202
;
204: eeReturn
200
;
202: 2202Call 202(current pc: 202
;
204: eeReturn
202
;
204: eeReturn
200
;
202: 2202Call 202(current pc: 202
;
204: eeReturn
202
;
204: eeReturn
200
;
202: 2202Call 202(current pc: 202
;
204: eeReturn
202
;
204: eeReturn
200
;
202: 2202Call 202(current pc: 202
;
204: eeReturn
202
;
204: eeReturn
200
;
202: 2202Call 202(current pc: 202
;
204: eeReturn
202
;
204: eeReturn
200
;
202: 2202Call 202(current pc: 202
;
204: eeReturn
202
;
204: eeReturn
200
;
202: 2202Call 202(current pc: 202
;
204: eeReturn
202
;
204: eeReturn
200
;
202: 2202Call 202(current pc: 202
;
204: eeReturn
202
;
204: eeReturn
200
;
202: 2202Call 202(current pc: 202
;
204: eeReturn
202
;
204: eeReturn
200
;
202: 2202Call 202(current pc: 202
;
204: eeReturn
202
;
204: eeReturn
200
;
202: 2202Call 202(current pc: 202
;
204: eeReturn
202
;
204: eeReturn
200
;
202: 2202Call 202(current pc: 202
;
204: eeReturn
202
;
204: eeReturn
200
;
202: 2202Call 202(current pc: 202
;
204: eeReturn
202
;
204: eeReturn
200
;
202: 2202Call 202(current pc: 202
;
204: eeReturn
202
;
204: eeReturn
200
;
202: 2202Call 202(current pc: 202
;
204: eeReturn
202
;
204: eeReturn
200
;
202: 2202Call 202(current pc: 202
;
204: eeReturn
202
;
204: eeReturn
200
;
202: 2202Call 202(current pc: 202
;
204: eeReturn
202
;
204: eeReturn
200
;
202: 2202Call 202(current pc: 202
;
204: eeReturn
202
;
204: eeReturn
200
;
202: 2202Call 202(current pc: 202
;
204: eeReturn
202
;
204: eeReturn
200
;
202: 2202Call 202(current pc: 202
;
204: eeReturn
202
;
204: eeReturn
200
;
202: 2202Call 202(current pc: 202
;
204: eeReturn
202
;
204: eeReturn
200
;
202: 2202Call 202(current pc: 202
;
204: eeReturn
202
;
204: eeReturn
200
;
202: 2202Call 202(current pc: 202
;
204: eeReturn
202
;
204: eeReturn
200
;
202: 2202Call 202(current pc: 202
;
204: eeReturn
202
;
204: eeReturn
200
;
202: 2202Call 202(current pc: 202
;
204: eeReturn
202
;
204: eeReturn
200
;
202: 2202Call 202(current pc: 202
;
204: eeReturn
202
;
204: eeReturn
200
;
202: 2202Call 202(current pc: 202
;
204: eeReturn
202
;
204: eeReturn
200
;
202: 2202Call 202(current pc: 202
;
204: eeReturn
202
;
204: eeReturn
200
;
202: 2202Call 202(current pc: 202
;
204: eeReturn
202
;
204: eeReturn
200
;
202: 2202Call 202(current pc: 202
;
204: eeReturn
202
;
204: eeReturn
200
;
202: 2202Call 202(current pc: 202
;
204: eeReturn
202
;
204: eeReturn
200
;
202: 2202Call 202(current pc: 202
;
204: eeReturn
202
;
204: eeReturn
200
;
202: 2202Call 202(current pc: 202
;
204: eeReturn
202
;
204: eeReturn
200
;
202: 2202Call 202(current pc: 202
;
204: eeReturn
202
;
204: eeReturn
200
;
202: 2202Call 202(current pc: 202
;
204: eeReturn
202
;
204: eeReturn
200
;
202: 2202Call 202(current pc: 202
;
204: eeReturn
202
;
204: eeReturn
200
;
202: 2202Call 202(current pc: 202
;
204: eeReturn
202
;
204: eeReturn
200
;
202: 2202Call 202(current pc: 202
;
204: eeReturn
202
;
204: eeReturn
200
;
202: 2202Call 202(current pc: 202
;
204: eeReturn
202
;
204: eeReturn
200
;
202: 2202Call 202(current pc: 202
;
204: eeReturn
202
;
204: eeReturn
200
;
202: 2202Call 202(current pc: 202
;
204: eeReturn
202
;
204: eeReturn
200
;
202: 2202Call 202(current pc: 202
;
204: eeReturn
202
;
204: eeReturn
200
;
202: 2202Call 202(current pc: 202
;
204: eeReturn
202
;
204: eeReturn
200
;
202: 2202Call 202(current pc: 202
;
204: eeReturn
202
;
204: eeReturn
200
;
202: 2202Call 202(current pc: 202
;
204: eeReturn
202
;
204: eeReturn
200
;
202: 2202Call 202(current pc: 202
;
204: eeReturn
202
;
204: eeReturn
200
;
202: 2202Call 202(current pc: 202
;
204: eeReturn
202
;
204: eeReturn
200
;
202: 2202Call 202(current pc: 202
;
204: eeReturn
202
;
204: eeReturn
200
;
202: 2202Call 202(current pc: 202
;
204: eeReturn
202
;
204: eeReturn
200
;
202: 2202Call 202(current pc: 202
;
204: eeReturn
202
;
204: eeReturn
200
;
202: 2202Call 202(current pc: 202
;
204: eeReturn
202
;
204: eeReturn
200
;
202: 2202Call 202(current pc: 202
;
204: eeReturn
202
;
204: eeReturn
200
;
202: 2202Call 202(current pc: 202
;
204: eeReturn
202
;
204: eeReturn
200
;
202: 2202Call 202(current pc: 202
;
204: eeReturn
202
;
204: eeReturn
200
;
202: 2202Call 202(current pc: 202
;
204: eeReturn
202
;
204: eeReturn
200
;
202: 2202Call 202(current pc: 202
;
204: eeReturn
202
;
204: eeReturn
200
;
202: 2202Call 202(current pc: 202
;
204: eeReturn
202
;
204: eeReturn
200
;
202: 2202Call 202(current pc: 202
;
204: eeReturn
202
;
204: eeReturn
200
;
202: 2202Call 202(current pc: 202
;
204: eeReturn
202
;
204: eeReturn
200
;
202: 2202Call 202(current pc: 202
;
204: eeReturn
202
;
204: eeReturn
200
;
202: 2202Call 202(current pc: 202
;
204: eeReturn
202
;
204: eeReturn
200
;
202: 2202Call 202(current pc: 202
;
204: eeReturn
202
;
204: eeReturn
200
;
202: 2202Call 202(current pc: 202
;
204: eeReturn
202
;
204: eeReturn
200
;
202: 2202Call 202(current pc: 202
;
204: eeReturn
202
;
204: eeReturn
200
;
202: 2202Call 202(current pc: 202
;
204: eeReturn
202
;
204: eeReturn
200
;
202: 2202Call 202(current pc: 202
;
204: eeReturn
202
;
204: eeReturn
200
;
202: 2202Call 202(current pc: 202
;
204: eeReturn
202
;
204: eeReturn
200
;
202: 2202Call 202(current pc: 202
;
204: eeReturn
202
;
204: eeReturn
200
;
202: 2202Call 202(current pc: 202
;
204: eeReturn
202
;
204: eeReturn
200
;
202: 2202Call 202(current pc: 202
;
204: eeReturn
202
;
204: eeReturn
200
;
202: 2202Call 202(current pc: 202
;
204: eeReturn
202
;
204: eeReturn
200
;
202: 2202Call 202(current pc: 202
;
204: eeReturn
202
;
204: eeReturn
200
;
202: 2202Call 202(current pc: 202
;
204: eeReturn
202
;
204: eeReturn
200
;
202: 2202Call 202(current pc: 202
;
204: eeReturn
202
;
204: eeReturn
200
;
202: 2202Call 202(current pc: 202
;
204: eeReturn
202
;
204: eeReturn
200
;
202: 2202Call 202(current pc: 202
;
204: eeReturn
202
;
204: eeReturn
200
;
202: 2202Call 202(current pc: 202
;
204: eeReturn
202
;
204: eeReturn
200
;
202: 2202Call 202(current pc: 202
;
204: eeReturn
202
;
204: eeReturn
200
;
202: 2202Call 202(current pc: 202
;
204: eeReturn
202
;
204: eeReturn
200
;
202: 2202Call 202(current pc: 202
;
204: eeReturn
202
;
204: eeReturn
200
;
202: 2202Call 202(current pc: 202
;
204: eeReturn
202
;
204: eeReturn
200
;
202: 2202Call 202(current pc: 202
;
204: eeReturn
202
;
204: eeReturn
200
;
202: 2202Call 202(current pc: 202
;
204: eeReturn
202
;
204: eeReturn
200
;
202: 2202Call 202(current pc: 202
;
204: eeReturn
202
;
204: eeReturn
200
;
202: 2202Call 202(current pc: 202
;
204: eeReturn
202
;
204: eeReturn
200
;
202: 2202Call 202(current pc: 202
;
204: eeReturn
202
;
204: eeReturn
200
;
202: 2202Call 202(current pc: 202
;
204: eeReturn
202
;
204: eeReturn
200
;
202: 2202Call 202(current pc: 202
;
204: eeReturn
202
;
204: eeReturn
200
;
202: 2202Call 202(current pc: 202
;
204: eeReturn
202
;
204: eeReturn
200
;
202: 2202Call 202(current pc: 202
;
204: eeReturn
202
;
204: eeReturn
200
;
202: 2202Call 202(current pc: 202
;
204: eeReturn
202
;
204: eeReturn
200
;
202: 2202Call 202(current pc: 202
;
204: eeReturn
202
;
204: eeReturn
200
;
202: 2202Call 202(current pc: 202
;
204: eeReturn
202
;
204: eeReturn
200
;
202: 2202Call 202(current pc: 202
;
204: eeReturn
202
;
204: eeReturn
200
;
202: 2202Call 202(current pc: 202
;
204: eeReturn
202
;
204: eeReturn
200
;
202: 2202Call 202(current pc: 202
;
204: eeReturn
202
;
204: eeReturn
200
;
202: 2202Call 202(current pc: 202
;
204: eeReturn
202
;
204: eeReturn
200
;
202: 2202Call 202(current pc: 202
;
204: eeReturn
202
;
204: eeReturn
200
;
202: 2202Call 202(current pc: 202
;
204: eeReturn
202
;
204: eeReturn
200
;
202: 2202Call 202(current pc: 202
;
204: eeReturn
202
;
204: eeReturn
200
;
202: 2202Call 202(current pc: 202
;
204: eeReturn
202
;
204: eeReturn
200
;
202: 2202Call 202(current pc: 202
;
204: eeReturn
202
;
204: eeReturn
200
;
202: 2202Call 202(current pc: 202
;
204: eeReturn
202
;
204: eeReturn
200
;
202: 2202Call 202(current pc: 202
;
204: eeReturn
202
;
204: eeReturn
200
;
202: 2202Call 202(current pc: 202
;
204: eeReturn
202
;
204: eeReturn
200
;
202: 2202Call 202(current pc: 202
;
204: eeReturn
202
;
204: eeReturn
200
;
202: 2202Call 202(current pc: 202
;
204: eeReturn
202
;
204: eeReturn
200
;
202: 2202Call 202(current pc: 202
;
204: eeReturn
202
;
204: eeReturn
200
;
202: 2202Call 202(current pc: 202
;
204: eeReturn
202
;
204: eeReturn
200
;
202: 2202Call 202(current pc: 202
;
204: eeReturn
202
;
204: eeReturn
200
;
202: 2202Call 202(current pc: 202
;
204: eeReturn
202
;
204: eeReturn
200
;
202: 2202Call 202(current pc: 202
;
204: eeReturn
202
;
204: eeReturn
200
;
202: 2202Call 202(current pc: 202
;
204: eeReturn
202
;
204: eeReturn
200
;
202: 2202Call 202(current pc: 202
;
204: eeReturn
202
;
204: eeReturn
200
;
202: 2202Call 202(current pc: 202
;
204: eeReturn
202
;
204: eeReturn
200
;
202: 2202Call 202(current pc: 202
;
204: eeReturn
202
;
204: eeReturn
200
;
202: 2202Call 202(current pc: 202
;
204: eeReturn
202
;
204: eeReturn
200
;
202: 2202Call 202(current pc: 202
;
204: eeReturn
202
;
204: eeReturn
200
;
202: 2202Call 202(current pc: 202
;
204: eeReturn
202
;
204: eeReturn
200
;
202: 2202Call 202(current pc: 202
;
204: eeReturn
202
;
204: eeReturn
200
;
202: 2202Call 202(current pc: 202
;
204: eeReturn
202
;
204: eeReturn
200
;
202: 2202Call 202(current pc: 202
;
204: eeReturn
202
;
204: eeReturn
200
;
202: 2202Call 202(current pc: 202
;
204: eeReturn
202
;
204: eeReturn
200
;
202: 2202Call 202(current pc: 202
;
204: eeReturn
202
;
204: eeReturn
200
;
202: 2202Call 202(current pc: 202
;
204: eeReturn
202
;
204: eeReturn
200
;
202: 2202Call 202(current pc: 202
;
204: eeReturn
202
;
204: eeReturn
200
;
202: 2202Call 202(current pc: 202
;
204: eeReturn
202
;
204: eeReturn
200
;
202: 2202Call 202(current pc: 202
;
204: eeReturn
202
;
204: eeReturn
200
;
202: 2202Call 202(current pc: 202
;
204: eeReturn
202
;
204: eeReturn
200
;
202: 2202Call 202(current pc: 202
;
204: eeReturn
202
;
204: eeReturn
200
;
202: 2202Call 202(current pc: 202
;
204: eeReturn
202
;
204: eeReturn
200
;
202: 2202Call 202(current pc: 202
;
204: eeReturn
202
;
204: eeReturn
200
;
202: 2202Call 202(current pc: 202
;
204: eeReturn
202
;
204: eeReturn
200
;
202: 2202Call 202(current pc: 202
;
204: eeReturn
202
;
204: eeReturn
200
;
202: 2202Call 202(current pc: 202
;
204: eeReturn
202
;
204: eeReturn
200
;
202: 2202Call 202(current pc: 202
;
204: eeReturn
202
;
204: eeReturn
200
;
202: 2202Call 202(current pc: 202
;
204: eeReturn
202
;
204: eeReturn
200
;
202: 2202Call 202(current pc: 202
;
204: eeReturn
202
;
204: eeReturn
200
;
202: 2202Call 202(current pc: 202
;
204: eeReturn
202
;
204: eeReturn
200
;
202: 2202Call 202(current pc: 202
;
204: eeReturn
202
;
204: eeReturn
200
;
202: 2202Call 202(current pc: 202
;
204: eeReturn
202
;
204: eeReturn
200
;
202: 2202Call 202(current pc: 202
;
204: eeReturn
202
;
204: eeReturn
200
;
202: 2202Call 202(current pc: 202
;
204: eeReturn
202
;
204: eeReturn
200
;
202: 2202Call 202(current pc: 202
;
204: eeReturn
202
;
204: eeReturn
200
;
202: 2202Call 202(current pc: 202
;
204: eeReturn
202
;
204: eeReturn
200
;
202: 2202Call 202(current pc: 202
;
204: eeReturn
202
;
204: eeReturn
200
;
202: 2202Call 202(current pc: 202
;
204: eeReturn
202
;
204: eeReturn
200
;
202: 2202Call 202(current pc: 202
;
204: eeReturn
202
;
204: eeReturn
200
;
202: 2202Call 202(current pc: 202
;
204: eeReturn
202
;
204: eeReturn
200
;
202: 2202Call 202(current pc: 202
;
204: eeReturn
202
;
204: eeReturn
200
;
202: 2202Call 202(current pc: 202
;
204: eeReturn
202
;
204: eeReturn
200
;
202: 2202Call 202(current pc: 202
;
204: eeReturn
202
;
204: eeReturn
200
;
202: 2202Call 202(current pc: 202
;
204: eeReturn
202
;
204: eeReturn
200
;
202: 2202Call 202(current pc: 202
;
204: eeReturn
202
;
204: eeReturn
200
;
202: 2202Call 202(current pc: 202
;
204: eeReturn
202
;
204: eeReturn
200
;
202: 2202Call 202(current pc: 202
;
204: eeReturn
202
;
204: eeReturn
200
;
202: 2202Call 202(current pc: 202
;
204: eeReturn
202
;
204: eeReturn
200
;
202: 2202Call 202(current pc: 202
;
204: eeReturn
202
;
204: eeReturn
200
;
202: 2202Call 202(current pc: 202
;
204: eeReturn
202
;
204: eeReturn
200
;
202: 2202Call 202(current pc: 202
;
204: eeReturn
202
;
204: eeReturn
200
;
202: 2202Call 202(current pc: 202
;
204: eeReturn
202
;
204: eeReturn
200
;
202: 2202Call 202(current pc: 202
;
204: eeReturn
202
;
204: eeReturn
200
;
202: 2202Call 202(current pc: 202
;
204: eeReturn
202
;
204: eeReturn
200
;
202: 2202Call 202(current pc: 202
;
204: eeReturn
202
;
204: eeReturn
200
;
202: 2202Call 202(current pc: 202
;
204: eeReturn
202
;
204: eeReturn
200
;
202: 2202Call 202(current pc: 202
;
204: eeReturn
202
;
204: eeReturn
200
;
202: 2202Call 202(current pc: 202
;
204: eeReturn
202
;
204: eeReturn
200
;
202: 2202Call 202(current pc: 202
;
204: eeReturn
202
;
204: eeReturn
200
;
202: 2202Call 202(current pc: 202
;
204: eeReturn
202
;
204: eeReturn
200
;
202: 2202Call 202(current pc: 202
;
204: eeReturn
202
;
204: eeReturn
200
;
202: 2202Call 202(current pc: 202
;
204: eeReturn
202
;
204: eeReturn
200
;
202: 2202Call 202(current pc: 202
;
204: eeReturn
202
;
204: eeReturn
200
;
202: 2202Call 202(current pc: 202
;
204: eeReturn
202
;
204: eeReturn
200
;
202: 2202Call 202(current pc: 202
;
204: eeReturn
202
;
204: eeReturn
200
;
202: 2202Call 202(current pc: 202
;
204: eeReturn
202
;
204: eeReturn
200
;
202: 2202Call 202(current pc: 202
;
204: eeReturn
202
;
204: eeReturn
200
;
202: 2202Call 202(current pc: 202
;
204: eeReturn
202
;
204: eeReturn
200
;
202: 2202Call 202(current pc: 202
;
204: eeReturn
202
;
204: eeReturn
200
;
202: 2202Call 202(current pc: 202
;
204: eeReturn
202
;
204: eeReturn
200
;
202: 2202Call 202(current pc: 202
;
204: eeReturn
202
;
204: eeReturn
200
;
202: 2202Call 202(current pc: 202
;
204: eeReturn
202
;
204: eeReturn
200
;
202: 2202Call 202(current pc: 202
;
204: eeReturn
202
;
204: eeReturn
200
;
202: 2202Call 202(current pc: 202
;
204: eeReturn
202
;
204: eeReturn
200
;
202: 2202Call 202(current pc: 202
;
204: eeReturn
202
;
204: eeReturn
200
;
202: 2202Call 202(current pc: 202
;
204: eeReturn
202
;
204: eeReturn
200
;
202: 2202Call 202(current pc: 202
;
204: eeReturn
202
;
204: eeReturn
200
;
202: 2202Call 202(current pc: 202
;
204: eeReturn
202
;
204: eeReturn
200
;
202: 2202Call 202(current pc: 202
;
204: eeReturn
202
;
204: eeReturn
200
;
202: 2202Call 202(current pc: 202
;
204: eeReturn
202
;
204: eeReturn
200
;
202: 2202Call 202(current pc: 202
;
204: eeReturn
202
;
204: eeReturn
200
;
202: 2202Call 202(current pc: 202
;
204: eeReturn
202
;
204: eeReturn
200
;
202: 2202Call 202(current pc: 202
;
204: eeReturn
202
;
204: eeReturn
200
;
202: 2202Call 202(current pc: 202
;
204: eeReturn
202
;
204: eeReturn
200
;
202: 2202Call 202(current pc: 202
;
204: eeReturn
202
;
204: eeReturn
200
;
202: 2202Call 202(current pc: 202
;
204: eeReturn
202
;
204: eeReturn
200
;
202: 2202Call 202(current pc: 202
;
204: eeReturn
202
;
204: eeReturn
200
;
202: 2202Call 202(current pc: 202
;
204: eeReturn
202
;
204: eeReturn
200
;
202: 2202Call 202(current pc: 202
;
204: eeReturn
202
;
204: eeReturn
200
;
202: 2202Call 202(current pc: 202
;
204: eeReturn
202
;
204: eeReturn
200
;
202: 2202Call 202(current pc: 202
;
204: eeReturn
202
;
204: eeReturn
200
;
202: 2202Call 202(current pc: 202
;
204: eeReturn
202
;
204: eeReturn
200
;
202: 2202Call 202(current pc: 202
;
204: eeReturn
202
;
204: eeReturn
200
;
202: 2202Call 202(current pc: 202
;
204: eeReturn
202
;
204: eeReturn
200
;
202: 2202Call 202(current pc: 202
;
204: eeReturn
202
;
204: eeReturn
200
;
202: 2202Call 202(current pc: 202
;
204: eeReturn
202
;
204: eeReturn
200
;
202: 2202Call 202(current pc: 202
;
204: eeReturn
202
;
204: eeReturn
200
;
202: 2202Call 202(current pc: 202
;
204: eeReturn
202
;
204: eeReturn
200
;
202: 2202Call 202(current pc: 202
;
204: eeReturn
202
;
204: eeReturn
200
;
202: 2202Call 202(current pc: 202
;
204: eeReturn
202
;
204: eeReturn
200
;
202: 2202Call 202(current pc: 202
;
204: eeReturn
202
;
204: eeReturn
200
;
202: 2202Call 202(current pc: 202
;
204: eeReturn
202
;
204: eeReturn
200
;
202: 2202Call 202(current pc: 202
;
204: eeReturn
202
;
204: eeReturn
200
;
202: 2202Call 202(current pc: 202
;
204: eeReturn
202
;
204: eeReturn
200
;
202: 2202Call 202(current pc: 202
;
204: eeReturn
202
;
204: eeReturn
200
;
202: 2202Call 202(current pc: 202
;
204: eeReturn
202
;
204: eeReturn
200
;
202: 2202Call 202(current pc: 202
;
204: eeReturn
202
;
204: eeReturn
200
;
202: 2202Call 202(current pc: 202
;
204: eeReturn
202
;
204: eeReturn
200
;
202: 2202Call 202(current pc: 202
;
204: eeReturn
202
;
204: eeReturn
200
;
202: 2202Call 202(current pc: 202
;
204: eeReturn
202
;
204: eeReturn
200
;
202: 2202Call 202(current pc: 202
;
204: eeReturn
202
;
204: eeReturn
200
;
202: 2202Call 202(current pc: 202
;
204: eeReturn
202
;
204: eeReturn
200
;
202: 2202Call 202(current pc: 202
;
204: eeReturn
202
;
204: eeReturn
200
;
202: 2202Call 202(current pc: 202
;
204: eeReturn
202
;
204: eeReturn
200
;
202: 2202Call 202(current pc: 202
;
204: eeReturn
202
;
204: eeReturn
200
;
202: 2202Call 202(current pc: 202
;
204: eeReturn
202
;
204: eeReturn
200
;
202: 2202Call 202(current pc: 202
;
204: eeReturn
202
;
204: eeReturn
200
;
202: 2202Call 202(current pc: 202
;
204: eeReturn
202
;
204: eeReturn
200
;
202: 2202Call 202(current pc: 202
;
204: eeReturn
202
;
204: eeReturn
200
;
202: 2202Call 202(current pc: 202
;
204: eeReturn
202
;
204: eeReturn
200
;
202: 2202Call 202(current pc: 202
;
204: eeReturn
202
;
204: eeReturn
200
;
202: 2202Call 202(current pc: 202
;
204: eeReturn
202
;
204: eeReturn
200
;
202: 2202Call 202(current pc: 202
;
204: eeReturn
202
;
204: eeReturn
200
;
202: 2202Call 202(current pc: 202
;
204: eeReturn
202
;
204: eeReturn
200
;
202: 2202Call 202(current pc: 202
;
204: eeReturn
202
;
204: eeReturn
200
;
202: 2202Call 202(current pc: 202
;
204: eeReturn
202
;
204: eeReturn
200
;
202: 2202Call 202(current pc: 202
;
204: eeReturn
202
;
204: eeReturn
200
;
202: 2202Call 202(current pc: 202
;
204: eeReturn
202
;
204: eeReturn
200
;
202: 2202Call 202(current pc: 202
;
204: eeReturn
202
;
204: eeReturn
200
;
202: 2202Call 202(current pc: 202
;
204: eeReturn
202
;
204: eeReturn
200
;
202: 2202Call 202(current pc: 202
;
204: eeReturn
202
;
204: eeReturn
200
;
202: 2202Call 202(current pc: 202
;
204: eeReturn
202
;
204: eeReturn
200
;
202: 2202Call 202(current pc: 202
;
204: eeReturn
202
;
204: eeReturn
200
;
202: 2202Call 202(current pc: 202
;
204: eeReturn
202
;
204: eeReturn
200
;
202: 2202Call 202(current pc: 202
;
204: eeReturn
202
;
204: eeReturn
200
;
202: 2202Call 202(current pc: 202
;
204: eeReturn
202
;
204: eeReturn
200
;
202: 2202Call 202(current pc: 202
;
204: eeReturn
202
;
204: eeReturn
200
;
202: 2202Call 202(current pc: 202
;
204: eeReturn
202
;
204: eeReturn
200
;
202: 2202Call 202(current pc: 202
;
204: eeReturn
202
;
204: eeReturn
200
;
202: 2202Call 202(current pc: 202
;
204: eeReturn
202
;
204: eeReturn
200
;
202: 2202Call 202(current pc: 202
;
204: eeReturn
202
;
204: eeReturn
200
;
202: 2202Call 202(current pc: 202
;
204: eeReturn
202
;
204: eeReturn
200
;
202: 2202Call 202(current pc: 202
;
204: eeReturn
202
;
204: eeReturn
200
;
202: 2202Call 202(current pc: 202
;
204: eeReturn
202
;
204: eeReturn
200
;
202: 2202Call 202(current pc: 202
;
204: eeReturn
202
;
204: eeReturn
200
;
202: 2202Call 202(current pc: 202
;
204: eeReturn
202
;
204: eeReturn
200
;
202: 2202Call 202(current pc: 202
;
204: eeReturn
202
;
204: eeReturn
200
;
202: 2202Call 202(current pc: 202
;
204: eeReturn
202
;
204: eeReturn
200
;
202: 2202Call 202(current pc: 202
;
204: eeReturn
202
;
204: eeReturn
200
;
202: 2202Call 202(current pc: 202
;
204: eeReturn
202
;
204: eeReturn
200
;
202: 2202Call 202(current pc: 202
;
204: eeReturn
202
;
204: eeReturn
200
;
202: 2202Call 202(current pc: 202
;
204: eeReturn
202
;
204: eeReturn
200
;
202: 2202Call 202(current pc: 202
;
204: eeReturn
202
;
204: eeReturn
200
;
202: 2202Call 202(current pc: 202
;
204: eeReturn
202
;
204: eeReturn
200
;
202: 2202Call 202(current pc: 202
;
204: eeReturn
202
;
204: eeReturn
200
;
202: 2202Call 202(current pc: 202
;
204: eeReturn
202
;
204: eeReturn
200
;
202: 2202Call 202(current pc: 202
;
204: eeReturn
202
;
204: eeReturn
200
;
202: 2202Call 202(current pc: 202
;
204: eeReturn
202
;
204: eeReturn
200
;
202: 2202Call 202(current pc: 202
;
204: eeReturn
202
;
204: eeReturn
200
;
202: 2202Call 202(current pc: 202
;
204: eeReturn
202
;
204: eeReturn
200
;
202: 2202Call 202(current pc: 202
;
204: eeReturn
202
;
204: eeReturn
200
;
202: 2202Call 202(current pc: 202
;
204: eeReturn
202
;
204: eeReturn
200
;
202: 2202Call 202(current pc: 202
;
204: eeReturn
202
;
204: eeReturn
200
;
202: 2202Call 202(current pc: 202
;
204: eeReturn
202
;
204: eeReturn
200
;
202: 2202Call 202(current pc: 202
;
204: eeReturn
202
;
204: eeReturn
200
;
202: 2202Call 202(current pc: 202
;
204: eeReturn
202
;
204: eeReturn
200
;
202: 2202Call 202(current pc: 202
;
204: eeReturn
202
;
204: eeReturn
200
;
202: 2202Call 202(current pc: 202
;
204: eeReturn
202
;
204: eeReturn
200
;
202: 2202Call 202(current pc: 202
;
204: eeReturn
202
;
204: eeReturn
200
;
202: 2202Call 202(current pc: 202
;
204: eeReturn
202
;
204: eeReturn
200
;
202: 2202Call 202(current pc: 202
;
204: eeReturn
202
;
204: eeReturn
200
;
202: 2202Call 202(current pc: 202
;
204: eeReturn
202
;
204: eeReturn
200
;
202: 2202Call 202(current pc: 202
;
204: eeReturn
202
;
204: eeReturn
200
;
202: 2202Call 202(current pc: 202
;
204: eeReturn
202
;
204: eeReturn
200
;
202: 2202Call 202(current pc: 202
;
204: eeReturn
202
;
204: eeReturn
200
;
202: 2202Call 202(current pc: 202
;
204: eeReturn
202
;
204: eeReturn
200
;
202: 2202Call 202(current pc: 202
;
204: eeReturn
202
;
204: eeReturn
200
;
202: 2202Call 202(current pc: 202
;
204: eeReturn
202
;
204: eeReturn
200
;
202: 2202Call 202(current pc: 202
;
204: eeReturn
202
;
204: eeReturn
200
;
202: 2202Call 202(current pc: 202
;
204: eeReturn
202
;
204: eeReturn
200
;
202: 2202Call 202(current pc: 202
;
204: eeReturn
202
;
204: eeReturn
200
;
202: 2202Call 202(current pc: 202
;
204: eeReturn
202
;
204: eeReturn
200
;
202: 2202Call 202(current pc: 202
;
204: eeReturn
202
;
204: eeReturn
200
;
202: 2202Call 202(current pc: 202
;
204: eeReturn
202
;
204: eeReturn
200
;
202: 2202Call 202(current pc: 202
;
204: eeReturn
202
;
204: eeReturn
200
;
202: 2202Call 202(current pc: 202
;
204: eeReturn
202
;
204: eeReturn
200
;
202: 2202Call 202(current pc: 202
;
204: eeReturn
202
;
204: eeReturn
200
;
202: 2202Call 202(current pc: 202
;
204: eeReturn
202
;
204: eeReturn
200
;
202: 2202Call 202(current pc: 202
;
204: eeReturn
202
;
204: eeReturn
200
;
202: 2202Call 202(current pc: 202
;
204: eeReturn
202
;
204: eeReturn
200
;
202: 2202Call 202(current pc: 202
;
204: eeReturn
202
;
204: eeReturn
200
;
202: 2202Call 202(current pc: 202
;
204: eeReturn
202
;
204: eeReturn
200
;
202: 2202Call 202(current pc: 202
;
204: eeReturn
202
;
204: eeReturn
200
;
202: 2202Call 202(current pc: 202
;
204: eeReturn
202
;
204: eeReturn
200
;
202: 2202Call 202(current pc: 202
;
204: eeReturn
202
;
204: eeReturn
200
;
202: 2202Call 202(current pc: 202
;
204: eeReturn
202
;
204: eeReturn
200
;
202: 2202Call 202(current pc: 202
;
204: eeReturn
202
;
204: eeReturn
200
;
202: 2202Call 202(current pc: 202
;
204: eeReturn
202
;
204: eeReturn
200
;
202: 2202Call 202(current pc: 202
;
204: eeReturn
202
;
204: eeReturn
200
;
202: 2202Call 202(current pc: 202
;
204: eeReturn
202
;
204: eeReturn
200
;
202: 2202Call 202(current pc: 202
;
204: eeReturn
202
;
204: eeReturn
200
;
202: 2202Call 202(current pc: 202
;
204: eeReturn
202
;
204: eeReturn
200
;
202: 2202Call 202(current pc: 202
;
204: eeReturn
202
;
204: eeReturn
200
;
202: 2202Call 202(current pc: 202
;
204: eeReturn
202
;
204: eeReturn
200
;
202: 2202Call 202(current pc: 202
;
204: eeReturn
202
;
204: eeReturn
200
;
202: 2202Call 202(current pc: 202
;
204: eeReturn
202
;
204: eeReturn
200
;
202: 2202Call 202(current pc: 202
;
204: eeReturn
202
;
204: eeReturn
200
;
202: 2202Call 202(current pc: 202
;
204: eeReturn
202
;
204: eeReturn
200
;
202: 2202Call 202(current pc: 202
;
204: eeReturn
202
;
204: eeReturn
200
;
202: 2202Call 202(current pc: 202
;
204: eeReturn
202
;
204: eeReturn
200
;
202: 2202Call 202(current pc: 202
;
204: eeReturn
202
;
204: eeReturn
200
;
202: 2202Call 202(current pc: 202
;
204: eeReturn
202
;
204: eeReturn
200
;
202: 2202Call 202(current pc: 202
;
204: eeReturn
202
;
204: eeReturn
200
;
202: 2202Call 202(current pc: 202
;
204: eeReturn
202
;
204: eeReturn
200
;
202: 2202Call 202(current pc: 202
;
204: eeReturn
202
;
204: eeReturn
200
;
202: 2202Call 202(current pc: 202
;
204: eeReturn
202
;
204: eeReturn
200
;
202: 2202Call 202(current pc: 202
;
204: eeReturn
202
;
204: eeReturn
200
;
202: 2202Call 202(current pc: 202
;
204: eeReturn
202
;
204: eeReturn
200
;
202: 2202Call 202(current pc: 202
;
204: eeReturn
202
;
204: eeReturn
200
;
202: 2202Call 202(current pc: 202
;
204: eeReturn
202
;
204: eeReturn
200
;
202: 2202Call 202(current pc: 202
;
204: eeReturn
202
;
204: eeReturn
200
;
202: 2202Call 202(current pc: 202
;
204: eeReturn
202
;
204: eeReturn
200
;
202: 2202Call 202(current pc: 202
;
204: eeReturn
202
;
204: eeReturn
200
;
202: 2202Call 202(current pc: 202
;
204: eeReturn
202
;
204: eeReturn
200
;
202: 2202Call 202(current pc: 202
;
204: eeReturn
202
;
204: eeReturn
200
;
202: 2202Call 202(current pc: 202
;
204: eeReturn
202
;
204: eeReturn
200
;
202: 2202Call 202(current pc: 202
;
204: eeReturn
202
;
204: eeReturn
200
;
202: 2202Call 202(current pc: 202
;
204: eeReturn
202
;
204: eeReturn
200
;
202: 2202Call 202(current pc: 202
;
204: eeReturn
202
;
204: eeReturn
200
;
202: 2202Call 202(current pc: 202
;
204: eeReturn
202
;
204: eeReturn
200
;
202: 2202Call 202(current pc: 202
;
204: eeReturn
202
;
204: eeReturn
200
;
202: 2202Call 202(current pc: 202
;
204: eeReturn
202
;
204: eeReturn
200
;
202: 2202Call 202(current pc: 202
;
204: eeReturn
202
;
204: eeReturn
200
;
202: 2202Call 202(current pc: 202
;
204: eeReturn
202
;
204: eeReturn
200
;
202: 2202Call 202(current pc: 202
;
204: eeReturn
202
;
204: eeReturn
200
;
202: 2202Call 202(current pc: 202
;
204: eeReturn
202
;
204: eeReturn
200
;
202: 2202Call 202(current pc: 202
;
204: eeReturn
202
;
204: eeReturn
200
;
202: 2202Call 202(current pc: 202
;
204: eeReturn
202
;
204: eeReturn
200
;
202: 2202Call 202(current pc: 202
;
204: eeReturn
202
;
204: eeReturn
200
;
202: 2202Call 202(current pc: 202
;
204: eeReturn
202
;
204: eeReturn
200
;
202: 2202Call 202(current pc: 202
;
204: eeReturn
202
;
204: eeReturn
200
;
202: 2202Call 202(current pc: 202
;
204: eeReturn
202
;
204: eeReturn
200
;
202: 2202Call 202(current pc: 202
;
204: eeReturn
202
;
204: eeReturn
200
;
202: 2202Call 202(current pc: 202
;
204: eeReturn
202
;
204: eeReturn
200
;
202: 2202Call 202(current pc: 202
;
204: eeReturn
202
;
204: eeReturn
200
;
202: 2202Call 202(current pc: 202
;
204: eeReturn
202
;
204: eeReturn
200
;
202: 2202Call 202(current pc: 202
;
204: eeReturn
202
;
204: eeReturn
200
;
202: 2202Call 202(current pc: 202
;
204: eeReturn
202
;
204: eeReturn
200
;
202: 2202Call 202(current pc: 202
;
204: eeReturn
202
;
204: eeReturn
200
;
202: 2202Call 202(current pc: 202
;
204: eeReturn
202
;
204: eeReturn
200
;
202: 2202Call 202(current pc: 202
;
204: eeReturn
202
;
204: eeReturn
200
;
202: 2202Call 202(current pc: 202
;
204: eeReturn
202
;
204: eeReturn
200
;
202: 2202Call 202(current pc: 202
;
204: eeReturn
202
;
204: eeReturn
200
;
202: 2202Call 202(current pc: 202
;
204: eeReturn
202
;
204: eeReturn
200
;
202: 2202Call 202(current pc: 202
;
204: eeReturn
202
;
204: eeReturn
200
;
202: 2202Call 202(current pc: 202
;
204: eeReturn
202
;
204: eeReturn
200
;
202: 2202Call 202(current pc: 202
;
204: eeReturn
202
;
204: eeReturn
200
;
202: 2202Call 202(current pc: 202
;
204: eeReturn
202
;
204: eeReturn
200
;
202: 2202Call 202(current pc: 202
;
204: eeReturn
202
;
204: eeReturn
200
;
202: 2202Call 202(current pc: 202
;
204: eeReturn
202
;
204: eeReturn
200
;
202: 2202Call 202(current pc: 202
;
204: eeReturn
202
;
204: eeReturn
200
;
202: 2202Call 202(current pc: 202
;
204: eeReturn
202
;
204: eeReturn
200
;
202: 2202Call 202(current pc: 202
;
204: eeReturn
202
;
204: eeReturn
200
;
202: 2202Call 202(current pc: 202
;
204: eeReturn
202
;
204: eeReturn
200
;
202: 2202Call 202(current pc: 202
;
204: eeReturn
202
;
204: eeReturn
200
;
202: 2202Call 202(current pc: 202
;
204: eeReturn
202
;
204: eeReturn
200
;
202: 2202Call 202(current pc: 202
;
204: eeReturn
202
;
204: eeReturn
200
;
202: 2202Call 202(current pc: 202
;
204: eeReturn
202
;
204: eeReturn
200
;
202: 2202Call 202(current pc: 202
;
204: eeReturn
202
;
204: eeReturn
200
;
202: 2202Call 202(current pc: 202
;
204: eeReturn
202
;
204: eeReturn
200
;
202: 2202Call 202(current pc: 202
;
204: eeReturn
202
;
204: eeReturn
200
;
202: 2202Call 202(current pc: 202
;
204: eeReturn
202
;
204: eeReturn
200
;
202: 2202Call 202(current pc: 202
;
204: eeReturn
202
;
204: eeReturn
200
;
202: 2202Call 202(current pc: 202
;
204: eeReturn
202
;
204: eeReturn
200
;
202: 2202Call 202(current pc: 202
;
204: eeReturn
202
;
204: eeReturn
200
;
202: 2202Call 202(current pc: 202
;
204: eeReturn
202
;
204: eeReturn
200
;
202: 2202Call 202(current pc: 202
;
204: eeReturn
202
;
204: eeReturn
200
;
202: 2202Call 202(current pc: 202
;
204: eeReturn
202
;
204: eeReturn
200
;
202: 2202Call 202(current pc: 202
;
204: eeReturn
202
;
204: eeReturn
200
;
202: 2202Call 202(current pc: 202
;
204: eeReturn
202
;
204: eeReturn
200
;
202: 2202Call 202(current pc: 202
;
204: eeReturn
202
;
204: eeReturn
200
;
202: 2202Call 202(current pc: 202
;
204: eeReturn
202
;
204: eeReturn
200
;
202: 2202Call 202(current pc: 202
;
204: eeReturn
202
;
204: eeReturn
200
;
202: 2202Call 202(current pc: 202
;
204: eeReturn
202
;
204: eeReturn
200
;
202: 2202Call 202(current pc: 202
;
204: eeReturn
202
;
204: eeReturn
200
;
202: 2202Call 202(current pc: 202
;
204: eeReturn
202
;
204: eeReturn
200
;
202: 2202Call 202(current pc: 202
;
204: eeReturn
202
;
204: eeReturn
200
;
202: 2202Call 202(current pc: 202
;
204: eeReturn
202
;
204: eeReturn
200
;
202: 2202Call 202(current pc: 202
;
204: eeReturn
202
;
204: eeReturn
200
;
202: 2202Call 202(current pc: 202
;
204: eeReturn
202
;
204: eeReturn
200
;
202: 2202Call 202(current pc: 202
;
204: eeReturn
202
;
204: eeReturn
200
;
202: 2202Call 202(current pc: 202
;
204: eeReturn
202
;
204: eeReturn
200
;
202: 2202Call 202(current pc: 202
;
204: eeReturn
202
;
204: eeReturn
200
;
202: 2202Call 202(current pc: 202
;
204: eeReturn
202
;
204: eeReturn
200
;
202: 2202Call 202(current pc: 202
;
204: eeReturn
202
;
204: eeReturn
200
;
202: 2202Call 202(current pc: 202
;
204: eeReturn
202
;
204: eeReturn
200
;
202: 2202Call 202(current pc: 202
;
204: eeReturn
202
;
204: eeReturn
200
;
202: 2202Call 202(current pc: 202
;
204: eeReturn
202
;
204: eeReturn
200
;
202: 2202Call 202(current pc: 202
;
204: eeReturn
202
;
204: eeReturn
200
;
202: 2202Call 202(current pc: 202
;
204: eeReturn
202
;
204: eeReturn
200
;
202: 2202Call 202(current pc: 202
;
204: eeReturn
202
;
204: eeReturn
200
;
202: 2202Call 202(current pc: 202
;
204: eeReturn
202
;
204: eeReturn
200
;
202: 2202Call 202(current pc: 202
;
204: eeReturn
202
;
204: eeReturn
200
;
202: 2202Call 202(current pc: 202
;
204: eeReturn
202
;
204: eeReturn
200
;
202: 2202Call 202(current pc: 202
;
204: eeReturn
202
;
204: eeReturn
200
;
202: 2202Call 202(current pc: 202
;
204: eeReturn
202
;
204: eeReturn
200
;
202: 2202Call 202(current pc: 202
;
204: eeReturn
202
;
204: eeReturn
200
;
202: 2202Call 202(current pc: 202
;
204: eeReturn
202
;
204: eeReturn
200
;
202: 2202Call 202(current pc: 202
;
204: eeReturn
202
;
204: eeReturn
200
;
202: 2202Call 202(current pc: 202
;
204: eeReturn
202
;
204: eeReturn
200
;
202: 2202Call 202(current pc: 202
;
204: eeReturn
202
;
204: eeReturn
200
;
202: 2202Call 202(current pc: 202
;
204: eeReturn
202
;
204: eeReturn
200
;
202: 2202Call 202(current pc: 202
;
204: eeReturn
202
;
204: eeReturn
200
;
202: 2202Call 202(current pc: 202
;
204: eeReturn
202
;
204: eeReturn
200
;
202: 2202Call 202(current pc: 202
;
204: eeReturn
202
;
204: eeReturn
200
;
202: 2202Call 202(current pc: 202
;
204: eeReturn
202
;
204: eeReturn
200
;
202: 2202Call 202(current pc: 202
;
204: eeReturn
202
;
204: eeReturn
200
;
202: 2202Call 202(current pc: 202
;
204: eeReturn
202
;
204: eeReturn
200
;
202: 2202Call 202(current pc: 202
;
204: eeReturn
202
;
204: eeReturn
200
;
202: 2202Call 202(current pc: 202
;
204: eeReturn
202
;
204: eeReturn
200
;
202: 2202Call 202(current pc: 202
;
204: eeReturn
202
;
204: eeReturn
200
;
202: 2202Call 202(current pc: 202
;
204: eeReturn
202
;
204: eeReturn
200
;
202: 2202Call 202(current pc: 202
;
204: eeReturn
202
;
204: eeReturn
200
;
202: 2202Call 202(current pc: 202
;
204: eeReturn
202
;
204: eeReturn
200
;
202: 2202Call 202(current pc: 202
;
204: eeReturn
202
;
204: eeReturn
200
;
202: 2202Call 202(current pc: 202
;
204: eeReturn
202
;
204: eeReturn
200
;
202: 2202Call 202(current pc: 202
;
204: eeReturn
202
;
204: eeReturn
200
;
202: 2202Call 202(current pc: 202
;
204: eeReturn
202
;
204: eeReturn
200
;
202: 2202Call 202(current pc: 202
;
204: eeReturn
202
;
204: eeReturn
200
;
202: 2202Call 202(current pc: 202
;
204: eeReturn
202
;
204: eeReturn
200
;
202: 2202Call 202(current pc: 202
;
204: eeReturn
202
;
204: eeReturn
200
;
202: 2202Call 202(current pc: 202
;
204: eeReturn
202
;
204: eeReturn
200
;
202: 2202Call 202(current pc: 202
;
204: eeReturn
202
;
204: eeReturn
200
;
202: 2202Call 202(current pc: 202
;
204: eeReturn
202
;
204: eeReturn
200
;
202: 2202Call 202(current pc: 202
;
204: eeReturn
202
;
204: eeReturn
200
;
202: 2202Call 202(current pc: 202
;
204: eeReturn
202
;
204: eeReturn
200
;
202: 2202Call 202(current pc: 202
;
204: eeReturn
202
;
204: eeReturn
200
;
202: 2202Call 202(current pc: 202
;
204: eeReturn
202
;
204: eeReturn
200
;
202: 2202Call 202(current pc: 202
;
204: eeReturn
202
;
204: eeReturn
200
;
202: 2202Call 202(current pc: 202
;
204: eeReturn
202
;
204: eeReturn
200
;
202: 2202Call 202(current pc: 202
;
204: eeReturn
202
;
204: eeReturn
200
;
202: 2202Call 202(current pc: 202
;
204: eeReturn
202
;
204: eeReturn
200
;
202: 2202Call 202(current pc: 202
;
204: eeReturn
202
;
204: eeReturn
200
;
202: 2202Call 202(current pc: 202
;
204: eeReturn
202
;
204: eeReturn
200
;
202: 2202Call 202(current pc: 202
;
204: eeReturn
202
;
204: eeReturn
200
;
202: 2202Call 202(current pc: 202
;
204: eeReturn
202
;
204: eeReturn
200
;
202: 2202Call 202(current pc: 202
;
204: eeReturn
202
;
204: eeReturn
200
;
202: 2202Call 202(current pc: 202
;
204: eeReturn
202
;
204: eeReturn
200
;
202: 2202Call 202(current pc: 202
;
204: eeReturn
202
;
204: eeReturn
200
;
202: 2202Call 202(current pc: 202
;
204: eeReturn
202
;
204: eeReturn
200
;
202: 2202Call 202(current pc: 202
;
204: eeReturn
202
;
204: eeReturn
200
;
202: 2202Call 202(current pc: 202
;
204: eeReturn
202
;
204: eeReturn
200
;
202: 2202Call 202(current pc: 202
;
204: eeReturn
202
;
204: eeReturn
200
;
202: 2202Call 202(current pc: 202
;
204: eeReturn
202
;
204: eeReturn
200
;
202: 2202Call 202(current pc: 202
;
204: eeReturn
202
;
204: eeReturn
200
;
202: 2202Call 202(current pc: 202
;
204: eeReturn
202
;
204: eeReturn
200
;
202: 2202Call 202(current pc: 202
;
204: eeReturn
202
;
204: eeReturn
200
;
202: 2202Call 202(current pc: 202
;
204: eeReturn
202
;
204: eeReturn
200
;
202: 2202Call 202(current pc: 202
;
204: eeReturn
202
;
204: eeReturn
200
;
202: 2202Call 202(current pc: 202
;
204: eeReturn
202
;
204: eeReturn
200
;
202: 2202Call 202(current pc: 202
;
204: eeReturn
202
;
204: eeReturn
200
;
202: 2202Call 202(current pc: 202
;
204: eeReturn
202
;
204: eeReturn
200
;
202: 2202Call 202(current pc: 202
;
204: eeReturn
202
;
204: eeReturn
200
;
202: 2202Call 202(current pc: 202
;
204: eeReturn
202
;
204: eeReturn
200
;
202: 2202Call 202(current pc: 202
;
204: eeReturn
202
;
204: eeReturn
200
;
202: 2202Call 202(current pc: 202
;
204: eeReturn
202
;
204: eeReturn
200
;
202: 2202Call 202(current pc: 202
;
204: eeReturn
202
;
204: eeReturn
200
;
202: 2202Call 202(current pc: 202
;
204: eeReturn
202
;
204: eeReturn
200
;
202: 2202Call 202(current pc: 202
;
204: eeReturn
202
;
204: eeReturn
200
;
202: 2202Call 202(current pc: 202
;
204: eeReturn
202
;
204: eeReturn
200
;
202: 2202Call 202(current pc: 202
;
204: eeReturn
202
;
204: eeReturn
200
;
202: 2202Call 202(current pc: 202
;
204: eeReturn
202
;
204: eeReturn
200
;
202: 2202Call 202(current pc: 202
;
204: eeReturn
202
;
204: eeReturn
200
;
202: 2202Call 202(current pc: 202
;
204: eeReturn
202
;
204: eeReturn
200
;
202: 2202Call 202(current pc: 202
;
204: eeReturn
202
;
204: eeReturn
200
;
202: 2202Call 202(current pc: 202
;
204: eeReturn
202
;
204: eeReturn
200
;
202: 2202Call 202(current pc: 202
;
204: eeReturn
202
;
204: eeReturn
200
;
202: 2202Call 202(current pc: 202
;
204: eeReturn
202
;
204: eeReturn
200
;
202: 2202Call 202(current pc: 202
;
204: eeReturn
202
;
204: eeReturn
200
;
202: 2202Call 202(current pc: 202
;
204: eeReturn
202
;
204: eeReturn
200
;
202: 2202Call 202(current pc: 202
;
204: eeReturn
202
;
204: eeReturn
200
;
202: 2202Call 202(current pc: 202
;
204: eeReturn
202
;
204: eeReturn
200
;
202: 2202Call 202(current pc: 202
;
204: eeReturn
202
;
204: eeReturn
200
;
202: 2202Call 202(current pc: 202
;
204: eeReturn
202
;
204: eeReturn
200
;
202: 2202Call 202(current pc: 202
;
204: eeReturn
202
;
204: eeReturn
200
;
202: 2202Call 202(current pc: 202
;
204: eeReturn
202
;
204: eeReturn
200
;
202: 2202Call 202(current pc: 202
;
204: eeReturn
202
;
204: eeReturn
200
;
202: 2202Call 202(current pc: 202
;
204: eeReturn
202
;
204: eeReturn
200
;
202: 2202Call 202(current pc: 202
;
204: eeReturn
202
;
204: eeReturn
200
;
202: 2202Call 202(current pc: 202
;
204: eeReturn
202
;
204: eeReturn
200
;
202: 2202Call 202(current pc: 202
;
204: eeReturn
202
;
204: eeReturn
200
;
202: 2202Call 202(current pc: 202
;
204: eeReturn
202
;
204: eeReturn
200
;
202: 2202Call 202(current pc: 202
;
204: eeReturn
202
;
204: eeReturn
200
;
202: 2202Call 202(current pc: 202
;
204: eeReturn
202
;
204: eeReturn
200
;
202: 2202Call 202(current pc: 202
;
204: eeReturn
202
;
204: eeReturn
200
;
202: 2202Call 202(current pc: 202
;
204: eeReturn
202
;
204: eeReturn
200
;
202: 2202Call 202(current pc: 202
;
204: eeReturn
202
;
204: eeReturn
200
;
202: 2202Call 202(current pc: 202
;
204: eeReturn
202
;
204: eeReturn
200
;
202: 2202Call 202(current pc: 202
;
204: eeReturn
202
;
204: eeReturn
200
;
202: 2202Call 202(current pc: 202
;
204: eeReturn
202
;
204: eeReturn
200
;
202: 2202Call 202(current pc: 202
;
204: eeReturn
202
;
204: eeReturn
200
;
202: 2202Call 202(current pc: 202
;
204: eeReturn
202
;
204: eeReturn
200
;
202: 2202Call 202(current pc: 202
;
204: eeReturn
202
;
204: eeReturn
200
;
202: 2202Call 202(current pc: 202
;
204: eeReturn
202
;
204: eeReturn
200
;
202: 2202Call 202(current pc: 202
;
204: eeReturn
202
;
204: eeReturn
200
;
202: 2202Call 202(current pc: 202
;
204: eeReturn
202
;
204: eeReturn
200
;
202: 2202Call 202(current pc: 202
;
204: eeReturn
202
;
204: eeReturn
200
;
202: 2202Call 202(current pc: 202
;
204: eeReturn
202
;
204: eeReturn
200
;
202: 2202Call 202(current pc: 202
;
204: eeReturn
202
;
204: eeReturn
200
;
202: 2202Call 202(current pc: 202
;
204: eeReturn
202
;
204: eeReturn
200
;
202: 2202Call 202(current pc: 202
;
204: eeReturn
202
;
204: eeReturn
200
;
202: 2202Call 202(current pc: 202
;
204: eeReturn
202
;
204: eeReturn
200
;
202: 2202Call 202(current pc: 202
;
204: eeReturn
202
;
204: eeReturn
200
;
202: 2202Call 202(current pc: 202
;
204: eeReturn
202
;
204: eeReturn
200
;
202: 2202Call 202(current pc: 202
;
204: eeReturn
202
;
204: eeReturn
200
;
202: 2202Call 202(current pc: 202
;
204: eeReturn
202
;
204: eeReturn
200
;
202: 2202Call 202(current pc: 202
;
204: eeReturn
202
;
204: eeReturn
200
;
202: 2202Call 202(current pc: 202
;
204: eeReturn
202
;
204: eeReturn
200
;
202: 2202Call 202(current pc: 202
;
204: eeReturn
202
;
204: eeReturn
200
;
202: 2202Call 202(current pc: 202
;
204: eeReturn
202
;
204: eeReturn
200
;
202: 2202Call 202(current pc: 202
;
204: eeReturn
202
;
204: eeReturn
200
;
202: 2202Call 202(current pc: 202
;
204: eeReturn
202
;
204: eeReturn
200
;
202: 2202Call 202(current pc: 202
;
204: eeReturn
202
;
204: eeReturn
200
;
202: 2202Call 202(current pc: 202
;
204: eeReturn
202
;
204: eeReturn
200
;
202: 2202Call 202(current pc: 202
;
204: eeReturn
202
;
204: eeReturn
200
;
202: 2202Call 202(current pc: 202
;
204: eeReturn
202
;
204: eeReturn
200
;
202: 2202Call 202(current pc: 202
;
204: eeReturn
202
;
204: eeReturn
200
;
202: 2202Call 202(current pc: 202
;
204: eeReturn
202
;
204: eeReturn
200
;
202: 2202Call 202(current pc: 202
;
204: eeReturn
202
;
204: eeReturn
200
;
202: 2202Call 202(current pc: 202
;
204: eeReturn
202
;
204: eeReturn
200
;
202: 2202Call 202(current pc: 202
;
204: eeReturn
202
;
204: eeReturn
200
;
202: 2202Call 202(current pc: 202
;
204: eeReturn
202
;
204: eeReturn
200
;
202: 2202Call 202(current pc: 202
;
204: eeReturn
202
;
204: eeReturn
200
;
202: 2202Call 202(current pc: 202
;
204: eeReturn
202
;
204: eeReturn
200
;
202: 2202Call 202(current pc: 202
;
204: eeReturn
202
;
204: eeReturn
200
;
202: 2202Call 202(current pc: 202
;
204: eeReturn
202
;
204: eeReturn
200
;
202: 2202Call 202(current pc: 202
;
204: eeReturn
202
;
204: eeReturn
200
;
202: 2202Call 202(current pc: 202
;
204: eeReturn
202
;
204: eeReturn
200
;
202: 2202Call 202(current pc: 202
;
204: eeReturn
202
;
204: eeReturn
200
;
202: 2202Call 202(current pc: 202
;
204: eeReturn
202
;
204: eeReturn
200
;
202: 2202Call 202(current pc: 202
;
204: eeReturn
202
;
204: eeReturn
200
;
202: 2202Call 202(current pc: 202
;
204: eeReturn
202
;
204: eeReturn
200
;
202: 2202Call 202(current pc: 202
;
204: eeReturn
202
;
204: eeReturn
200
;
202: 2202Call 202(current pc: 202
;
204: eeReturn
202
;
204: eeReturn
200
;
202: 2202Call 202(current pc: 202
;
204: eeReturn
202
;
204: eeReturn
200
;
202: 2202Call 202(current pc: 202
;
204: eeReturn
202
;
204: eeReturn
200
;
202: 2202Call 202(current pc: 202
;
204: eeReturn
202
;
204: eeReturn
200
;
202: 2202Call 202(current pc: 202
;
204: eeReturn
202
;
204: eeReturn
200
;
202: 2202Call 202(current pc: 202
;
204: eeReturn
202
;
204: eeReturn
200
;
202: 2202Call 202(current pc: 202
;
204: eeReturn
202
;
204: eeReturn
200
;
202: 2202Call 202(current pc: 202
;
204: eeReturn
202
;
204: eeReturn
200
;
202: 2202Call 202(current pc: 202
;
204: eeReturn
202
;
204: eeReturn
200
;
202: 2202Call 202(current pc: 202
;
204: eeReturn
202
;
204: eeReturn
200
;
202: 2202Call 202(current pc: 202
;
204: eeReturn
202
;
204: eeReturn
200
;
202: 2202Call 202(current pc: 202
;
204: eeReturn
202
;
204: eeReturn
200
;
202: 2202Call 202(current pc: 202
;
204: eeReturn
202
;
204: eeReturn
200
;
202: 2202Call 202(current pc: 202
;
204: eeReturn
202
;
204: eeReturn
200
;
202: 2202Call 202(current pc: 202
;
204: eeReturn
202
;
204: eeReturn
200
;
202: 2202Call 202(current pc: 202
;
204: eeReturn
202
;
204: eeReturn
200
;
202: 2202Call 202(current pc: 202
;
204: eeReturn
202
;
204: eeReturn
200
;
202: 2202Call 202(current pc: 202
;
204: eeReturn
202
;
204: eeReturn
200
;
202: 2202Call 202(current pc: 202
;
204: eeReturn
202
;
204: eeReturn
200
;
202: 2202Call 202(current pc: 202
;
204: eeReturn
202
;
204: eeReturn
200
;
202: 2202Call 202(current pc: 202
;
204: eeReturn
202
;
204: eeReturn
200
;
202: 2202Call 202(current pc: 202
;
204: eeReturn
202
;
204: eeReturn
200
;
202: 2202Call 202(current pc: 202
;
204: eeReturn
202
;
204: eeReturn
200
;
202: 2202Call 202(current pc: 202
;
204: eeReturn
202
;
204: eeReturn
200
;
202: 2202Call 202(current pc: 202
;
204: eeReturn
202
;
204: eeReturn
200
;
202: 2202Call 202(current pc: 202
;
204: eeReturn
202
;
204: eeReturn
200
;
202: 2202Call 202(current pc: 202
;
204: eeReturn
202
;
204: eeReturn
200
;
202: 2202Call 202(current pc: 202
;
204: eeReturn
202
;
204: eeReturn
200
;
202: 2202Call 202(current pc: 202
;
204: eeReturn
202
;
204: eeReturn
200
;
202: 2202Call 202(current pc: 202
;
204: eeReturn
202
;
204: eeReturn
200
;
202: 2202Call 202(current pc: 202
;
204: eeReturn
202
;
204: eeReturn
200
;
202: 2202Call 202(current pc: 202
;
204: eeReturn
202
;
204: eeReturn
200
;
202: 2202Call 202(current pc: 202
;
204: eeReturn
202
;
204: eeReturn
200
;
202: 2202Call 202(current pc: 202
;
204: eeReturn
202
;
204: eeReturn
200
;
202: 2202Call 202(current pc: 202
;
204: eeReturn
202
;
204: eeReturn
200
;
202: 2202Call 202(current pc: 202
;
204: eeReturn
202
;
204: eeReturn
200
;
202: 2202Call 202(current pc: 202
;
204: eeReturn
202
;
204: eeReturn
200
;
202: 2202Call 202(current pc: 202
;
204: eeReturn
202
;
204: eeReturn
200
;
202: 2202Call 202(current pc: 202
;
204: eeReturn
202
;
204: eeReturn
200
;
202: 2202Call 202(current pc: 202
;
204: eeReturn
202
;
204: eeReturn
200
;
202: 2202Call 202(current pc: 202
;
204: eeReturn
202
;
204: eeReturn
200
;
202: 2202Call 202(current pc: 202
;
204: eeReturn
202
;
204: eeReturn
200
;
202: 2202Call 202(current pc: 202
;
204: eeReturn
202
;
204: eeReturn
200
;
202: 2202Call 202(current pc: 202
;
204: eeReturn
202
;
204: eeReturn
200
;
202: 2202Call 202(current pc: 202
;
204: eeReturn
202
;
204: eeReturn
200
;
202: 2202Call 202(current pc: 202
;
204: eeReturn
202
;
204: eeReturn
200
;
202: 2202Call 202(current pc: 202
;
204: eeReturn
202
;
204: eeReturn
200
;
202: 2202Call 202(current pc: 202
;
204: eeReturn
202
;
204: eeReturn
200
;
202: 2202Call 202(current pc: 202
;
204: eeReturn
202
;
204: eeReturn
200
;
202: 2202Call 202(current pc: 202
;
204: eeReturn
202
;
204: eeReturn
200
;
202: 2202Call 202(current pc: 202
;
204: eeReturn
202
;
204: eeReturn
200
;
202: 2202Call 202(current pc: 202
;
204: eeReturn
202
;
204: eeReturn
200
;
202: 2202Call 202(current pc: 202
;
204: eeReturn
202
;
204: eeReturn
200
;
202: 2202Call 202(current pc: 202
;
204: eeReturn
202
;
204: eeReturn
200
;
202: 2202Call 202(current pc: 202
;
204: eeReturn
202
;
204: eeReturn
200
;
202: 2202Call 202(current pc: 202
;
204: eeReturn
202
;
204: eeReturn
200
;
202: 2202Call 202(current pc: 202
;
204: eeReturn
202
;
204: eeReturn
200
;
202: 2202Call 202(current pc: 202
;
204: eeReturn
202
;
204: eeReturn
200
;
202: 2202Call 202(current pc: 202
;
204: eeReturn
202
;
204: eeReturn
200
;
202: 2202Call 202(current pc: 202
;
204: eeReturn
202
;
204: eeReturn
200
;
202: 2202Call 202(current pc: 202
;
204: eeReturn
202
;
204: eeReturn
200
;
202: 2202Call 202(current pc: 202
;
204: eeReturn
202
;
204: eeReturn
200
;
202: 2202Call 202(current pc: 202
;
204: eeReturn
202
;
204: eeReturn
200
;
202: 2202Call 202(current pc: 202
;
204: eeReturn
202
;
204: eeReturn
200
;
202: 2202Call 202(current pc: 202
;
204: eeReturn
202
;
204: eeReturn
200
;
202: 2202Call 202(current pc: 202
;
204: eeReturn
202
;
204: eeReturn
200
;
202: 2202Call 202(current pc: 202
;
204: eeReturn
202
;
204: eeReturn
200
;
202: 2202Call 202(current pc: 202
;
204: eeReturn
202
;
204: eeReturn
200
;
202: 2202Call 202(current pc: 202
;
204: eeReturn
202
;
204: eeReturn
200
;
202: 2202Call 202(current pc: 202
;
204: eeReturn
202
;
204: eeReturn
200
;
202: 2202Call 202(current pc: 202
;
204: eeReturn
202
;
204: eeReturn
200
;
202: 2202Call 202(current pc: 202
;
204: eeReturn
202
;
204: eeReturn
200
;
202: 2202Call 202(current pc: 202
;
204: eeReturn
202
;
204: eeReturn
200
;
202: 2202Call 202(current pc: 202
;
204: eeReturn
202
;
204: eeReturn
200
;
202: 2202Call 202(current pc: 202
;
204: eeReturn
202
;
204: eeReturn
200
;
202: 2202Call 202(current pc: 202
;
204: eeReturn
202
;
204: eeReturn
200
;
202: 2202Call 202(current pc: 202
;
204: eeReturn
202
;
204: eeReturn
200
;
202: 2202Call 202(current pc: 202
;
204: eeReturn
202
;
204: eeReturn
200
;
202: 2202Call 202(current pc: 202
;
204: eeReturn
202
;
204: eeReturn
200
;
202: 2202Call 202(current pc: 202
;
204: eeReturn
202
;
204: eeReturn
200
;
202: 2202Call 202(current pc: 202
;
204: eeReturn
202
;
204: eeReturn
200
;
202: 2202Call 202(current pc: 202
;
204: eeReturn
202
;
204: eeReturn
200
;
202: 2202Call 202(current pc: 202
;
204: eeReturn
202
;
204: eeReturn
200
;
202: 2202Call 202(current pc: 202
;
204: eeReturn
202
;
204: eeReturn
200
;
202: 2202Call 202(current pc: 202
;
204: eeReturn
202
;
204: eeReturn
200
;
202: 2202Call 202(current pc: 202
;
204: eeReturn
202
;
204: eeReturn
200
;
202: 2202Call 202(current pc: 202
;
204: eeReturn
202
;
204: eeReturn
200
;
202: 2202Call 202(current pc: 202
;
204: eeReturn
202
;
204: eeReturn
200
;
202: 2202Call 202(current pc: 202
;
204: eeReturn
202
;
204: eeReturn
200
;
202: 2202Call 202(current pc: 202
;
204: eeReturn
202
;
204: eeReturn
200
;
202: 2202Call 202(current pc: 202
;
204: eeReturn
202
;
204: eeReturn
200
;
202: 2202Call 202(current pc: 202
;
204: eeReturn
202
;
204: eeReturn
200
;
202: 2202Call 202(current pc: 202
;
204: eeReturn
202
;
204: eeReturn
200
;
202: 2202Call 202(current pc: 202
;
204: eeReturn
202
;
204: eeReturn
200
;
202: 2202Call 202(current pc: 202
;
204: eeReturn
202
;
204: eeReturn
200
;
202: 2202Call 202(current pc: 202
;
204: eeReturn
202
;
204: eeReturn
200
;
202: 2202Call 202(current pc: 202
;
204: eeReturn
202
;
204: eeReturn
200
;
202: 2202Call 202(current pc: 202
;
204: eeReturn
202
;
204: eeReturn
200
;
202: 2202Call 202(current pc: 202
;
204: eeReturn
202
;
204: eeReturn
200
;
202: 2202Call 202(current pc: 202
;
204: eeReturn
202
;
204: eeReturn
200
;
202: 2202Call 202(current pc: 202
;
204: eeReturn
202
;
204: eeReturn
200
;
202: 2202Call 202(current pc: 202
;
204: eeReturn
202
;
204: eeReturn
200
;
202: 2202Call 202(current pc: 202
;
204: eeReturn
202
;
204: eeReturn
200
;
202: 2202Call 202(current pc: 202
;
204: eeReturn
202
;
204: eeReturn
200
;
202: 2202Call 202(current pc: 202
;
204: eeReturn
202
;
204: eeReturn
200
;
202: 2202Call 202(current pc: 202
;
204: eeReturn
202
;
204: eeReturn
200
;
202: 2202Call 202(current pc: 202
;
204: eeReturn
202
;
204: eeReturn
200
;
202: 2202Call 202(current pc: 202
;
204: eeReturn
202
;
204: eeReturn
200
;
202: 2202Call 202(current pc: 202
;
204: eeReturn
202
;
204: eeReturn
200
;
202: 2202Call 202(current pc: 202
;
204: eeReturn
202
;
204: eeReturn
200
;
202: 2202Call 202(current pc: 202
;
204: eeReturn
202
;
204: eeReturn
200
;
202: 2202Call 202(current pc: 202
;
204: eeReturn
202
;
204: eeReturn
200
;
202: 2202Call 202(current pc: 202
;
204: eeReturn
202
;
204: eeReturn
200
;
202: 2202Call 202(current pc: 202
;
204: eeReturn
202
;
204: eeReturn
200
;
202: 2202Call 202(current pc: 202
;
204: eeReturn
202
;
204: eeReturn
200
;
202: 2202Call 202(current pc: 202
;
204: eeReturn
202
;
204: eeReturn
200
;
202: 2202Call 202(current pc: 202
;
204: eeReturn
202
;
204: eeReturn
200
;
202: 2202Call 202(current pc: 202
;
204: eeReturn
202
;
204: eeReturn
200
;
202: 2202Call 202(current pc: 202
;
204: eeReturn
202
;
204: eeReturn
200
;
202: 2202Call 202(current pc: 202
;
204: eeReturn
202
;
204: eeReturn
200
;
202: 2202Call 202(current pc: 202
;
204: eeReturn
202
;
204: eeReturn
200
;
202: 2202Call 202(current pc: 202
;
204: eeReturn
202
;
204: eeReturn
200
;
202: 2202Call 202(current pc: 202
;
204: eeReturn
202
;
204: eeReturn
200
;
202: 2202Call 202(current pc: 202
;
204: eeReturn
202
;
204: eeReturn
200
;
202: 2202Call 202(current pc: 202
;
204: eeReturn
202
;
204: eeReturn
200
;
202: 2202Call 202(current pc: 202
;
204: eeReturn
202
;
204: eeReturn
200
;
202: 2202Call 202(current pc: 202
;
204: eeReturn
202
;
204: eeReturn
200
;
202: 2202Call 202(current pc: 202
;
204: eeReturn
202
;
204: eeReturn
200
;
202: 2202Call 202(current pc: 202
;
204: eeReturn
202
;
204: eeReturn
200
;
202: 2202Call 202(current pc: 202
;
204: eeReturn
202
;
204: eeReturn
200
;
202: 2202Call 202(current pc: 202
;
204: eeReturn
202
;
204: eeReturn
200
;
202: 2202Call 202(current pc: 202
;
204: eeReturn
202
;
204: eeReturn
200
;
202: 2202Call 202(current pc: 202
;
204: eeReturn
202
;
204: eeReturn
200
;
202: 2202Call 202(current pc: 202
;
204: eeReturn
202
;
204: eeReturn
200
;
202: 2202Call 202(current pc: 202
;
204: eeReturn
202
;
204: eeReturn
200
;
202: 2202Call 202(current pc: 202
;
204: eeReturn
202
;
204: eeReturn
200
;
202: 2202Call 202(current pc: 202
;
204: eeReturn
202
;
204: eeReturn
200
;
202: 2202Call 202(current pc: 202
;
204: eeReturn
202
;
204: eeReturn
200
;
202: 2202Call 202(current pc: 202
;
204: eeReturn
202
;
204: eeReturn
200
;
202: 2202Call 202(current pc: 202
;
204: eeReturn
202
;
204: eeReturn
200
;
202: 2202Call 202(current pc: 202
;
204: eeReturn
202
;
204: eeReturn
200
;
202: 2202Call 202(current pc: 202
;
204: eeReturn
202
;
204: eeReturn
200
;
202: 2202Call 202(current pc: 202
;
204: eeReturn
202
;
204: eeReturn
200
;
202: 2202Call 202(current pc: 202
;
204: eeReturn
202
;
204: eeReturn
200
;
202: 2202Call 202(current pc: 202
;
204: eeReturn
202
;
204: eeReturn
200
;
202: 2202Call 202(current pc: 202
;
204: eeReturn
202
;
204: eeReturn
200
;
202: 2202Call 202(current pc: 202
;
204: eeReturn
202
;
204: eeReturn
200
;
202: 2202Call 202(current pc: 202
;
204: eeReturn
202
;
204: eeReturn
200
;
202: 2202Call 202(current pc: 202
;
204: eeReturn
202
;
204: eeReturn
200
;
202: 2202Call 202(current pc: 202
;
204: eeReturn
202
;
204: eeReturn
200
;
202: 2202Call 202(current pc: 202
;
204: eeReturn
202
;
204: eeReturn
200
;
202: 2202Call 202(current pc: 202
;
204: eeReturn
202
;
204: eeReturn
200
;
202: 2202Call 202(current pc: 202
;
204: eeReturn
202
;
204: eeReturn
200
;
202: 2202Call 202(current pc: 202
;
204: eeReturn
202
;
204: eeReturn
200
;
202: 2202Call 202(current pc: 202
;
204: eeReturn
202
;
204: eeReturn
200
;
202: 2202Call 202(current pc: 202
;
204: eeReturn
202
;
204: eeReturn
200
;
202: 2202Call 202(current pc: 202
;
204: eeReturn
202
;
204: eeReturn
200
;
202: 2202Call 202(current pc: 202
;
204: eeReturn
202
;
204: eeReturn
200
;
202: 2202Call 202(current pc: 202
;
204: eeReturn
202
;
204: eeReturn
200
;
202: 2202Call 202(current pc: 202
;
204: eeReturn
202
;
204: eeReturn
200
;
202: 2202Call 202(current pc: 202
;
204: eeReturn
202
;
204: eeReturn
200
;
202: 2202Call 202(current pc: 202
;
204: eeReturn
202
;
204: eeReturn
200
;
202: 2202Call 202(current pc: 202
;
204: eeReturn
202
;
204: eeReturn
200
;
202: 2202Call 202(current pc: 202
;
204: eeReturn
202
;
204: eeReturn
200
;
202: 2202Call 202(current pc: 202
;
204: eeReturn
202
;
204: eeReturn
200
;
202: 2202Call 202(current pc: 202
;
204: eeReturn
202
;
204: eeReturn
200
;
202: 2202Call 202(current pc: 202
;
204: eeReturn
202
;
204: eeReturn
200
;
202: 2202Call 202(current pc: 202
;
204: eeReturn
202
;
204: eeReturn
200
;
202: 2202Call 202(current pc: 202
;
204: eeReturn
202
;
204: eeReturn
200
;
202: 2202Call 202(current pc: 202
;
204: eeReturn
202
;
204: eeReturn
200
;
202: 2202Call 202(current pc: 202
;
204: eeReturn
202
;
204: eeReturn
200
;
202: 2202Call 202(current pc: 202
;
204: eeReturn
202
;
204: eeReturn
200
;
202: 2202Call 202(current pc: 202
;
204: eeReturn
202
;
204: eeReturn
200
;
202: 2202Call 202(current pc: 202
;
204: eeReturn
202
;
204: eeReturn
200
;
202: 2202Call 202(current pc: 202
;
204: eeReturn
202
;
204: eeReturn
200
;
202: 2202Call 202(current pc: 202
;
204: eeReturn
202
;
204: eeReturn
200
;
202: 2202Call 202(current pc: 202
;
204: eeReturn
202
;
204: eeReturn
200
;
202: 2202Call 202(current pc: 202
;
204: eeReturn
202
;
204: eeReturn
200
;
202: 2202Call 202(current pc: 202
;
204: eeReturn
202
;
204: eeReturn
200
;
202: 2202Call 202(current pc: 202
;
204: eeReturn
202
;
204: eeReturn
200
;
202: 2202Call 202(current pc: 202
;
204: eeReturn
202
;
204: eeReturn
200
;
202: 2202Call 202(current pc: 202
;
204: eeReturn
202
;
204: eeReturn
200
;
202: 2202Call 202(current pc: 202
;
204: eeReturn
202
;
204: eeReturn
200
;
202: 2202Call 202(current pc: 202
;
204: eeReturn
202
;
204: eeReturn
200
;
202: 2202Call 202(current pc: 202
;
204: eeReturn
202
;
204: eeReturn
200
;
202: 2202Call 202(current pc: 202
;
204: eeReturn
202
;
204: eeReturn
200
;
202: 2202Call 202(current pc: 202
;
204: eeReturn
202
;
204: eeReturn
200
;
202: 2202Call 202(current pc: 202
;
204: eeReturn
202
;
204: eeReturn
200
;
202: 2202Call 202(current pc: 202
;
204: eeReturn
202
;
204: eeReturn
200
;
202: 2202Call 202(current pc: 202
;
204: eeReturn
202
;
204: eeReturn
200
;
202: 2202Call 202(current pc: 202
;
204: eeReturn
202
;
204: eeReturn
200
;
202: 2202Call 202(current pc: 202
;
204: eeReturn
202
;
204: eeReturn
200
;
202: 2202Call 202(current pc: 202
;
204: eeReturn
202
;
204: eeReturn
200
;
202: 2202Call 202(current pc: 202
;
204: eeReturn
202
;
204: eeReturn
200
;
202: 2202Call 202(current pc: 202
;
204: eeReturn
202
;
204: eeReturn
200
;
202: 2202Call 202(current pc: 202
;
204: eeReturn
202
;
204: eeReturn
200
;
202: 2202Call 202(current pc: 202
;
204: eeReturn
202
;
204: eeReturn
200
;
202: 2202Call 202(current pc: 202
;
204: eeReturn
202
;
204: eeReturn
200
;
202: 2202Call 202(current pc: 202
;
204: eeReturn
202
;
204: eeReturn
200
;
202: 2202Call 202(current pc: 202
;
204: eeReturn
202
;
204: eeReturn
200
;
202: 2202Call 202(current pc: 202
;
204: eeReturn
202
;
204: eeReturn
200
;
202: 2202Call 202(current pc: 202
;
204: eeReturn
202
;
204: eeReturn
200
;
202: 2202Call 202(current pc: 202
;
204: eeReturn
202
;
204: eeReturn
200
;
202: 2202Call 202(current pc: 202
;
204: eeReturn
202
;
204: eeReturn
200
;
202: 2202Call 202(current pc: 202
;
204: eeReturn
202
;
204: eeReturn
200
;
202: 2202Call 202(current pc: 202
;
204: eeReturn
202
;
204: eeReturn
200
;
202: 2202Call 202(current pc: 202
;
204: eeReturn
202
;
204: eeReturn
200
;
202: 2202Call 202(current pc: 202
;
204: eeReturn
202
;
204: eeReturn
200
;
202: 2202Call 202(current pc: 202
;
204: eeReturn
202
;
204: eeReturn
200
;
202: 2202Call 202(current pc: 202
;
204: eeReturn
202
;
204: eeReturn
200
;
202: 2202Call 202(current pc: 202
;
204: eeReturn
202
;
204: eeReturn
200
;
202: 2202Call 202(current pc: 202
;
204: eeReturn
202
;
204: eeReturn
200
;
202: 2202Call 202(current pc: 202
;
204: eeReturn
202
;
204: eeReturn
200
;
202: 2202Call 202(current pc: 202
;
204: eeReturn
202
;
204: eeReturn
200
;
202: 2202Call 202(current pc: 202
;
204: eeReturn
202
;
204: eeReturn
200
;
202: 2202Call 202(current pc: 202
;
204: eeReturn
202
;
204: eeReturn
200
;
202: 2202Call 202(current pc: 202
;
204: eeReturn
202
;
204: eeReturn
200
;
202: 2202Call 202(current pc: 202
;
204: eeReturn
202
;
204: eeReturn
200
;
202: 2202Call 202(current pc: 202
;
204: eeReturn
202
;
204: eeReturn
200
;
202: 2202Call 202(current pc: 202
;
204: eeReturn
202
;
204: eeReturn
200
;
202: 2202Call 202(current pc: 202
;
204: eeReturn
202
;
204: eeReturn
200
;
202: 2202Call 202(current pc: 202
;
204: eeReturn
202
;
204: eeReturn
200
;
202: 2202Call 202(current pc: 202
;
204: eeReturn
202
;
204: eeReturn
200
;
202: 2202Call 202(current pc: 202
;
204: eeReturn
202
;
204: eeReturn
200
;
202: 2202Call 202(current pc: 202
;
204: eeReturn
202
;
204: eeReturn
200
;
202: 2202Call 202(current pc: 202
;
204: eeReturn
202
;
204: eeReturn
200
;
202: 2202Call 202(current pc: 202
;
204: eeReturn
202
;
204: eeReturn
200
;
202: 2202Call 202(current pc: 202
;
204: eeReturn
202
;
204: eeReturn
200
;
202: 2202Call 202(current pc: 202
;
204: eeReturn
202
;
204: eeReturn
200
;
202: 2202Call 202(current pc: 202
;
204: eeReturn
202
;
204: eeReturn
200
;
202: 2202Call 202(current pc: 202
;
204: eeReturn
202
;
204: eeReturn
200
;
202: 2202Call 202(current pc: 202
;
204: eeReturn
202
;
204: eeReturn
200
;
202: 2202Call 202(current pc: 202
;
204: eeReturn
202
;
204: eeReturn
200
;
202: 2202Call 202(current pc: 202
;
204: eeReturn
202
;
204: eeReturn
200
;
202: 2202Call 202(current pc: 202
;
204: eeReturn
202
;
204: eeReturn
200
;
202: 2202Call 202(current pc: 202
;
204: eeReturn
202
;
204: eeReturn
200
;
202: 2202Call 202(current pc: 202
;
204: eeReturn
202
;
204: eeReturn
200
;
202: 2202Call 202(current pc: 202
;
204: eeReturn
202
;
204: eeReturn
200
;
202: 2202Call 202(current pc: 202
;
204: eeReturn
202
;
204: eeReturn
200
;
202: 2202Call 202(current pc: 202
;
204: eeReturn
202
;
204: eeReturn
200
;
202: 2202Call 202(current pc: 202
;
204: eeReturn
202
;
204: eeReturn
200
;
202: 2202Call 202(current pc: 202
;
204: eeReturn
202
;
204: eeReturn
200
;
202: 2202Call 202(current pc: 202
;
204: eeReturn
202
;
204: eeReturn
200
;
202: 2202Call 202(current pc: 202
;
204: eeReturn
202
;
204: eeReturn
200
;
202: 2202Call 202(current pc: 202
;
204: eeReturn
202
;
204: eeReturn
200
;
202: 2202Call 202(current pc: 202
;
204: eeReturn
202
;
204: eeReturn
200
;
202: 2202Call 202(current pc: 202
;
204: eeReturn
202
;
204: eeReturn
200
;
202: 2202Call 202(current pc: 202
;
204: eeReturn
202
;
204: eeReturn
200
;
202: 2202Call 202(current pc: 202
;
204: eeReturn
202
;
204: eeReturn
200
;
202: 2202Call 202(current pc: 202
;
204: eeReturn
202
;
204: eeReturn
200
;
202: 2202Call 202(current pc: 202
;
204: eeReturn
202
;
204: eeReturn
200
;
202: 2202Call 202(current pc: 202
;
204: eeReturn
202
;
204: eeReturn
200
;
202: 2202Call 202(current pc: 202
;
204: eeReturn
202
;
204: eeReturn
200
;
202: 2202Call 202(current pc: 202
;
204: eeReturn
202
;
204: eeReturn
200
;
202: 2202Call 202(current pc: 202
;
204: eeReturn
202
;
204: eeReturn
200
;
202: 2202Call 202(current pc: 202
;
204: eeReturn
202
;
204: eeReturn
200
;
202: 2202Call 202(current pc: 202
;
204: eeReturn
202
;
204: eeReturn
200
;
202: 2202Call 202(current pc: 202
;
204: eeReturn
202
;
204: eeReturn
200
;
202: 2202Call 202(current pc: 202
;
204: eeReturn
202
;
204: eeReturn
200
;
202: 2202Call 202(current pc: 202
;
204: eeReturn
202
;
204: eeReturn
200
;
202: 2202Call 202(current pc: 202
;
204: eeReturn
202
;
204: eeReturn
200
;
202: 2202Call 202(current pc: 202
;
204: eeReturn
202
;
204: eeReturn
200
;
202: 2202Call 202(current pc: 202
;
204: eeReturn
202
;
204: eeReturn
200
;
202: 2202Call 202(current pc: 202
;
204: eeReturn
202
;
204: eeReturn
200
;
202: 2202Call 202(current pc: 202
;
204: eeReturn
202
;
204: eeReturn
200
;
202: 2202Call 202(current pc: 202
;
204: eeReturn
202
;
204: eeReturn
200
;
202: 2202Call 202(current pc: 202
;
204: eeReturn
202
;
204: eeReturn
200
;
202: 2202Call 202(current pc: 202
;
204: eeReturn
202
;
204: eeReturn
200
;
202: 2202Call 202(current pc: 202
;
204: eeReturn
202
;
204: eeReturn
200
;
202: 2202Call 202(current pc: 202
;
204: eeReturn
202
;
204: eeReturn
200
;
202: 2202Call 202(current pc: 202
;
204: eeReturn
202
;
204: eeReturn
200
;
202: 2202Call 202(current pc: 202
;
204: eeReturn
202
;
204: eeReturn
200
;
202: 2202Call 202(current pc: 202
;
204: eeReturn
202
;
204: eeReturn
200
;
202: 2202Call 202(current pc: 202
;
204: eeReturn
202
;
204: eeReturn
200
;
202: 2202Call 202(current pc: 202
;
204: eeReturn
202
;
204: eeReturn
200
;
202: 2202Call 202(current pc: 202
;
204: eeReturn
202
;
204: eeReturn
200
;
202: 2202Call 202(current pc: 202
;
204: eeReturn
202
;
204: eeReturn
200
;
202: 2202Call 202(current pc: 202
;
204: eeReturn
202
;
204: eeReturn
200
;
202: 2202Call 202(current pc: 202
;
204: eeReturn
202
;
204: eeReturn
200
;
202: 2202Call 202(current pc: 202
;
204: eeReturn
202
;
204: eeReturn
200
;
202: 2202Call 202(current pc: 202
;
204: eeReturn
202
;
204: eeReturn
200
;
202: 2202Call 202(current pc: 202
;
204: eeReturn
202
;
204: eeReturn
200
;
202: 2202Call 202(current pc: 202
;
204: eeReturn
202
;
204: eeReturn
200
;
202: 2202Call 202(current pc: 202
;
204: eeReturn
202
;
204: eeReturn
200
;
202: 2202Call 202(current pc: 202
;
204: eeReturn
202
;
204: eeReturn
200
;
202: 2202Call 202(current pc: 202
;
204: eeReturn
202
;
204: eeReturn
200
;
202: 2202Call 202(current pc: 202
;
204: eeReturn
202
;
204: eeReturn
200
;
202: 2202Call 202(current pc: 202
;
204: eeReturn
202
;
204: eeReturn
200
;
202: 2202Call 202(current pc: 202
;
204: eeReturn
202
;
204: eeReturn
200
;
202: 2202Call 202(current pc: 202
;
204: eeReturn
202
;
204: eeReturn
200
;
202: 2202Call 202(current pc: 202
;
204: eeReturn
202
;
204: eeReturn
200
;
202: 2202Call 202(current pc: 202
;
204: eeReturn
202
;
204: eeReturn
200
;
202: 2202Call 202(current pc: 202
;
204: eeReturn
202
;
204: eeReturn
200
;
202: 2202Call 202(current pc: 202
;
204: eeReturn
202
;
204: eeReturn
200
;
202: 2202Call 202(current pc: 202
;
204: eeReturn
202
;
204: eeReturn
200
;
202: 2202Call 202(current pc: 202
;
204: eeReturn
202
;
204: eeReturn
200
;
202: 2202Call 202(current pc: 202
;
204: eeReturn
202
;
204: eeReturn
200
;
202: 2202Call 202(current pc: 202
;
204: eeReturn
202
;
204: eeReturn
200
;
202: 2202Call 202(current pc: 202
;
204: eeReturn
202
;
204: eeReturn
200
;
202: 2202Call 202(current pc: 202
;
204: eeReturn
202
;
204: eeReturn
200
;
202: 2202Call 202(current pc: 202
;
204: eeReturn
202
;
204: eeReturn
200
;
202: 2202Call 202(current pc: 202
;
204: eeReturn
202
;
204: eeReturn
200
;
202: 2202Call 202(current pc: 202
;
204: eeReturn
202
;
204: eeReturn
200
;
202: 2202Call 202(current pc: 202
;
204: eeReturn
202
;
204: eeReturn
200
;
202: 2202Call 202(current pc: 202
;
204: eeReturn
202
;
204: eeReturn
200
;
202: 2202Call 202(current pc: 202
;
204: eeReturn
202
;
204: eeReturn
200
;
202: 2202Call 202(current pc: 202
;
204: eeReturn
202
;
204: eeReturn
200
;
202: 2202Call 202(current pc: 202
;
204: eeReturn
202
;
204: eeReturn
200
;
202: 2202Call 202(current pc: 202
;
204: eeReturn
202
;
204: eeReturn
200
;
202: 2202Call 202(current pc: 202
;
204: eeReturn
202
;
204: eeReturn
200
;
202: 2202Call 202(current pc: 202
;
204: eeReturn
202
;
204: eeReturn
200
;
202: 2202Call 202(current pc: 202
;
204: eeReturn
202
;
204: eeReturn
200
;
202: 2202Call 202(current pc: 202
;
204: eeReturn
202
;
204: eeReturn
200
;
202: 2202Call 202(current pc: 202
;
204: eeReturn
202
;
204: eeReturn
200
;
202: 2202Call 202(current pc: 202
;
204: eeReturn
202
;
204: eeReturn
200
;
202: 2202Call 202(current pc: 202
;
204: eeReturn
202
;
204: eeReturn
200
;
202: 2202Call 202(current pc: 202
;
204: eeReturn
202
;
204: eeReturn
200
;
202: 2202Call 202(current pc: 202
;
204: eeReturn
202
;
204: eeReturn
200
;
202: 2202Call 202(current pc: 202
;
204: eeReturn
202
;
204: eeReturn
200
;
202: 2202Call 202(current pc: 202
;
204: eeReturn
202
;
204: eeReturn
200
;
202: 2202Call 202(current pc: 202
;
204: eeReturn
202
;
204: eeReturn
200
;
202: 2202Call 202(current pc: 202
;
204: eeReturn
202
;
204: eeReturn
200
;
202: 2202Call 202(current pc: 202
;
204: eeReturn
202
;
204: eeReturn
200
;
202: 2202Call 202(current pc: 202
;
204: eeReturn
202
;
204: eeReturn
200
;
202: 2202Call 202(current pc: 202
;
204: eeReturn
202
;
204: eeReturn
200
;
202: 2202Call 202(current pc: 202
;
204: eeReturn
202
;
204: eeReturn
200
;
202: 2202Call 202(current pc: 202
;
204: eeReturn
202
;
204: eeReturn
200
;
202: 2202Call 202(current pc: 202
;
204: eeReturn
202
;
204: eeReturn
200
;
202: 2202Call 202(current pc: 202
;
204: eeReturn
202
;
204: eeReturn
200
;
202: 2202Call 202(current pc: 202
;
204: eeReturn
202
;
204: eeReturn
200
;
202: 2202Call 202(current pc: 202
;
204: eeReturn
202
;
204: eeReturn
200
;
202: 2202Call 202(current pc: 202
;
204: eeReturn
202
;
204: eeReturn
200
;
202: 2202Call 202(current pc: 202
;
204: eeReturn
202
;
204: eeReturn
200
;
202: 2202Call 202(current pc: 202
;
204: eeReturn
202
;
204: eeReturn
200
;
202: 2202Call 202(current pc: 202
;
204: eeReturn
202
;
204: eeReturn
200
;
202: 2202Call 202(current pc: 202
;
204: eeReturn
202
;
204: eeReturn
200
;
202: 2202Call 202(current pc: 202
;
204: eeReturn
202
;
204: eeReturn
200
;
202: 2202Call 202(current pc: 202
;
204: eeReturn
202
;
204: eeReturn
200
;
202: 2202Call 202(current pc: 202
;
204: eeReturn
202
;
204: eeReturn
200
;
202: 2202Call 202(current pc: 202
;
204: eeReturn
202
;
204: eeReturn
200
;
202: 2202Call 202(current pc: 202
;
204: eeReturn
202
;
204: eeReturn
200
;
202: 2202Call 202(current pc: 202
;
204: eeReturn
202
;
204: eeReturn
200
;
202: 2202Call 202(current pc: 202
;
204: eeReturn
202
;
204: eeReturn
200
;
202: 2202Call 202(current pc: 202
;
204: eeReturn
202
;
204: eeReturn
200
;
202: 2202Call 202(current pc: 202
;
204: eeReturn
202
;
204: eeReturn
200
;
202: 2202Call 202(current pc: 202
;
204: eeReturn
202
;
204: eeReturn
200
;
202: 2202Call 202(current pc: 202
;
204: eeReturn
202
;
204: eeReturn
200
;
202: 2202Call 202(current pc: 202
;
204: eeReturn
202
;
204: eeReturn
200
;
202: 2202Call 202(current pc: 202
;
204: eeReturn
202
;
204: eeReturn
200
;
202: 2202Call 202(current pc: 202
;
204: eeReturn
202
;
204: eeReturn
200
;
202: 2202Call 202(current pc: 202
;
204: eeReturn
202
;
204: eeReturn
200
;
202: 2202Call 202(current pc: 202
;
204: eeReturn
202
;
204: eeReturn
200
;
202: 2202Call 202(current pc: 202
;
204: eeReturn
202
;
204: eeReturn
200
;
202: 2202Call 202(current pc: 202
;
204: eeReturn
202
;
204: eeReturn
200
;
202: 2202Call 202(current pc: 202
;
204: eeReturn
202
;
204: eeReturn
200
;
202: 2202Call 202(current pc: 202
;
204: eeReturn
202
;
204: eeReturn
200
;
202: 2202Call 202(current pc: 202
;
204: eeReturn
202
;
204: eeReturn
200
;
202: 2202Call 202(current pc: 202
;
204: eeReturn
202
;
204: eeReturn
200
;
202: 2202Call 202(current pc: 202
;
204: eeReturn
202
;
204: eeReturn
200
;
202: 2202Call 202(current pc: 202
;
204: eeReturn
202
;
204: eeReturn
200
;
202: 2202Call 202(current pc: 202
;
204: eeReturn
202
;
204: eeReturn
200
;
202: 2202Call 202(current pc: 202
;
204: eeReturn
202
;
204: eeReturn
200
;
202: 2202Call 202(current pc: 202
;
204: eeReturn
202
;
204: eeReturn
200
;
202: 2202Call 202(current pc: 202
;
204: eeReturn
202
;
204: eeReturn
200
;
202: 2202Call 202(current pc: 202
;
204: eeReturn
202
;
204: eeReturn
200
;
202: 2202Call 202(current pc: 202
;
204: eeReturn
202
;
204: eeReturn
200
;
202: 2202Call 202(current pc: 202
;
204: eeReturn
202
;
204: eeReturn
200
;
202: 2202Call 202(current pc: 202
;
204: eeReturn
202
;
204: eeReturn
200
;
202: 2202Call 202(current pc: 202
;
204: eeReturn
202
;
204: eeReturn
200
;
202: 2202Call 202(current pc: 202
;
204: eeReturn
202
;
204: eeReturn
200
;
202: 2202Call 202(current pc: 202
;
204: eeReturn
202
;
204: eeReturn
200
;
202: 2202Call 202(current pc: 202
;
204: eeReturn
202
;
204: eeReturn
200
;
202: 2202Call 202(current pc: 202
;
204: eeReturn
202
;
204: eeReturn
200
;
202: 2202Call 202(current pc: 202
;
204: eeReturn
202
;
204: eeReturn
200
;
202: 2202Call 202(current pc: 202
;
204: eeReturn
202
;
204: eeReturn
200
;
202: 2202Call 202(current pc: 202
;
204: eeReturn
202
;
204: eeReturn
200
;
202: 2202Call 202(current pc: 202
;
204: eeReturn
202
;
204: eeReturn
200
;
202: 2202Call 202(current pc: 202
;
204: eeReturn
202
;
204: eeReturn
200
;
202: 2202Call 202(current pc: 202
;
204: eeReturn
202
;
204: eeReturn
200
;
202: 2202Call 202(current pc: 202
;
204: eeReturn
202
;
204: eeReturn
200
;
202: 2202Call 202(current pc: 202
;
204: eeReturn
202
;
204: eeReturn
200
;
202: 2202Call 202(current pc: 202
;
204: eeReturn
202
;
204: eeReturn
200
;
202: 2202Call 202(current pc: 202
;
204: eeReturn
202
;
204: eeReturn
200
;
202: 2202Call 202(current pc: 202
;
204: eeReturn
202
;
204: eeReturn
200
;
202: 2202Call 202(current pc: 202
;
204: eeReturn
202
;
204: eeReturn
200
;
202: 2202Call 202(current pc: 202
;
204: eeReturn
202
;
204: eeReturn
200
;
202: 2202Call 202(current pc: 202
;
204: eeReturn
202
;
204: eeReturn
200
;
202: 2202Call 202(current pc: 202
;
204: eeReturn
202
;
204: eeReturn
200
;
202: 2202Call 202(current pc: 202
;
204: eeReturn
202
;
204: eeReturn
200
;
202: 2202Call 202(current pc: 202
;
204: eeReturn
202
;
204: eeReturn
200
;
202: 2202Call 202(current pc: 202
;
204: eeReturn
202
;
204: eeReturn
200
;
202: 2202Call 202(current pc: 202
;
204: eeReturn
202
;
204: eeReturn
200
;
202: 2202Call 202(current pc: 202
;
204: eeReturn
202
;
204: eeReturn
200
;
202: 2202Call 202(current pc: 202
;
204: eeReturn
202
;
204: eeReturn
200
;
202: 2202Call 202(current pc: 202
;
204: eeReturn
202
;
204: eeReturn
200
;
202: 2202Call 202(current pc: 202
;
204: eeReturn
202
;
204: eeReturn
200
;
202: 2202Call 202(current pc: 202
;
204: eeReturn
202
;
204: eeReturn
200
;
202: 2202Call 202(current pc: 202
;
204: eeReturn
202
;
204: eeReturn
200
;
202: 2202Call 202(current pc: 202
;
204: eeReturn
202
;
204: eeReturn
200
;
202: 2202Call 202(current pc: 202
;
204: eeReturn
202
;
204: eeReturn
200
;
202: 2202Call 202(current pc: 202
;
204: eeReturn
202
;
204: eeReturn
200
;
202: 2202Call 202(current pc: 202
;
204: eeReturn
202
;
204: eeReturn
200
;
202: 2202Call 202(current pc: 202
;
204: eeReturn
202
;
204: eeReturn
200
;
202: 2202Call 202(current pc: 202
;
204: eeReturn
202
;
204: eeReturn
200
;
202: 2202Call 202(current pc: 202
;
204: eeReturn
202
;
204: eeReturn
200
;
202: 2202Call 202(current pc: 202
;
204: eeReturn
202
;
204: eeReturn
200
;
202: 2202Call 202(current pc: 202
;
204: eeReturn
202
;
204: eeReturn
200
;
202: 2202Call 202(current pc: 202
;
204: eeReturn
202
;
204: eeReturn
200
;
202: 2202Call 202(current pc: 202
;
204: eeReturn
202
;
204: eeReturn
200
;
202: 2202Call 202(current pc: 202
;
204: eeReturn
202
;
204: eeReturn
200
;
202: 2202Call 202(current pc: 202
;
204: eeReturn
202
;
204: eeReturn
200
;
202: 2202Call 202(current pc: 202
;
204: eeReturn
202
;
204: eeReturn
200
;
202: 2202Call 202(current pc: 202
;
204: eeReturn
202
;
204: eeReturn
200
;
202: 2202Call 202(current pc: 202
;
204: eeReturn
202
;
204: eeReturn
200
;
202: 2202Call 202(current pc: 202
;
204: eeReturn
202
;
204: eeReturn
200
;
202: 2202Call 202(current pc: 202
;
204: eeReturn
202
;
204: eeReturn
200
;
202: 2202Call 202(current pc: 202
;
204: eeReturn
202
;
204: eeReturn
200
;
202: 2202Call 202(current pc: 202
;
204: eeReturn
202
;
204: eeReturn
200
;
202: 2202Call 202(current pc: 202
;
204: eeReturn
202
;
204: eeReturn
200
;
202: 2202Call 202(current pc: 202
;
204: eeReturn
202
;
204: eeReturn
200
;
202: 2202Call 202(current pc: 202
;
204: eeReturn
202
;
204: eeReturn
200
;
202: 2202Call 202(current pc: 202
;
204: eeReturn
202
;
204: eeReturn
200
;
202: 2202Call 202(current pc: 202
;
204: eeReturn
202
;
204: eeReturn
200
;
202: 2202Call 202(current pc: 202
;
204: eeReturn
202
;
204: eeReturn
200
;
202: 2202Call 202(current pc: 202
;
204: eeReturn
202
;
204: eeReturn
200
;
202: 2202Call 202(current pc: 202
;
204: eeReturn
202
;
204: eeReturn
200
;
202: 2202Call 202(current pc: 202
;
204: eeReturn
202
;
204: eeReturn
200
;
202: 2202Call 202(current pc: 202
;
204: eeReturn
202
;
204: eeReturn
200
;
202: 2202Call 202(current pc: 202
;
204: eeReturn
202
;
204: eeReturn
200
;
202: 2202Call 202(current pc: 202
;
204: eeReturn
202
;
204: eeReturn
200
;
202: 2202Call 202(current pc: 202
;
204: eeReturn
202
;
204: eeReturn
200
;
202: 2202Call 202(current pc: 202
;
204: eeReturn
202
;
204: eeReturn
200
;
202: 2202Call 202(current pc: 202
;
204: eeReturn
202
;
204: eeReturn
200
;
202: 2202Call 202(current pc: 202
;
204: eeReturn
202
;
204: eeReturn
200
;
202: 2202Call 202(current pc: 202
;
204: eeReturn
202
;
204: eeReturn
200
;
202: 2202Call 202(current pc: 202
;
204: eeReturn
202
;
204: eeReturn
200
;
202: 2202Call 202(current pc: 202
;
204: eeReturn
202
;
204: eeReturn
200
;
202: 2202Call 202(current pc: 202
;
204: eeReturn
202
;
204: eeReturn
200
;
202: 2202Call 202(current pc: 202
;
204: eeReturn
202
;
204: eeReturn
200
;
202: 2202Call 202(current pc: 202
;
204: eeReturn
202
;
204: eeReturn
200
;
202: 2202Call 202(current pc: 202
;
204: eeReturn
202
;
204: eeReturn
200
;
202: 2202Call 202(current pc: 202
;
204: eeReturn
202
;
204: eeReturn
200
;
202: 2202Call 202(current pc: 202
;
204: eeReturn
202
;
204: eeReturn
200
;
202: 2202Call 202(current pc: 202
;
204: eeReturn
202
;
204: eeReturn
200
;
202: 2202Call 202(current pc: 202
;
204: eeReturn
202
;
204: eeReturn
200
;
202: 2202Call 202(current pc: 202
;
204: eeReturn
202
;
204: eeReturn
200
;
202: 2202Call 202(current pc: 202
;
204: eeReturn
202
;
204: eeReturn
200
;
202: 2202Call 202(current pc: 202
;
204: eeReturn
202
;
204: eeReturn
200
;
202: 2202Call 202(current pc: 202
;
204: eeReturn
202
;
204: eeReturn
200
;
202: 2202Call 202(current pc: 202
;
204: eeReturn
202
;
204: eeReturn
200
;
202: 2202Call 202(current pc: 202
;
204: eeReturn
202
;
204: eeReturn
200
;
202: 2202Call 202(current pc: 202
;
204: eeReturn
202
;
204: eeReturn
200
;
202: 2202Call 202(current pc: 202
;
204: eeReturn
202
;
204: eeReturn
200
;
202: 2202Call 202(current pc: 202
;
204: eeReturn
202
;
204: eeReturn
200
;
202: 2202Call 202(current pc: 202
;
204: eeReturn
202
;
204: eeReturn
200
;
202: 2202Call 202(current pc: 202
;
204: eeReturn
202
;
204: eeReturn
200
;
202: 2202Call 202(current pc: 202
;
204: eeReturn
202
;
204: eeReturn
200
;
202: 2202Call 202(current pc: 202
;
204: eeReturn
202
;
204: eeReturn
200
;
202: 2202Call 202(current pc: 202
;
204: eeReturn
202
;
204: eeReturn
200
;
202: 2202Call 202(current pc: 202
;
204: eeReturn
202
;
204: eeReturn
200
;
202: 2202Call 202(current pc: 202
;
204: eeReturn
202
;
204: eeReturn
200
;
202: 2202Call 202(current pc: 202
;
204: eeReturn
202
;
204: eeReturn
200
;
202: 2202Call 202(current pc: 202
;
204: eeReturn
202
;
204: eeReturn
200
;
202: 2202Call 202(current pc: 202
;
204: eeReturn
202
;
204: eeReturn
200
;
202: 2202Call 202(current pc: 202
;
204: eeReturn
202
;
204: eeReturn
200
;
202: 2202Call 202(current pc: 202
;
204: eeReturn
202
;
204: eeReturn
200
;
202: 2202Call 202(current pc: 202
;
204: eeReturn
202
;
204: eeReturn
200
;
202: 2202Call 202(current pc: 202
;
204: eeReturn
202
;
204: eeReturn
200
;
202: 2202Call 202(current pc: 202
;
204: eeReturn
202
;
204: eeReturn
200
;
202: 2202Call 202(current pc: 202
;
204: eeReturn
202
;
204: eeReturn
200
;
202: 2202Call 202(current pc: 202
;
204: eeReturn
202
;
204: eeReturn
200
;
202: 2202Call 202(current pc: 202
;
204: eeReturn
202
;
204: eeReturn
200
;
202: 2202Call 202(current pc: 202
;
204: eeReturn
202
;
204: eeReturn
200
;
202: 2202Call 202(current pc: 202
;
204: eeReturn
202
;
204: eeReturn
200
;
202: 2202Call 202(current pc: 202
;
204: eeReturn
202
;
204: eeReturn
200
;
202: 2202Call 202(current pc: 202
;
204: eeReturn
202
;
204: eeReturn
200
;
202: 2202Call 202(current pc: 202
;
204: eeReturn
202
;
204: eeReturn
200
;
202: 2202Call 202(current pc: 202
;
204: eeReturn
202
;
204: eeReturn
200
;
202: 2202Call 202(current pc: 202
;
204: eeReturn
202
;
204: eeReturn
200
;
202: 2202Call 202(current pc: 202
;
204: eeReturn
202
;
204: eeReturn
200
;
202: 2202Call 202(current pc: 202
;
204: eeReturn
202
;
204: eeReturn
200
;
202: 2202Call 202(current pc: 202
;
204: eeReturn
202
;
204: eeReturn
200
;
202: 2202Call 202(current pc: 202
;
204: eeReturn
202
;
204: eeReturn
200
;
202: 2202Call 202(current pc: 202
;
204: eeReturn
202
;
204: eeReturn
200
;
202: 2202Call 202(current pc: 202
;
204: eeReturn
202
;
204: eeReturn
200
;
202: 2202Call 202(current pc: 202
;
204: eeReturn
202
;
204: eeReturn
200
;
202: 2202Call 202(current pc: 202
;
204: eeReturn
202
;
204: eeReturn
200
;
202: 2202Call 202(current pc: 202
;
204: eeReturn
202
;
204: eeReturn
200
;
202: 2202Call 202(current pc: 202
;
204: eeReturn
202
;
204: eeReturn
200
;
202: 2202Call 202(current pc: 202
;
204: eeReturn
202
;
204: eeReturn
200
;
202: 2202Call 202(current pc: 202
;
204: eeReturn
202
;
204: eeReturn
200
;
202: 2202Call 202(current pc: 202
;
204: eeReturn
202
;
204: eeReturn
200
;
202: 2202Call 202(current pc: 202
;
204: eeReturn
202
;
204: eeReturn
200
;
202: 2202Call 202(current pc: 202
;
204: eeReturn
202
;
204: eeReturn
200
;
202: 2202Call 202(current pc: 202
;
204: eeReturn
202
;
204: eeReturn
200
;
202: 2202Call 202(current pc: 202
;
204: eeReturn
202
;
204: eeReturn
200
;
202: 2202Call 202(current pc: 202
;
204: eeReturn
202
;
204: eeReturn
200
;
202: 2202Call 202(current pc: 202
;
204: eeReturn
202
;
204: eeReturn
200
;
202: 2202Call 202(current pc: 202
;
204: eeReturn
202
;
204: eeReturn
200
;
202: 2202Call 202(current pc: 202
;
204: eeReturn
202
;
204: eeReturn
200
;
202: 2202Call 202(current pc: 202
;
204: eeReturn
202
;
204: eeReturn
200
;
202: 2202Call 202(current pc: 202
;
204: eeReturn
202
;
204: eeReturn
200
;
202: 2202Call 202(current pc: 202
;
204: eeReturn
202
;
204: eeReturn
200
;
202: 2202Call 202(current pc: 202
;
204: eeReturn
202
;
204: eeReturn
200
;
202: 2202Call 202(current pc: 202
;
204: eeReturn
202
;
204: eeReturn
200
;
202: 2202Call 202(current pc: 202
;
204: eeReturn
202
;
204: eeReturn
200
;
202: 2202Call 202(current pc: 202
;
204: eeReturn
202
;
204: eeReturn
200
;
202: 2202Call 202(current pc: 202
;
204: eeReturn
202
;
204: eeReturn
200
;
202: 2202Call 202(current pc: 202
;
204: eeReturn
202
;
204: eeReturn
200
;
202: 2202Call 202(current pc: 202
;
204: eeReturn
202
;
204: eeReturn
200
;
202: 2202Call 202(current pc: 202
;
204: eeReturn
202
;
204: eeReturn
200
;
202: 2202Call 202(current pc: 202
;
204: eeReturn
202
;
204: eeReturn
200
;
202: 2202Call 202(current pc: 202
;
204: eeReturn
202
;
204: eeReturn
200
;
202: 2202Call 202(current pc: 202
;
204: eeReturn
202
;
204: eeReturn
200
;
202: 2202Call 202(current pc: 202
;
204: eeReturn
202
;
204: eeReturn
200
;
202: 2202Call 202(current pc: 202
;
204: eeReturn
202
;
204: eeReturn
200
;
202: 2202Call 202(current pc: 202
;
204: eeReturn
202
;
204: eeReturn
200
;
202: 2202Call 202(current pc: 202
;
204: eeReturn
202
;
204: eeReturn
200
;
202: 2202Call 202(current pc: 202
;
204: eeReturn
202
;
204: eeReturn
200
;
202: 2202Call 202(current pc: 202
;
204: eeReturn
202
;
204: eeReturn
200
;
202: 2202Call 202(current pc: 202
;
204: eeReturn
202
;
204: eeReturn
200
;
202: 2202Call 202(current pc: 202
;
204: eeReturn
202
;
204: eeReturn
200
;
202: 2202Call 202(current pc: 202
;
204: eeReturn
202
;
204: eeReturn
200
;
202: 2202Call 202(current pc: 202
;
204: eeReturn
202
;
204: eeReturn
200
;
202: 2202Call 202(current pc: 202
;
204: eeReturn
202
;
204: eeReturn
200
;
202: 2202Call 202(current pc: 202
;
204: eeReturn
202
;
204: eeReturn
200
;
202: 2202Call 202(current pc: 202
;
204: eeReturn
202
;
204: eeReturn
200
;
202: 2202Call 202(current pc: 202
;
204: eeReturn
202
;
204: eeReturn
200
;
202: 2202Call 202(current pc: 202
;
204: eeReturn
202
;
204: eeReturn
200
;
202: 2202Call 202(current pc: 202
;
204: eeReturn
202
;
204: eeReturn
200
;
202: 2202Call 202(current pc: 202
;
204: eeReturn
202
;
204: eeReturn
200
;
202: 2202Call 202(current pc: 202
;
204: eeReturn
202
;
204: eeReturn
200
;
202: 2202Call 202(current pc: 202
;
204: eeReturn
202
;
204: eeReturn
200
;
202: 2202Call 202(current pc: 202
;
204: eeReturn
202
;
204: eeReturn
200
;
202: 2202Call 202(current pc: 202
;
204: eeReturn
202
;
204: eeReturn
200
;
202: 2202Call 202(current pc: 202
;
204: eeReturn
202
;
204: eeReturn
200
;
202: 2202Call 202(current pc: 202
;
204: eeReturn
202
;
204: eeReturn
200
;
202: 2202Call 202(current pc: 202
;
204: eeReturn
202
;
204: eeReturn
200
;
202: 2202Call 202(current pc: 202
;
204: eeReturn
202
;
204: eeReturn
200
;
202: 2202Call 202(current pc: 202
;
204: eeReturn
202
;
204: eeReturn
200
;
202: 2202Call 202(current pc: 202
;
204: eeReturn
202
;
204: eeReturn
200
;
202: 2202Call 202(current pc: 202
;
204: eeReturn
202
;
204: eeReturn
200
;
202: 2202Call 202(current pc: 202
;
204: eeReturn
202
;
204: eeReturn
200
;
202: 2202Call 202(current pc: 202
;
204: eeReturn
202
;
204: eeReturn
200
;
202: 2202Call 202(current pc: 202
;
204: eeReturn
202
;
204: eeReturn
200
;
202: 2202Call 202(current pc: 202
;
204: eeReturn
202
;
204: eeReturn
200
;
202: 2202Call 202(current pc: 202
;
204: eeReturn
202
;
204: eeReturn
200
;
202: 2202Call 202(current pc: 202
;
204: eeReturn
202
;
204: eeReturn
200
;
202: 2202Call 202(current pc: 202
;
204: eeReturn
202
;
204: eeReturn
200
;
202: 2202Call 202(current pc: 202
;
204: eeReturn
202
;
204: eeReturn
200
;
202: 2202Call 202(current pc: 202
;
204: eeReturn
202
;
204: eeReturn
200
;
202: 2202Call 202(current pc: 202
;
204: eeReturn
202
;
204: eeReturn
200
;
202: 2202Call 202(current pc: 202
;
204: eeReturn
202
;
204: eeReturn
200
;
202: 2202Call 202(current pc: 202
;
204: eeReturn
202
;
204: eeReturn
200
;
202: 2202Call 202(current pc: 202
;
204: eeReturn
202
;
204: eeReturn
200
;
202: 2202Call 202(current pc: 202
;
204: eeReturn
202
;
204: eeReturn
200
;
202: 2202Call 202(current pc: 202
;
204: eeReturn
202
;
204: eeReturn
200
;
202: 2202Call 202(current pc: 202
;
204: eeReturn
202
;
204: eeReturn
200
;
202: 2202Call 202(current pc: 202
;
204: eeReturn
202
;
204: eeReturn
200
;
202: 2202Call 202(current pc: 202
;
204: eeReturn
202
;
204: eeReturn
200
;
202: 2202Call 202(current pc: 202
;
204: eeReturn
202
;
204: eeReturn
200
;
202: 2202Call 202(current pc: 202
;
204: eeReturn
202
;
204: eeReturn
200
;
202: 2202Call 202(current pc: 202
;
204: eeReturn
202
;
204: eeReturn
200
;
202: 2202Call 202(current pc: 202
;
204: eeReturn
202
;
204: eeReturn
200
;
202: 2202Call 202(current pc: 202
;
204: eeReturn
202
;
204: eeReturn
200
;
202: 2202Call 202(current pc: 202
;
204: eeReturn
202
;
204: eeReturn
200
;
202: 2202Call 202(current pc: 202
;
204: eeReturn
202
;
204: eeReturn
200
;
202: 2202Call 202(current pc: 202
;
204: eeReturn
202
;
204: eeReturn
200
;
202: 2202Call 202(current pc: 202
;
204: eeReturn
202
;
204: eeReturn
200
;
202: 2202Call 202(current pc: 202
;
204: eeReturn
202
;
204: eeReturn
200
;
202: 2202Call 202(current pc: 202
;
204: eeReturn
202
;
204: eeReturn
200
;
202: 2202Call 202(current pc: 202
;
204: eeReturn
202
;
204: eeReturn
200
;
202: 2202Call 202(current pc: 202
;
204: eeReturn
202
;
204: eeReturn
200
;
202: 2202Call 202(current pc: 202
;
204: eeReturn
202
;
204: eeReturn
200
;
202: 2202Call 202(current pc: 202
;
204: eeReturn
202
;
204: eeReturn
200
;
202: 2202Call 202(current pc: 202
;
204: eeReturn
202
;
204: eeReturn
200
;
202: 2202Call 202(current pc: 202
;
204: eeReturn
202
;
204: eeReturn
200
;
202: 2202Call 202(current pc: 202
;
204: eeReturn
202
;
204: eeReturn
200
;
202: 2202Call 202(current pc: 202
;
204: eeReturn
202
;
204: eeReturn
200
;
202: 2202Call 202(current pc: 202
;
204: eeReturn
202
;
204: eeReturn
200
;
202: 2202Call 202(current pc: 202
;
204: eeReturn
202
;
204: eeReturn
200
;
202: 2202Call 202(current pc: 202
;
204: eeReturn
202
;
204: eeReturn
200
;
202: 2202Call 202(current pc: 202
;
204: eeReturn
202
;
204: eeReturn
200
;
202: 2202Call 202(current pc: 202
;
204: eeReturn
202
;
204: eeReturn
200
;
202: 2202Call 202(current pc: 202
;
204: eeReturn
202
;
204: eeReturn
200
;
202: 2202Call 202(current pc: 202
;
204: eeReturn
202
;
204: eeReturn
200
;
202: 2202Call 202(current pc: 202
;
204: eeReturn
202
;
204: eeReturn
200
;
202: 2202Call 202(current pc: 202
;
204: eeReturn
202
;
204: eeReturn
200
;
202: 2202Call 202(current pc: 202
;
204: eeReturn
202
;
204: eeReturn
200
;
202: 2202Call 202(current pc: 202
;
204: eeReturn
202
;
204: eeReturn
200
;
202: 2202Call 202(current pc: 202
;
204: eeReturn
202
;
204: eeReturn
200
;
202: 2202Call 202(current pc: 202
;
204: eeReturn
202
;
204: eeReturn
200
;
202: 2202Call 202(current pc: 202
;
204: eeReturn
202
;
204: eeReturn
200
;
202: 2202Call 202(current pc: 202
;
204: eeReturn
202
;
204: eeReturn
200
;
202: 2202Call 202(current pc: 202
;
204: eeReturn
202
;
204: eeReturn
200
;
202: 2202Call 202(current pc: 202
;
204: eeReturn
202
;
204: eeReturn
200
;
202: 2202Call 202(current pc: 202
;
204: eeReturn
202
;
204: eeReturn
200
;
202: 2202Call 202(current pc: 202
;
204: eeReturn
202
;
204: eeReturn
200
;
202: 2202Call 202(current pc: 202
;
204: eeReturn
202
;
204: eeReturn
200
;
202: 2202Call 202(current pc: 202
;
204: eeReturn
202
;
204: eeReturn
200
;
202: 2202Call 202(current pc: 202
;
204: eeReturn
202
;
204: eeReturn
200
;
202: 2202Call 202(current pc: 202
;
204: eeReturn
202
;
204: eeReturn
200
;
202: 2202Call 202(current pc: 202
;
204: eeReturn
202
;
204: eeReturn
200
;
202: 2202Call 202(current pc: 202
;
204: eeReturn
202
;
204: eeReturn
200
;
202: 2202Call 202(current pc: 202
;
204: eeReturn
202
;
204: eeReturn
200
;
202: 2202Call 202(current pc: 202
;
204: eeReturn
202
;
204: eeReturn
200
;
202: 2202Call 202(current pc: 202
;
204: eeReturn
202
;
204: eeReturn
200
;
202: 2202Call 202(current pc: 202
;
204: eeReturn
202
;
204: eeReturn
200
;
202: 2202Call 202(current pc: 202
;
204: eeReturn
202
;
204: eeReturn
200
;
202: 2202Call 202(current pc: 202
;
204: eeReturn
202
;
204: eeReturn
200
;
202: 2202Call 202(current pc: 202
;
204: eeReturn
202
;
204: eeReturn
200
;
202: 2202Call 202(current pc: 202
;
204: eeReturn
202
;
204: eeReturn
200
;
202: 2202Call 202(current pc: 202
;
204: eeReturn
202
;
204: eeReturn
200
;
202: 2202Call 202(current pc: 202
;
204: eeReturn
202
;
204: eeReturn
200
;
202: 2202Call 202(current pc: 202
;
204: eeReturn
202
;
204: eeReturn
200
;
202: 2202Call 202(current pc: 202
;
204: eeReturn
202
;
204: eeReturn
200
;
202: 2202Call 202(current pc: 202
;
204: eeReturn
202
;
204: eeReturn
200
;
202: 2202Call 202(current pc: 202
;
204: eeReturn
202
;
204: eeReturn
200
;
202: 2202Call 202(current pc: 202
;
204: eeReturn
202
;
204: eeReturn
200
;
202: 2202Call 202(current pc: 202
;
204: eeReturn
202
;
204: eeReturn
200
;
202: 2202Call 202(current pc: 202
;
204: eeReturn
202
;
204: eeReturn
200
;
202: 2202Call 202(current pc: 202
;
204: eeReturn
202
;
204: eeReturn
200
;
202: 2202Call 202(current pc: 202
;
204: eeReturn
202
;
204: eeReturn
200
;
202: 2202Call 202(current pc: 202
;
204: eeReturn
202
;
204: eeReturn
200
;
202: 2202Call 202(current pc: 202
;
204: eeReturn
202
;
204: eeReturn
200
;
202: 2202Call 202(current pc: 202
;
204: eeReturn
202
;
204: eeReturn
200
;
202: 2202Call 202(current pc: 202
;
204: eeReturn
202
;
204: eeReturn
200
;
202: 2202Call 202(current pc: 202
;
204: eeReturn
202
;
204: eeReturn
200
;
202: 2202Call 202(current pc: 202
;
204: eeReturn
202
;
204: eeReturn
200
;
202: 2202Call 202(current pc: 202
;
204: eeReturn
202
;
204: eeReturn
200
;
202: 2202Call 202(current pc: 202
;
204: eeReturn
202
;
204: eeReturn
200
;
202: 2202Call 202(current pc: 202
;
204: eeReturn
202
;
204: eeReturn
200
;
202: 2202Call 202(current pc: 202
;
204: eeReturn
202
;
204: eeReturn
200
;
202: 2202Call 202(current pc: 202
;
204: eeReturn
202
;
204: eeReturn
200
;
202: 2202Call 202(current pc: 202
;
204: eeReturn
202
;
204: eeReturn
200
;
202: 2202Call 202(current pc: 202
;
204: eeReturn
202
;
204: eeReturn
200
;
202: 2202Call 202(current pc: 202
;
204: eeReturn
202
;
204: eeReturn
200
;
202: 2202Call 202(current pc: 202
;
204: eeReturn
202
;
204: eeReturn
200
;
202: 2202Call 202(current pc: 202
;
204: eeReturn
202
;
204: eeReturn
200
;
202: 2202Call 202(current pc: 202
;
204: eeReturn
202
;
204: eeReturn
200
;
202: 2202Call 202(current pc: 202
;
204: eeReturn
202
;
204: eeReturn
200
;
202: 2202Call 202(current pc: 202
;
204: eeReturn
202
;
204: eeReturn
200
;
202: 2202Call 202(current pc: 202
;
204: eeReturn
202
;
204: eeReturn
200
;
202: 2202Call 202(current pc: 202
;
204: eeReturn
202
;
204: eeReturn
200
;
202: 2202Call 202(current pc: 202
;
204: eeReturn
202
;
204: eeReturn
200
;
202: 2202Call 202(current pc: 202
;
204: eeReturn
202
;
204: eeReturn
200
;
202: 2202Call 202(current pc: 202
;
204: eeReturn
202
;
204: eeReturn
200
;
202: 2202Call 202(current pc: 202
;
204: eeReturn
202
;
204: eeReturn
200
;
202: 2202Call 202(current pc: 202
;
204: eeReturn
202
;
204: eeReturn
200
;
202: 2202Call 202(current pc: 202
;
204: eeReturn
202
;
204: eeReturn
200
;
202: 2202Call 202(current pc: 202
;
204: eeReturn
202
;
204: eeReturn
200
;
202: 2202Call 202(current pc: 202
;
204: eeReturn
202
;
204: eeReturn
200
;
202: 2202Call 202(current pc: 202
;
204: eeReturn
202
;
204: eeReturn
200
;
202: 2202Call 202(current pc: 202
;
204: eeReturn
202
;
204: eeReturn
200
;
202: 2202Call 202(current pc: 202
;
204: eeReturn
202
;
204: eeReturn
200
;
202: 2202Call 202(current pc: 202
;
204: eeReturn
202
;
204: eeReturn
200
;
202: 2202Call 202(current pc: 202
;
204: eeReturn
202
;
204: eeReturn
200
;
202: 2202Call 202(current pc: 202
;
204: eeReturn
202
;
204: eeReturn
200
;
202: 2202Call 202(current pc: 202
;
204: eeReturn
202
;
204: eeReturn
200
;
202: 2202Call 202(current pc: 202
;
204: eeReturn
202
;
204: eeReturn
200
;
202: 2202Call 202(current pc: 202
;
204: eeReturn
202
;
204: eeReturn
200
;
202: 2202Call 202(current pc: 202
;
204: eeReturn
202
;
204: eeReturn
200
;
202: 2202Call 202(current pc: 202
;
204: eeReturn
202
;
204: eeReturn
200
;
202: 2202Call 202(current pc: 202
;
204: eeReturn
202
;
204: eeReturn
200
;
202: 2202Call 202(current pc: 202
;
204: eeReturn
202
;
204: eeReturn
200
;
202: 2202Call 202(current pc: 202
;
204: eeReturn
202
;
204: eeReturn
200
;
202: 2202Call 202(current pc: 202
;
204: eeReturn
202
;
204: eeReturn
200
;
202: 2202Call 202(current pc: 202
;
204: eeReturn
202
;
204: eeReturn
200
;
202: 2202Call 202(current pc: 202
;
204: eeReturn
202
;
204: eeReturn
200
;
202: 2202Call 202(current pc: 202
;
204: eeReturn
202
;
204: eeReturn
200
;
202: 2202Call 202(current pc: 202
;
204: eeReturn
202
;
204: eeReturn
200
;
202: 2202Call 202(current pc: 202
;
204: eeReturn
202
;
204: eeReturn
200
;
202: 2202Call 202(current pc: 202
;
204: eeReturn
202
;
204: eeReturn
200
;
202: 2202Call 202(current pc: 202
;
204: eeReturn
202
;
204: eeReturn
200
;
202: 2202Call 202(current pc: 202
;
204: eeReturn
202
;
204: eeReturn
200
;
202: 2202Call 202(current pc: 202
;
204: eeReturn
202
;
204: eeReturn
200
;
202: 2202Call 202(current pc: 202
;
204: eeReturn
202
;
204: eeReturn
200
;
202: 2202Call 202(current pc: 202
;
204: eeReturn
202
;
204: eeReturn
200
;
202: 2202Call 202(current pc: 202
;
204: eeReturn
202
;
204: eeReturn
200
;
202: 2202Call 202(current pc: 202
;
204: eeReturn
202
;
204: eeReturn
200
;
202: 2202Call 202(current pc: 202
;
204: eeReturn
202
;
204: eeReturn
200
;
202: 2202Call 202(current pc: 202
;
204: eeReturn
202
;
204: eeReturn
200
;
202: 2202Call 202(current pc: 202
;
204: eeReturn
202
;
204: eeReturn
200
;
202: 2202Call 202(current pc: 202
;
204: eeReturn
202
;
204: eeReturn
200
;
202: 2202Call 202(current pc: 202
;
204: eeReturn
202
;
204: eeReturn
200
;
202: 2202Call 202(current pc: 202
;
204: eeReturn
202
;
204: eeReturn
200
;
202: 2202Call 202(current pc: 202
;
204: eeReturn
202
;
204: eeReturn
200
;
202: 2202Call 202(current pc: 202
;
204: eeReturn
202
;
204: eeReturn
200
;
202: 2202Call 202(current pc: 202
;
204: eeReturn
202
;
204: eeReturn
200
;
202: 2202Call 202(current pc: 202
;
204: eeReturn
202
;
204: eeReturn
200
;
202: 2202Call 202(current pc: 202
;
204: eeReturn
202
;
204: eeReturn
200
;
202: 2202Call 202(current pc: 202
;
204: eeReturn
202
;
204: eeReturn
200
;
202: 2202Call 202(current pc: 202
;
204: eeReturn
202
;
204: eeReturn
200
;
202: 2202Call 202(current pc: 202
;
204: eeReturn
202
;
204: eeReturn
200
;
202: 2202Call 202(current pc: 202
;
204: eeReturn
202
;
204: eeReturn
200
;
202: 2202Call 202(current pc: 202
;
204: eeReturn
202
;
204: eeReturn
200
;
202: 2202Call 202(current pc: 202
;
204: eeReturn
202
;
204: eeReturn
200
;
202: 2202Call 202(current pc: 202
;
204: eeReturn
202
;
204: eeReturn
200
;
202: 2202Call 202(current pc: 202
;
204: eeReturn
202
;
204: eeReturn
200
;
202: 2202Call 202(current pc: 202
;
204: eeReturn
202
;
204: eeReturn
200
;
202: 2202Call 202(current pc: 202
;
204: eeReturn
202
;
204: eeReturn
200
;
202: 2202Call 202(current pc: 202
;
204: eeReturn
202
;
204: eeReturn
200
;
202: 2202Call 202(current pc: 202
;
204: eeReturn
202
;
204: eeReturn
200
;
202: 2202Call 202(current pc: 202
;
204: eeReturn
202
;
204: eeReturn
200
;
202: 2202Call 202(current pc: 202
;
204: eeReturn
202
;
204: eeReturn
200
;
202: 2202Call 202(current pc: 202
;
204: eeReturn
202
;
204: eeReturn
200
;
202: 2202Call 202(current pc: 202
;
204: eeReturn
202
;
204: eeReturn
200
;
202: 2202Call 202(current pc: 202
;
204: eeReturn
202
;
204: eeReturn
200
;
202: 2202Call 202(current pc: 202
;
204: eeReturn
202
;
204: eeReturn
200
;
202: 2202Call 202(current pc: 202
;
204: eeReturn
202
;
204: eeReturn
200
;
202: 2202Call 202(current pc: 202
;
204: eeReturn
202
;
204: eeReturn
200
;
202: 2202Call 202(current pc: 202
;
204: eeReturn
202
;
204: eeReturn
200
;
202: 2202Call 202(current pc: 202
;
204: eeReturn
202
;
204: eeReturn
200
;
202: 2202Call 202(current pc: 202
;
204: eeReturn
202
;
204: eeReturn
200
;
202: 2202Call 202(current pc: 202
;
204: eeReturn
202
;
204: eeReturn
200
;
202: 2202Call 202(current pc: 202
;
204: eeReturn
202
;
204: eeReturn
200
;
202: 2202Call 202(current pc: 202
;
204: eeReturn
202
;
204: eeReturn
200
;
202: 2202Call 202(current pc: 202
;
204: eeReturn
202
;
204: eeReturn
200
;
202: 2202Call 202(current pc: 202
;
204: eeReturn
202
;
204: eeReturn
200
;
202: 2202Call 202(current pc: 202
;
204: eeReturn
202
;
204: eeReturn
200
;
202: 2202Call 202(current pc: 202
;
204: eeReturn
202
;
204: eeReturn
200
;
202: 2202Call 202(current pc: 202
;
204: eeReturn
202
;
204: eeReturn
200
;
202: 2202Call 202(current pc: 202
;
204: eeReturn
202
;
204: eeReturn
200
;
202: 2202Call 202(current pc: 202
;
204: eeReturn
202
;
204: eeReturn
200
;
202: 2202Call 202(current pc: 202
;
204: eeReturn
202
;
204: eeReturn
200
;
202: 2202Call 202(current pc: 202
;
204: eeReturn
202
;
204: eeReturn
200
;
202: 2202Call 202(current pc: 202
;
204: eeReturn
202
;
204: eeReturn
200
;
202: 2202Call 202(current pc: 202
;
204: eeReturn
202
;
204: eeReturn
200
;
202: 2202Call 202(current pc: 202
;
204: eeReturn
202
;
204: eeReturn
200
;
202: 2202Call 202(current pc: 202
;
204: eeReturn
202
;
204: eeReturn
200
;
202: 2202Call 202(current pc: 202
;
204: eeReturn
202
;
204: eeReturn
200
;
202: 2202Call 202(current pc: 202
;
204: eeReturn
202
;
204: eeReturn
200
;
202: 2202Call 202(current pc: 202
;
204: eeReturn
202
;
204: eeReturn
200
;
202: 2202Call 202(current pc: 202
;
204: eeReturn
202
;
204: eeReturn
200
;
202: 2202Call 202(current pc: 202
;
204: eeReturn
202
;
204: eeReturn
200
;
202: 2202Call 202(current pc: 202
;
204: eeReturn
202
;
204: eeReturn
200
;
202: 2202Call 202(current pc: 202
;
204: eeReturn
202
;
204: eeReturn
200
;
202: 2202Call 202(current pc: 202
;
204: eeReturn
202
;
204: eeReturn
200
;
202: 2202Call 202(current pc: 202
;
204: eeReturn
202
;
204: eeReturn
200
;
202: 2202Call 202(current pc: 202
;
204: eeReturn
202
;
204: eeReturn
200
;
202: 2202Call 202(current pc: 202
;
204: eeReturn
202
;
204: eeReturn
200
;
202: 2202Call 202(current pc: 202
;
204: eeReturn
202
;
204: eeReturn
200
;
202: 2202Call 202(current pc: 202
;
204: eeReturn
202
;
204: eeReturn
200
;
202: 2202Call 202(current pc: 202
;
204: eeReturn
202
;
204: eeReturn
200
;
202: 2202Call 202(current pc: 202
;
204: eeReturn
202
;
204: eeReturn
200
;
202: 2202Call 202(current pc: 202
;
204: eeReturn
202
;
204: eeReturn
200
;
202: 2202Call 202(current pc: 202
;
204: eeReturn
202
;
204: eeReturn
200
;
202: 2202Call 202(current pc: 202
;
204: eeReturn
202
;
204: eeReturn
200
;
202: 2202Call 202(current pc: 202
;
204: eeReturn
202
;
204: eeReturn
200
;
202: 2202Call 202(current pc: 202
;
204: eeReturn
202
;
204: eeReturn
200
;
202: 2202Call 202(current pc: 202
;
204: eeReturn
202
;
204: eeReturn
200
;
202: 2202Call 202(current pc: 202
;
204: eeReturn
202
;
204: eeReturn
200
;
202: 2202Call 202(current pc: 202
;
204: eeReturn
202
;
204: eeReturn
200
;
202: 2202Call 202(current pc: 202
;
204: eeReturn
202
;
204: eeReturn
200
;
202: 2202Call 202(current pc: 202
;
204: eeReturn
202
;
204: eeReturn
200
;
202: 2202Call 202(current pc: 202
;
204: eeReturn
202
;
204: eeReturn
200
;
202: 2202Call 202(current pc: 202
;
204: eeReturn
202
;
204: eeReturn
200
;
202: 2202Call 202(current pc: 202
;
204: eeReturn
202
;
204: eeReturn
200
;
202: 2202Call 202(current pc: 202
;
204: eeReturn
202
;
204: eeReturn
200
;
202: 2202Call 202(current pc: 202
;
204: eeReturn
202
;
204: eeReturn
200
;
202: 2202Call 202(current pc: 202
;
204: eeReturn
202
;
204: eeReturn
200
;
202: 2202Call 202(current pc: 202
;
204: eeReturn
202
;
204: eeReturn
200
;
202: 2202Call 202(current pc: 202
;
204: eeReturn
202
;
204: eeReturn
200
;
202: 2202Call 202(current pc: 202
;
204: eeReturn
202
;
204: eeReturn
200
;
202: 2202Call 202(current pc: 202
;
204: eeReturn
202
;
204: eeReturn
200
;
202: 2202Call 202(current pc: 202
;
204: eeReturn
202
;
204: eeReturn
200
;
202: 2202Call 202(current pc: 202
;
204: eeReturn
202
;
204: eeReturn
200
;
202: 2202Call 202(current pc: 202
;
204: eeReturn
202
;
204: eeReturn
200
;
202: 2202Call 202(current pc: 202
;
204: eeReturn
202
;
204: eeReturn
200
;
202: 2202Call 202(current pc: 202
;
204: eeReturn
202
;
204: eeReturn
200
;
202: 2202Call 202(current pc: 202
;
204: eeReturn
202
;
204: eeReturn
200
;
202: 2202Call 202(current pc: 202
;
204: eeReturn
202
;
204: eeReturn
200
;
202: 2202Call 202(current pc: 202
;
204: eeReturn
202
;
204: eeReturn
200
;
202: 2202Call 202(current pc: 202
;
204: eeReturn
202
;
204: eeReturn
200
;
202: 2202Call 202(current pc: 202
;
204: eeReturn
202
;
204: eeReturn
200
;
202: 2202Call 202(current pc: 202
;
204: eeReturn
202
;
204: eeReturn
200
;
202: 2202Call 202(current pc: 202
;
204: eeReturn
202
;
204: eeReturn
200
;
202: 2202Call 202(current pc: 202
;
204: eeReturn
202
;
204: eeReturn
200
;
202: 2202Call 202(current pc: 202
;
204: eeReturn
202
;
204: eeReturn
200
;
202: 2202Call 202(current pc: 202
;
204: eeReturn
202
;
204: eeReturn
200
;
202: 2202Call 202(current pc: 202
;
204: eeReturn
202
;
204: eeReturn
200
;
202: 2202Call 202(current pc: 202
;
204: eeReturn
202
;
204: eeReturn
200
;
202: 2202Call 202(current pc: 202
;
204: eeReturn
202
;
204: eeReturn
200
;
202: 2202Call 202(current pc: 202
;
204: eeReturn
202
;
204: eeReturn
200
;
202: 2202Call 202(current pc: 202
;
204: eeReturn
202
;
204: eeReturn
200
;
202: 2202Call 202(current pc: 202
;
204: eeReturn
202
;
204: eeReturn
200
;
202: 2202Call 202(current pc: 202
;
204: eeReturn
202
;
204: eeReturn
200
;
202: 2202Call 202(current pc: 202
;
204: eeReturn
202
;
204: eeReturn
200
;
202: 2202Call 202(current pc: 202
;
204: eeReturn
202
;
204: eeReturn
200
;
202: 2202Call 202(current pc: 202
;
204: eeReturn
202
;
204: eeReturn
200
;
202: 2202Call 202(current pc: 202
;
204: eeReturn
202
;
204: eeReturn
200
;
202: 2202Call 202(current pc: 202
;
204: eeReturn
202
;
204: eeReturn
200
;
202: 2202Call 202(current pc: 202
;
204: eeReturn
202
;
204: eeReturn
200
;
202: 2202Call 202(current pc: 202
;
204: eeReturn
202
;
204: eeReturn
200
;
202: 2202Call 202(current pc: 202
;
204: eeReturn
202
;
204: eeReturn
200
;
202: 2202Call 202(current pc: 202
;
204: eeReturn
202
;
204: eeReturn
200
;
202: 2202Call 202(current pc: 202
;
204: eeReturn
202
;
204: eeReturn
200
;
202: 2202Call 202(current pc: 202
;
204: eeReturn
202
;
204: eeReturn
200
;
202: 2202Call 202(current pc: 202
;
204: eeReturn
202
;
204: eeReturn
200
;
202: 2202Call 202(current pc: 202
;
204: eeReturn
202
;
204: eeReturn
200
;
202: 2202Call 202(current pc: 202
;
204: eeReturn
202
;
204: eeReturn
200
;
202: 2202Call 202(current pc: 202
;
204: eeReturn
202
;
204: eeReturn
200
;
202: 2202Call 202(current pc: 202
;
204: eeReturn
202
;
204: eeReturn
200
;
202: 2202Call 202(current pc: 202
;
204: eeReturn
202
;
204: eeReturn
200
;
202: 2202Call 202(current pc: 202
;
204: eeReturn
202
;
204: eeReturn
200
;
202: 2202Call 202(current pc: 202
;
204: eeReturn
202
;
204: eeReturn
200
;
202: 2202Call 202(current pc: 202
;
204: eeReturn
202
;
204: eeReturn
200
;
202: 2202Call 202(current pc: 202
;
204: eeReturn
202
;
204: eeReturn
200
;
202: 2202Call 202(current pc: 202
;
204: eeReturn
202
;
204: eeReturn
200
;
202: 2202Call 202(current pc: 202
;
204: eeReturn
202
;
204: eeReturn
200
;
202: 2202Call 202(current pc: 202
;
204: eeReturn
202
;
204: eeReturn
200
;
202: 2202Call 202(current pc: 202
;
204: eeReturn
202
;
204: eeReturn
200
;
202: 2202Call 202(current pc: 202
;
204: eeReturn
202
;
204: eeReturn
200
;
202: 2202Call 202(current pc: 202
;
204: eeReturn
202
;
204: eeReturn
200
;
202: 2202Call 202(current pc: 202
;
204: eeReturn
202
;
204: eeReturn
200
;
202: 2202Call 202(current pc: 202
;
204: eeReturn
202
;
204: eeReturn
200
;
202: 2202Call 202(current pc: 202
;
204: eeReturn
202
;
204: eeReturn
200
;
202: 2202Call 202(current pc: 202
;
204: eeReturn
202
;
204: eeReturn
200
;
202: 2202Call 202(current pc: 202
;
204: eeReturn
202
;
204: eeReturn
200
;
202: 2202Call 202(current pc: 202
;
204: eeReturn
202
;
204: eeReturn
200
;
202: 2202Call 202(current pc: 202
;
204: eeReturn
202
;
204: eeReturn
200
;
202: 2202Call 202(current pc: 202
;
204: eeReturn
202
;
204: eeReturn
200
;
202: 2202Call 202(current pc: 202
;
204: eeReturn
202
;
204: eeReturn
200
;
202: 2202Call 202(current pc: 202
;
204: eeReturn
202
;
204: eeReturn
200
;
202: 2202Call 202(current pc: 202
;
204: eeReturn
202
;
204: eeReturn
200
;
202: 2202Call 202(current pc: 202
;
204: eeReturn
202
;
204: eeReturn
200
;
202: 2202Call 202(current pc: 202
;
204: eeReturn
202
;
204: eeReturn
200
;
202: 2202Call 202(current pc: 202
;
204: eeReturn
202
;
204: eeReturn
200
;
202: 2202Call 202(current pc: 202
;
204: eeReturn
202
;
204: eeReturn
200
;
202: 2202Call 202(current pc: 202
;
204: eeReturn
202
;
204: eeReturn
200
;
202: 2202Call 202(current pc: 202
;
204: eeReturn
202
;
204: eeReturn
200
;
202: 2202Call 202(current pc: 202
;
204: eeReturn
202
;
204: eeReturn
200
;
202: 2202Call 202(current pc: 202
;
204: eeReturn
202
;
204: eeReturn
200
;
202: 2202Call 202(current pc: 202
;
204: eeReturn
202
;
204: eeReturn
200
;
202: 2202Call 202(current pc: 202
;
204: eeReturn
202
;
204: eeReturn
200
;
202: 2202Call 202(current pc: 202
;
204: eeReturn
202
;
204: eeReturn
200
;
202: 2202Call 202(current pc: 202
;
204: eeReturn
202
;
204: eeReturn
200
;
202: 2202Call 202(current pc: 202
;
204: eeReturn
202
;
204: eeReturn
200
;
202: 2202Call 202(current pc: 202
;
204: eeReturn
202
;
204: eeReturn
200
;
202: 2202Call 202(current pc: 202
;
204: eeReturn
202
;
204: eeReturn
200
;
202: 2202Call 202(current pc: 202
;
204: eeReturn
202
;
204: eeReturn
200
;
202: 2202Call 202(current pc: 202
;
204: eeReturn
202
;
204: eeReturn
200
;
202: 2202Call 202(current pc: 202
;
204: eeReturn
202
;
204: eeReturn
200
;
202: 2202Call 202(current pc: 202
;
204: eeReturn
202
;
204: eeReturn
200
;
202: 2202Call 202(current pc: 202
;
204: eeReturn
202
;
204: eeReturn
200
;
202: 2202Call 202(current pc: 202
;
204: eeReturn
202
;
204: eeReturn
200
;
202: 2202Call 202(current pc: 202
;
204: eeReturn
202
;
204: eeReturn
200
;
202: 2202Call 202(current pc: 202
;
204: eeReturn
202
;
204: eeReturn
200
;
202: 2202Call 202(current pc: 202
;
204: eeReturn
202
;
204: eeReturn
200
;
202: 2202Call 202(current pc: 202
;
204: eeReturn
202
;
204: eeReturn
200
;
202: 2202Call 202(current pc: 202
;
204: eeReturn
202
;
204: eeReturn
200
;
202: 2202Call 202(current pc: 202
;
204: eeReturn
202
;
204: eeReturn
200
;
202: 2202Call 202(current pc: 202
;
204: eeReturn
202
;
204: eeReturn
200
;
202: 2202Call 202(current pc: 202
;
204: eeReturn
202
;
204: eeReturn
200
;
202: 2202Call 202(current pc: 202
;
204: eeReturn
202
;
204: eeReturn
200
;
202: 2202Call 202(current pc: 202
;
204: eeReturn
202
;
204: eeReturn
200
;
202: 2202Call 202(current pc: 202
;
204: eeReturn
202
;
204: eeReturn
200
;
202: 2202Call 202(current pc: 202
;
204: eeReturn
202
;
204: eeReturn
200
;
202: 2202Call 202(current pc: 202
;
204: eeReturn
202
;
204: eeReturn
200
;
202: 2202Call 202(current pc: 202
;
204: eeReturn
202
;
204: eeReturn
200
;
202: 2202Call 202(current pc: 202
;
204: eeReturn
202
;
204: eeReturn
200
;
202: 2202Call 202(current pc: 202
;
204: eeReturn
202
;
204: eeReturn
200
;
202: 2202Call 202(current pc: 202
;
204: eeReturn
202
;
204: eeReturn
200
;
202: 2202Call 202(current pc: 202
;
204: eeReturn
202
;
204: eeReturn
200
;
202: 2202Call 202(current pc: 202
;
204: eeReturn
202
;
204: eeReturn
200
;
202: 2202Call 202(current pc: 202
;
204: eeReturn
202
;
204: eeReturn
200
;
202: 2202Call 202(current pc: 202
;
204: eeReturn
202
;
204: eeReturn
200
;
202: 2202Call 202(current pc: 202
;
204: eeReturn
202
;
204: eeReturn
200
;
202: 2202Call 202(current pc: 202
;
204: eeReturn
202
;
204: eeReturn
200
;
202: 2202Call 202(current pc: 202
;
204: eeReturn
202
;
204: eeReturn
200
;
202: 2202Call 202(current pc: 202
;
204: eeReturn
202
;
204: eeReturn
200
;
202: 2202Call 202(current pc: 202
;
204: eeReturn
202
;
204: eeReturn
200
;
202: 2202Call 202(current pc: 202
;
204: eeReturn
202
;
204: eeReturn
200
;
202: 2202Call 202(current pc: 202
;
204: eeReturn
202
;
204: eeReturn
200
;
202: 2202Call 202(current pc: 202
;
204: eeReturn
202
;
204: eeReturn
200
;
202: 2202Call 202(current pc: 202
;
204: eeReturn
202
;
204: eeReturn
200
;
202: 2202Call 202(current pc: 202
;
204: eeReturn
202
;
204: eeReturn
200
;
202: 2202Call 202(current pc: 202
;
204: eeReturn
202
;
204: eeReturn
200
;
202: 2202Call 202(current pc: 202
;
204: eeReturn
202
;
204: eeReturn
200
;
202: 2202Call 202(current pc: 202
;
204: eeReturn
202
;
204: eeReturn
200
;
202: 2202Call 202(current pc: 202
;
204: eeReturn
202
;
204: eeReturn
200
;
202: 2202Call 202(current pc: 202
;
204: eeReturn
202
;
204: eeReturn
200
;
202: 2202Call 202(current pc: 202
;
204: eeReturn
202
;
204: eeReturn
200
;
202: 2202Call 202(current pc: 202
;
204: eeReturn
202
;
204: eeReturn
200
;
202: 2202Call 202(current pc: 202
;
204: eeReturn
202
;
204: eeReturn
200
;
202: 2202Call 202(current pc: 202
;
204: eeReturn
202
;
204: eeReturn
200
;
202: 2202Call 202(current pc: 202
;
204: eeReturn
202
;
204: eeReturn
200
;
202: 2202Call 202(current pc: 202
;
204: eeReturn
202
;
204: eeReturn
200
;
202: 2202Call 202(current pc: 202
;
204: eeReturn
202
;
204: eeReturn
200
;
202: 2202Call 202(current pc: 202
;
204: eeReturn
202
;
204: eeReturn
200
;
202: 2202Call 202(current pc: 202
;
204: eeReturn
202
;
204: eeReturn
200
;
202: 2202Call 202(current pc: 202
;
204: eeReturn
202
;
204: eeReturn
200
;
202: 2202Call 202(current pc: 202
;
204: eeReturn
202
;
204: eeReturn
200
;
202: 2202Call 202(current pc: 202
;
204: eeReturn
202
;
204: eeReturn
200
;
202: 2202Call 202(current pc: 202
;
204: eeReturn
202
;
204: eeReturn
200
;
202: 2202Call 202(current pc: 202
;
204: eeReturn
202
;
204: eeReturn
200
;
202: 2202Call 202(current pc: 202
;
204: eeReturn
202
;
204: eeReturn
200
;
202: 2202Call 202(current pc: 202
;
204: eeReturn
202
;
204: eeReturn
200
;
202: 2202Call 202(current pc: 202
;
204: eeReturn
202
;
204: eeReturn
200
;
202: 2202Call 202(current pc: 202
;
204: eeReturn
202
;
204: eeReturn
200
;
202: 2202Call 202(current pc: 202
;
204: eeReturn
202
;
204: eeReturn
200
;
202: 2202Call 202(current pc: 202
;
204: eeReturn
202
;
204: eeReturn
200
;
202: 2202Call 202(current pc: 202
;
204: eeReturn
202
;
204: eeReturn
200
;
202: 2202Call 202(current pc: 202
;
204: eeReturn
202
;
204: eeReturn
200
;
202: 2202Call 202(current pc: 202
;
204: eeReturn
202
;
204: eeReturn
200
;
202: 2202Call 202(current pc: 202
;
204: eeReturn
202
;
204: eeReturn
200
;
202: 2202Call 202(current pc: 202
;
204: eeReturn
202
;
204: eeReturn
200
;
202: 2202Call 202(current pc: 202
;
204: eeReturn
202
;
204: eeReturn
200
;
202: 2202Call 202(current pc: 202
;
204: eeReturn
202
;
204: eeReturn
200
;
202: 2202Call 202(current pc: 202
;
204: eeReturn
202
;
204: eeReturn
200
;
202: 2202Call 202(current pc: 202
;
204: eeReturn
202
;
204: eeReturn
200
;
202: 2202Call 202(current pc: 202
;
204: eeReturn
202
;
204: eeReturn
200
;
202: 2202Call 202(current pc: 202
;
204: eeReturn
202
;
204: eeReturn
200
;
202: 2202Call 202(current pc: 202
;
204: eeReturn
202
;
204: eeReturn
200
;
202: 2202Call 202(current pc: 202
;
204: eeReturn
202
;
204: eeReturn
200
;
202: 2202Call 202(current pc: 202
;
204: eeReturn
202
;
204: eeReturn
200
;
202: 2202Call 202(current pc: 202
;
204: eeReturn
202
;
204: eeReturn
200
;
202: 2202Call 202(current pc: 202
;
204: eeReturn
202
;
204: eeReturn
200
;
202: 2202Call 202(current pc: 202
;
204: eeReturn
202
;
204: eeReturn
200
;
202: 2202Call 202(current pc: 202
;
204: eeReturn
202
;
204: eeReturn
200
;
202: 2202Call 202(current pc: 202
;
204: eeReturn
202
;
204: eeReturn
200
;
202: 2202Call 202(current pc: 202
;
204: eeReturn
202
;
204: eeReturn
200
;
202: 2202Call 202(current pc: 202
;
204: eeReturn
202
;
204: eeReturn
200
;
202: 2202Call 202(current pc: 202
;
204: eeReturn
202
;
204: eeReturn
200
;
202: 2202Call 202(current pc: 202
;
204: eeReturn
202
;
204: eeReturn
200
;
202: 2202Call 202(current pc: 202
;
204: eeReturn
202
;
204: eeReturn
200
;
202: 2202Call 202(current pc: 202
;
204: eeReturn
202
;
204: eeReturn
200
;
202: 2202Call 202(current pc: 202
;
204: eeReturn
202
;
204: eeReturn
200
;
202: 2202Call 202(current pc: 202
;
204: eeReturn
202
;
204: eeReturn
200
;
202: 2202Call 202(current pc: 202
;
204: eeReturn
202
;
204: eeReturn
200
;
202: 2202Call 202(current pc: 202
;
204: eeReturn
202
;
204: eeReturn
200
;
202: 2202Call 202(current pc: 202
;
204: eeReturn
202
;
204: eeReturn
200
;
202: 2202Call 202(current pc: 202
;
204: eeReturn
202
;
204: eeReturn
200
;
202: 2202Call 202(current pc: 202
;
204: eeReturn
202
;
204: eeReturn
200
;
202: 2202Call 202(current pc: 202
;
204: eeReturn
202
;
204: eeReturn
200
;
202: 2202Call 202(current pc: 202
;
204: eeReturn
202
;
204: eeReturn
200
;
202: 2202Call 202(current pc: 202
;
204: eeReturn
202
;
204: eeReturn
200
;
202: 2202Call 202(current pc: 202
;
204: eeReturn
202
;
204: eeReturn
200
;
202: 2202Call 202(current pc: 202
;
204: eeReturn
202
;
204: eeReturn
200
;
202: 2202Call 202(current pc: 202
;
204: eeReturn
202
;
204: eeReturn
200
;
202: 2202Call 202(current pc: 202
;
204: eeReturn
202
;
204: eeReturn
200
;
202: 2202Call 202(current pc: 202
;
204: eeReturn
202
;
204: eeReturn
200
;
202: 2202Call 202(current pc: 202
;
204: eeReturn
202
;
204: eeReturn
200
;
202: 2202Call 202(current pc: 202
;
204: eeReturn
202
;
204: eeReturn
200
;
202: 2202Call 202(current pc: 202
;
204: eeReturn
202
;
204: eeReturn
200
;
202: 2202Call 202(current pc: 202
;
204: eeReturn
202
;
204: eeReturn
200
;
202: 2202Call 202(current pc: 202
;
204: eeReturn
202
;
204: eeReturn
200
;
202: 2202Call 202(current pc: 202
;
204: eeReturn
202
;
204: eeReturn
200
;
202: 2202Call 202(current pc: 202
;
204: eeReturn
202
;
204: eeReturn
200
;
202: 2202Call 202(current pc: 202
;
204: eeReturn
202
;
204: eeReturn
200
;
202: 2202Call 202(current pc: 202
;
204: eeReturn
202
;
204: eeReturn
200
;
202: 2202Call 202(current pc: 202
;
204: eeReturn
202
;
204: eeReturn
200
;
202: 2202Call 202(current pc: 202
;
204: eeReturn
202
;
204: eeReturn
200
;
202: 2202Call 202(current pc: 202
;
204: eeReturn
202
;
204: eeReturn
200
;
202: 2202Call 202(current pc: 202
;
204: eeReturn
202
;
204: eeReturn
200
;
202: 2202Call 202(current pc: 202
;
204: eeReturn
202
;
204: eeReturn
200
;
202: 2202Call 202(current pc: 202
;
204: eeReturn
202
;
204: eeReturn
200
;
202: 2202Call 202(current pc: 202
;
204: eeReturn
202
;
204: eeReturn
200
;
202: 2202Call 202(current pc: 202
;
204: eeReturn
202
;
204: eeReturn
200
;
202: 2202Call 202(current pc: 202
;
204: eeReturn
202
;
204: eeReturn
200
;
202: 2202Call 202(current pc: 202
;
204: eeReturn
202
;
204: eeReturn
200
;
202: 2202Call 202(current pc: 202
;
204: eeReturn
202
;
204: eeReturn
200
;
202: 2202Call 202(current pc: 202
;
204: eeReturn
202
;
204: eeReturn
200
;
202: 2202Call 202(current pc: 202
;
204: eeReturn
202
;
204: eeReturn
200
;
202: 2202Call 202(current pc: 202
;
204: eeReturn
202
;
204: eeReturn
200
;
202: 2202Call 202(current pc: 202
;
204: eeReturn
202
;
204: eeReturn
200
;
202: 2202Call 202(current pc: 202
;
204: eeReturn
202
;
204: eeReturn
200
;
202: 2202Call 202(current pc: 202
;
204: eeReturn
202
;
204: eeReturn
200
;
202: 2202Call 202(current pc: 202
;
204: eeReturn
202
;
204: eeReturn
200
;
202: 2202Call 202(current pc: 202
;
204: eeReturn
202
;
204: eeReturn
200
;
202: 2202Call 202(current pc: 202
;
204: eeReturn
202
;
204: eeReturn
200
;
202: 2202Call 202(current pc: 202
;
204: eeReturn
202
;
204: eeReturn
200
;
202: 2202Call 202(current pc: 202
;
204: eeReturn
202
;
204: eeReturn
200
;
202: 2202Call 202(current pc: 202
;
204: eeReturn
202
;
204: eeReturn
200
;
202: 2202Call 202(current pc: 202
;
204: eeReturn
202
;
204: eeReturn
200
;
202: 2202Call 202(current pc: 202
;
204: eeReturn
202
;
204: eeReturn
200
;
202: 2202Call 202(current pc: 202
;
204: eeReturn
202
;
204: eeReturn
200
;
202: 2202Call 202(current pc: 202
;
204: eeReturn
202
;
204: eeReturn
200
;
202: 2202Call 202(current pc: 202
;
204: eeReturn
202
;
204: eeReturn
200
;
202: 2202Call 202(current pc: 202
;
204: eeReturn
202
;
204: eeReturn
200
;
202: 2202Call 202(current pc: 202
;
204: eeReturn
202
;
204: eeReturn
200
;
202: 2202Call 202(current pc: 202
;
204: eeReturn
202
;
204: eeReturn
200
;
202: 2202Call 202(current pc: 202
;
204: eeReturn
202
;
204: eeReturn
200
;
202: 2202Call 202(current pc: 202
;
204: eeReturn
202
;
204: eeReturn
200
;
202: 2202Call 202(current pc: 202
;
204: eeReturn
202
;
204: eeReturn
200
;
202: 2202Call 202(current pc: 202
;
204: eeReturn
202
;
204: eeReturn
200
;
202: 2202Call 202(current pc: 202
;
204: eeReturn
202
;
204: eeReturn
200
;
202: 2202Call 202(current pc: 202
;
204: eeReturn
202
;
204: eeReturn
200
;
202: 2202Call 202(current pc: 202
;
204: eeReturn
202
;
204: eeReturn
200
;
202: 2202Call 202(current pc: 202
;
204: eeReturn
202
;
204: eeReturn
200
;
202: 2202Call 202(current pc: 202
;
204: eeReturn
202
;
204: eeReturn
200
;
202: 2202Call 202(current pc: 202
;
204: eeReturn
202
;
204: eeReturn
200
;
202: 2202Call 202(current pc: 202
;
204: eeReturn
202
;
204: eeReturn
200
;
202: 2202Call 202(current pc: 202
;
204: eeReturn
202
;
204: eeReturn
200
;
202: 2202Call 202(current pc: 202
;
204: eeReturn
202
;
204: eeReturn
200
;
202: 2202Call 202(current pc: 202
;
204: eeReturn
202
;
204: eeReturn
200
;
202: 2202Call 202(current pc: 202
;
204: eeReturn
202
;
204: eeReturn
200
;
202: 2202Call 202(current pc: 202
;
204: eeReturn
202
;
204: eeReturn
200
;
202: 2202Call 202(current pc: 202
;
204: eeReturn
202
;
204: eeReturn
200
;
202: 2202Call 202(current pc: 202
;
204: eeReturn
202
;
204: eeReturn
200
;
202: 2202Call 202(current pc: 202
;
204: eeReturn
202
;
204: eeReturn
200
;
202: 2202Call 202(current pc: 202
;
204: eeReturn
202
;
204: eeReturn
200
;
202: 2202Call 202(current pc: 202
;
204: eeReturn
202
;
204: eeReturn
200
;
202: 2202Call 202(current pc: 202
;
204: eeReturn
202
;
204: eeReturn
200
;
202: 2202Call 202(current pc: 202
;
204: eeReturn
202
;
204: eeReturn
200
;
202: 2202Call 202(current pc: 202
;
204: eeReturn
202
;
204: eeReturn
200
;
202: 2202Call 202(current pc: 202
;
204: eeReturn
202
;
204: eeReturn
200
;
202: 2202Call 202(current pc: 202
;
204: eeReturn
202
;
204: eeReturn
200
;
202: 2202Call 202(current pc: 202
;
204: eeReturn
202
;
204: eeReturn
200
;
202: 2202Call 202(current pc: 202
;
204: eeReturn
202
;
204: eeReturn
200
;
202: 2202Call 202(current pc: 202
;
204: eeReturn
202
;
204: eeReturn
200
;
202: 2202Call 202(current pc: 202
;
204: eeReturn
202
;
204: eeReturn
200
;
202: 2202Call 202(current pc: 202
;
204: eeReturn
202
;
204: eeReturn
200
;
202: 2202Call 202(current pc: 202
;
204: eeReturn
202
;
204: eeReturn
200
;
202: 2202Call 202(current pc: 202
;
204: eeReturn
202
;
204: eeReturn
200
;
202: 2202Call 202(current pc: 202
;
204: eeReturn
202
;
204: eeReturn
200
;
202: 2202Call 202(current pc: 202
;
204: eeReturn
202
;
204: eeReturn
200
;
202: 2202Call 202(current pc: 202
;
204: eeReturn
202
;
204: eeReturn
200
;
202: 2202Call 202(current pc: 202
;
204: eeReturn
202
;
204: eeReturn
200
;
202: 2202Call 202(current pc: 202
;
204: eeReturn
202
;
204: eeReturn
200
;
202: 2202Call 202(current pc: 202
;
204: eeReturn
202
;
204: eeReturn
200
;
202: 2202Call 202(current pc: 202
;
204: eeReturn
202
;
204: eeReturn
200
;
202: 2202Call 202(current pc: 202
;
204: eeReturn
202
;
204: eeReturn
200
;
202: 2202Call 202(current pc: 202
;
204: eeReturn
202
;
204: eeReturn
200
;
202: 2202Call 202(current pc: 202
;
204: eeReturn
202
;
204: eeReturn
200
;
202: 2202Call 202(current pc: 202
;
204: eeReturn
202
;
204: eeReturn
200
;
202: 2202Call 202(current pc: 202
;
204: eeReturn
202
;
204: eeReturn
200
;
202: 2202Call 202(current pc: 202
;
204: eeReturn
202
;
204: eeReturn
200
;
202: 2202Call 202(current pc: 202
;
204: eeReturn
202
;
204: eeReturn
200
;
202: 2202Call 202(current pc: 202
;
204: eeReturn
202
;
204: eeReturn
200
;
202: 2202Call 202(current pc: 202
;
204: eeReturn
202
;
204: eeReturn
200
;
202: 2202Call 202(current pc: 202
;
204: eeReturn
202
;
204: eeReturn
200
;
202: 2202Call 202(current pc: 202
;
204: eeReturn
202
;
204: eeReturn
200
;
202: 2202Call 202(current pc: 202
;
204: eeReturn
202
;
204: eeReturn
200
;
202: 2202Call 202(current pc: 202
;
204: eeReturn
202
;
204: eeReturn
200
;
202: 2202Call 202(current pc: 202
;
204: eeReturn
202
;
204: eeReturn
200
;
202: 2202Call 202(current pc: 202
;
204: eeReturn
202
;
204: eeReturn
200
;
202: 2202Call 202(current pc: 202
;
204: eeReturn
202
;
204: eeReturn
200
;
202: 2202Call 202(current pc: 202
;
204: eeReturn
202
;
204: eeReturn
200
;
202: 2202Call 202(current pc: 202
;
204: eeReturn
202
;
204: eeReturn
200
;
202: 2202Call 202(current pc: 202
;
204: eeReturn
202
;
204: eeReturn
200
;
202: 2202Call 202(current pc: 202
;
204: eeReturn
202
;
204: eeReturn
200
;
202: 2202Call 202(current pc: 202
;
204: eeReturn
202
;
204: eeReturn
200
;
202: 2202Call 202(current pc: 202
;
204: eeReturn
202
;
204: eeReturn
200
;
202: 2202Call 202(current pc: 202
;
204: eeReturn
202
;
204: eeReturn
200
;
202: 2202Call 202(current pc: 202
;
204: eeReturn
202
;
204: eeReturn
200
;
202: 2202Call 202(current pc: 202
;
204: eeReturn
202
;
204: eeReturn
200
;
202: 2202Call 202(current pc: 202
;
204: eeReturn
202
;
204: eeReturn
200
;
202: 2202Call 202(current pc: 202
;
204: eeReturn
202
;
204: eeReturn
200
;
202: 2202Call 202(current pc: 202
;
204: eeReturn
202
;
204: eeReturn
200
;
202: 2202Call 202(current pc: 202
;
204: eeReturn
202
;
204: eeReturn
200
;
202: 2202Call 202(current pc: 202
;
204: eeReturn
202
;
204: eeReturn
200
;
202: 2202Call 202(current pc: 202
;
204: eeReturn
202
;
204: eeReturn
200
;
202: 2202Call 202(current pc: 202
;
204: eeReturn
202
;
204: eeReturn
200
;
202: 2202Call 202(current pc: 202
;
204: eeReturn
202
;
204: eeReturn
200
;
202: 2202Call 202(current pc: 202
;
204: eeReturn
202
;
204: eeReturn
200
;
202: 2202Call 202(current pc: 202
;
204: eeReturn
202
;
204: eeReturn
200
;
202: 2202Call 202(current pc: 202
;
204: eeReturn
202
;
204: eeReturn
200
;
202: 2202Call 202(current pc: 202
;
204: eeReturn
202
;
204: eeReturn
200
;
202: 2202Call 202(current pc: 202
;
204: eeReturn
202
;
204: eeReturn
200
;
202: 2202Call 202(current pc: 202
;
204: eeReturn
202
;
204: eeReturn
200
;
202: 2202Call 202(current pc: 202
;
204: eeReturn
202
;
204: eeReturn
200
;
202: 2202Call 202(current pc: 202
;
204: eeReturn
202
;
204: eeReturn
200
;
202: 2202Call 202(current pc: 202
;
204: eeReturn
202
;
204: eeReturn
200
;
202: 2202Call 202(current pc: 202
;
204: eeReturn
202
;
204: eeReturn
200
;
202: 2202Call 202(current pc: 202
;
204: eeReturn
202
;
204: eeReturn
200
;
202: 2202Call 202(current pc: 202
;
204: eeReturn
202
;
204: eeReturn
200
;
202: 2202Call 202(current pc: 202
;
204: eeReturn
202
;
204: eeReturn
200
;
202: 2202Call 202(current pc: 202
;
204: eeReturn
202
;
204: eeReturn
200
;
202: 2202Call 202(current pc: 202
;
204: eeReturn
202
;
204: eeReturn
200
;
202: 2202Call 202(current pc: 202
;
204: eeReturn
202
;
204: eeReturn
200
;
202: 2202Call 202(current pc: 202
;
204: eeReturn
202
;
204: eeReturn
200
;
202: 2202Call 202(current pc: 202
;
204: eeReturn
202
;
204: eeReturn
200
;
202: 2202Call 202(current pc: 202
;
204: eeReturn
202
;
204: eeReturn
200
;
202: 2202Call 202(current pc: 202
;
204: eeReturn
202
;
204: eeReturn
200
;
202: 2202Call 202(current pc: 202
;
204: eeReturn
202
;
204: eeReturn
200
;
202: 2202Call 202(current pc: 202
;
204: eeReturn
202
;
204: eeReturn
200
;
202: 2202Call 202(current pc: 202
;
204: eeReturn
202
;
204: eeReturn
200
;
202: 2202Call 202(current pc: 202
;
204: eeReturn
202
;
204: eeReturn
200
;
202: 2202Call 202(current pc: 202
;
204: eeReturn
202
;
204: eeReturn
200
;
202: 2202Call 202(current pc: 202
;
204: eeReturn
202
;
204: eeReturn
200
;
202: 2202Call 202(current pc: 202
;
204: eeReturn
202
;
204: eeReturn
200
;
202: 2202Call 202(current pc: 202
;
204: eeReturn
202
;
204: eeReturn
200
;
202: 2202Call 202(current pc: 202
;
204: eeReturn
202
;
204: eeReturn
200
;
202: 2202Call 202(current pc: 202
;
204: eeReturn
202
;
204: eeReturn
200
;
202: 2202Call 202(current pc: 202
;
204: eeReturn
202
;
204: eeReturn
200
;
202: 2202Call 202(current pc: 202
;
204: eeReturn
202
;
204: eeReturn
200
;
202: 2202Call 202(current pc: 202
;
204: eeReturn
202
;
204: eeReturn
200
;
202: 2202Call 202(current pc: 202
;
204: eeReturn
202
;
204: eeReturn
200
;
202: 2202Call 202(current pc: 202
;
204: eeReturn
202
;
204: eeReturn
200
;
202: 2202Call 202(current pc: 202
;
204: eeReturn
202
;
204: eeReturn
200
;
202: 2202Call 202(current pc: 202
;
204: eeReturn
202
;
204: eeReturn
200
;
202: 2202Call 202(current pc: 202
;
204: eeReturn
202
;
204: eeReturn
200
;
202: 2202Call 202(current pc: 202
;
204: eeReturn
202
;
204: eeReturn
200
;
202: 2202Call 202(current pc: 202
;
204: eeReturn
202
;
204: eeReturn
200
;
202: 2202Call 202(current pc: 202
;
204: eeReturn
202
;
204: eeReturn
200
;
202: 2202Call 202(current pc: 202
;
204: eeReturn
202
;
204: eeReturn
200
;
202: 2202Call 202(current pc: 202
;
204: eeReturn
202
;
204: eeReturn
200
;
202: 2202Call 202(current pc: 202
;
204: eeReturn
202
;
204: eeReturn
200
;
202: 2202Call 202(current pc: 202
;
204: eeReturn
202
;
204: eeReturn
200
;
202: 2202Call 202(current pc: 202
;
204: eeReturn
202
;
204: eeReturn
200
;
202: 2202Call 202(current pc: 202
;
204: eeReturn
202
;
204: eeReturn
200
;
202: 2202Call 202(current pc: 202
;
204: eeReturn
202
;
204: eeReturn
200
;
202: 2202Call 202(current pc: 202
;
204: eeReturn
202
;
204: eeReturn
200
;
202: 2202Call 202(current pc: 202
;
204: eeReturn
202
;
204: eeReturn
200
;
202: 2202Call 202(current pc: 202
;
204: eeReturn
202
;
204: eeReturn
200
;
202: 2202Call 202(current pc: 202
;
204: eeReturn
202
;
204: eeReturn
200
;
202: 2202Call 202(current pc: 202
;
204: eeReturn
202
;
204: eeReturn
200
;
202: 2202Call 202(current pc: 202
;
204: eeReturn
202
;
204: eeReturn
200
;
202: 2202Call 202(current pc: 202
;
204: eeReturn
202
;
204: eeReturn
200
;
202: 2202Call 202(current pc: 202
;
204: eeReturn
202
;
204: eeReturn
200
;
202: 2202Call 202(current pc: 202
;
204: eeReturn
202
;
204: eeReturn
200
;
202: 2202Call 202(current pc: 202
;
204: eeReturn
202
;
204: eeReturn
200
;
202: 2202Call 202(current pc: 202
;
204: eeReturn
202
;
204: eeReturn
200
;
202: 2202Call 202(current pc: 202
;
204: eeReturn
202
;
204: eeReturn
200
;
202: 2202Call 202(current pc: 202
;
204: eeReturn
202
;
204: eeReturn
200
;
202: 2202Call 202(current pc: 202
;
204: eeReturn
202
;
204: eeReturn
200
;
202: 2202Call 202(current pc: 202
;
204: eeReturn
202
;
204: eeReturn
200
;
202: 2202Call 202(current pc: 202
;
204: eeReturn
202
;
204: eeReturn
200
;
202: 2202Call 202(current pc: 202
;
204: eeReturn
202
;
204: eeReturn
200
;
202: 2202Call 202(current pc: 202
;
204: eeReturn
202
;
204: eeReturn
200
;
202: 2202Call 202(current pc: 202
;
204: eeReturn
202
;
204: eeReturn
200
;
202: 2202Call 202(current pc: 202
;
204: eeReturn
202
;
204: eeReturn
200
;
202: 2202Call 202(current pc: 202
;
204: eeReturn
202
;
204: eeReturn
200
;
202: 2202Call 202(current pc: 202
;
204: eeReturn
202
;
204: eeReturn
200
;
202: 2202Call 202(current pc: 202
;
204: eeReturn
202
;
204: eeReturn
200
;
202: 2202Call 202(current pc: 202
;
204: eeReturn
202
;
204: eeReturn
200
;
202: 2202Call 202(current pc: 202
;
204: eeReturn
202
;
204: eeReturn
200
;
202: 2202Call 202(current pc: 202
;
204: eeReturn
202
;
204: eeReturn
200
;
202: 2202Call 202(current pc: 202
;
204: eeReturn
202
;
204: eeReturn
200
;
202: 2202Call 202(current pc: 202
;
204: eeReturn
202
;
204: eeReturn
200
;
202: 2202Call 202(current pc: 202
;
204: eeReturn
202
;
204: eeReturn
200
;
202: 2202Call 202(current pc: 202
;
204: eeReturn
202
;
204: eeReturn
200
;
202: 2202Call 202(current pc: 202
;
204: eeReturn
202
;
204: eeReturn
200
;
202: 2202Call 202(current pc: 202
;
204: eeReturn
202
;
204: eeReturn
200
;
202: 2202Call 202(current pc: 202
;
204: eeReturn
202
;
204: eeReturn
200
;
202: 2202Call 202(current pc: 202
;
204: eeReturn
202
;
204: eeReturn
200
;
202: 2202Call 202(current pc: 202
;
204: eeReturn
202
;
204: eeReturn
200
;
202: 2202Call 202(current pc: 202
;
204: eeReturn
202
;
204: eeReturn
200
;
202: 2202Call 202(current pc: 202
;
204: eeReturn
202
;
204: eeReturn
200
;
202: 2202Call 202(current pc: 202
;
204: eeReturn
202
;
204: eeReturn
200
;
202: 2202Call 202(current pc: 202
;
204: eeReturn
202
;
204: eeReturn
200
;
202: 2202Call 202(current pc: 202
;
204: eeReturn
202
;
204: eeReturn
200
;
202: 2202Call 202(current pc: 202
;
204: eeReturn
202
;
204: eeReturn
200
;
202: 2202Call 202(current pc: 202
;
204: eeReturn
202
;
204: eeReturn
200
;
202: 2202Call 202(current pc: 202
;
204: eeReturn
202
;
204: eeReturn
200
;
202: 2202Call 202(current pc: 202
;
204: eeReturn
202
;
204: eeReturn
200
;
202: 2202Call 202(current pc: 202
;
204: eeReturn
202
;
204: eeReturn
200
;
202: 2202Call 202(current pc: 202
;
204: eeReturn
202
;
204: eeReturn
200
;
202: 2202Call 202(current pc: 202
;
204: eeReturn
202
;
204: eeReturn
200
;
202: 2202Call 202(current pc: 202
;
204: eeReturn
202
;
204: eeReturn
200
;
202: 2202Call 202(current pc: 202
;
204: eeReturn
202
;
204: eeReturn
200
;
202: 2202Call 202(current pc: 202
;
204: eeReturn
202
;
204: eeReturn
200
;
202: 2202Call 202(current pc: 202
;
204: eeReturn
202
;
204: eeReturn
200
;
202: 2202Call 202(current pc: 202
;
204: eeReturn
202
;
204: eeReturn
200
;
202: 2202Call 202(current pc: 202
;
204: eeReturn
202
;
204: eeReturn
200
;
202: 2202Call 202(current pc: 202
;
204: eeReturn
202
;
204: eeReturn
200
;
202: 2202Call 202(current pc: 202
;
204: eeReturn
202
;
204: eeReturn
200
;
202: 2202Call 202(current pc: 202
;
204: eeReturn
202
;
204: eeReturn
200
;
202: 2202Call 202(current pc: 202
;
204: eeReturn
202
;
204: eeReturn
200
;
202: 2202Call 202(current pc: 202
;
204: eeReturn
202
;
204: eeReturn
200
;
202: 2202Call 202(current pc: 202
;
204: eeReturn
202
;
204: eeReturn
200
;
202: 2202Call 202(current pc: 202
;
204: eeReturn
202
;
204: eeReturn
200
;
202: 2202Call 202(current pc: 202
;
204: eeReturn
202
;
204: eeReturn
200
;
202: 2202Call 202(current pc: 202
;
204: eeReturn
202
;
204: eeReturn
200
;
202: 2202Call 202(current pc: 202
;
204: eeReturn
202
;
204: eeReturn
200
;
202: 2202Call 202(current pc: 202
;
204: eeReturn
202
;
204: eeReturn
200
;
202: 2202Call 202(current pc: 202
;
204: eeReturn
202
;
204: eeReturn
200
;
202: 2202Call 202(current pc: 202
;
204: eeReturn
202
;
204: eeReturn
200
;
202: 2202Call 202(current pc: 202
;
204: eeReturn
202
;
204: eeReturn
200
;
202: 2202Call 202(current pc: 202
;
204: eeReturn
202
;
204: eeReturn
200
;
202: 2202Call 202(current pc: 202
;
204: eeReturn
202
;
204: eeReturn
200
;
202: 2202Call 202(current pc: 202
;
204: eeReturn
202
;
204: eeReturn
200
;
202: 2202Call 202(current pc: 202
;
204: eeReturn
202
;
204: eeReturn
200
;
202: 2202Call 202(current pc: 202
;
204: eeReturn
202
;
204: eeReturn
200
;
202: 2202Call 202(current pc: 202
;
204: eeReturn
202
;
204: eeReturn
200
;
202: 2202Call 202(current pc: 202
;
204: eeReturn
202
;
204: eeReturn
200
;
202: 2202Call 202(current pc: 202
;
204: eeReturn
202
;
204: eeReturn
200
;
202: 2202Call 202(current pc: 202
;
204: eeReturn
202
;
204: eeReturn
200
;
202: 2202Call 202(current pc: 202
;
204: eeReturn
202
;
204: eeReturn
200
;
202: 2202Call 202(current pc: 202
;
204: eeReturn
202
;
204: eeReturn
200
;
202: 2202Call 202(current pc: 202
;
204: eeReturn
202
;
204: eeReturn
200
;
202: 2202Call 202(current pc: 202
;
204: eeReturn
202
;
204: eeReturn
200
;
202: 2202Call 202(current pc: 202
;
204: eeReturn
202
;
204: eeReturn
200
;
202: 2202Call 202(current pc: 202
;
204: eeReturn
202
;
204: eeReturn
200
;
202: 2202Call 202(current pc: 202
;
204: eeReturn
202
;
204: eeReturn
200
;
202: 2202Call 202(current pc: 202
;
204: eeReturn
202
;
204: eeReturn
200
;
202: 2202Call 202(current pc: 202
;
204: eeReturn
202
;
204: eeReturn
200
;
202: 2202Call 202(current pc: 202
;
204: eeReturn
202
;
204: eeReturn
200
;
202: 2202Call 202(current pc: 202
;
204: eeReturn
202
;
204: eeReturn
200
;
202: 2202Call 202(current pc: 202
;
204: eeReturn
202
;
204: eeReturn
200
;
202: 2202Call 202(current pc: 202
;
204: eeReturn
202
;
204: eeReturn
200
;
202: 2202Call 202(current pc: 202
;
204: eeReturn
202
;
204: eeReturn
200
;
202: 2202Call 202(current pc: 202
;
204: eeReturn
202
;
204: eeReturn
200
;
202: 2202Call 202(current pc: 202
;
204: eeReturn
202
;
204: eeReturn
200
;
202: 2202Call 202(current pc: 202
;
204: eeReturn
202
;
204: eeReturn
200
;
202: 2202Call 202(current pc: 202
;
204: eeReturn
202
;
204: eeReturn
200
;
202: 2202Call 202(current pc: 202
;
204: eeReturn
202
;
204: eeReturn
200
;
202: 2202Call 202(current pc: 202
;
204: eeReturn
202
;
204: eeReturn
200
;
202: 2202Call 202(current pc: 202
;
204: eeReturn
202
;
204: eeReturn
200
;
202: 2202Call 202(current pc: 202
;
204: eeReturn
202
;
204: eeReturn
200
;
202: 2202Call 202(current pc: 202
;
204: eeReturn
202
;
204: eeReturn
200
;
202: 2202Call 202(current pc: 202
;
204: eeReturn
202
;
204: eeReturn
200
;
202: 2202Call 202(current pc: 202
;
204: eeReturn
202
;
204: eeReturn
200
;
202: 2202Call 202(current pc: 202
;
204: eeReturn
202
;
204: eeReturn
200
;
202: 2202Call 202(current pc: 202
;
204: eeReturn
202
;
204: eeReturn
200
;
202: 2202Call 202(current pc: 202
;
204: eeReturn
202
;
204: eeReturn
200
;
202: 2202Call 202(current pc: 202
;
204: eeReturn
202
;
204: eeReturn
200
;
202: 2202Call 202(current pc: 202
;
204: eeReturn
202
;
204: eeReturn
200
;
202: 2202Call 202(current pc: 202
;
204: eeReturn
202
;
204: eeReturn
200
;
202: 2202Call 202(current pc: 202
;
204: eeReturn
202
;
204: eeReturn
200
;
202: 2202Call 202(current pc: 202
;
204: eeReturn
202
;
204: eeReturn
200
;
202: 2202Call 202(current pc: 202
;
204: eeReturn
202
;
204: eeReturn
200
;
202: 2202Call 202(current pc: 202
;
204: eeReturn
202
;
204: eeReturn
200
;
202: 2202Call 202(current pc: 202
;
204: eeReturn
202
;
204: eeReturn
200
;
202: 2202Call 202(current pc: 202
;
204: eeReturn
202
;
204: eeReturn
200
;
202: 2202Call 202(current pc: 202
;
204: eeReturn
202
;
204: eeReturn
200
;
202: 2202Call 202(current pc: 202
;
204: eeReturn
202
;
204: eeReturn
200
;
202: 2202Call 202(current pc: 202
;
204: eeReturn
202
;
204: eeReturn
200
;
202: 2202Call 202(current pc: 202
;
204: eeReturn
202
;
204: eeReturn
200
;
202: 2202Call 202(current pc: 202
;
204: eeReturn
202
;
204: eeReturn
200
;
202: 2202Call 202(current pc: 202
;
204: eeReturn
202
;
204: eeReturn
200
;
202: 2202Call 202(current pc: 202
;
204: eeReturn
202
;
204: eeReturn
200
;
202: 2202Call 202(current pc: 202
;
204: eeReturn
202
;
204: eeReturn
200
;
202: 2202Call 202(current pc: 202
;
204: eeReturn
202
;
204: eeReturn
200
;
202: 2202Call 202(current pc: 202
;
204: eeReturn
202
;
204: eeReturn
200
;
202: 2202Call 202(current pc: 202
;
204: eeReturn
202
;
204: eeReturn
200
;
202: 2202Call 202(current pc: 202
;
204: eeReturn
202
;
204: eeReturn
200
;
202: 2202Call 202(current pc: 202
;
204: eeReturn
202
;
204: eeReturn
200
;
202: 2202Call 202(current pc: 202
;
204: eeReturn
202
;
204: eeReturn
200
;
202: 2202Call 202(current pc: 202
;
204: eeReturn
202
;
204: eeReturn
200
;
202: 2202Call 202(current pc: 202
;
204: eeReturn
202
;
204: eeReturn
200
;
202: 2202Call 202(current pc: 202
;
204: eeReturn
202
;
204: eeReturn
200
;
202: 2202Call 202(current pc: 202
;
204: eeReturn
202
;
204: eeReturn
200
;
202: 2202Call 202(current pc: 202
;
204: eeReturn
202
;
204: eeReturn
200
;
202: 2202Call 202(current pc: 202
;
204: eeReturn
202
;
204: eeReturn
200
;
202: 2202Call 202(current pc: 202
;
204: eeReturn
202
;
204: eeReturn
200
;
202: 2202Call 202(current pc: 202
;
204: eeReturn
202
;
204: eeReturn
200
;
202: 2202Call 202(current pc: 202
;
204: eeReturn
202
;
204: eeReturn
200
;
202: 2202Call 202(current pc: 202
;
204: eeReturn
202
;
204: eeReturn
200
;
202: 2202Call 202(current pc: 202
;
204: eeReturn
202
;
204: eeReturn
200
;
202: 2202Call 202(current pc: 202
;
204: eeReturn
202
;
204: eeReturn
200
;
202: 2202Call 202(current pc: 202
;
204: eeReturn
202
;
204: eeReturn
200
;
202: 2202Call 202(current pc: 202
;
204: eeReturn
202
;
204: eeReturn
200
;
202: 2202Call 202(current pc: 202
;
204: eeReturn
202
;
204: eeReturn
200
;
202: 2202Call 202(current pc: 202
;
204: eeReturn
202
;
204: eeReturn
200
;
202: 2202Call 202(current pc: 202
;
204: eeReturn
202
;
204: eeReturn
200
;
202: 2202Call 202(current pc: 202
;
204: eeReturn
202
;
204: eeReturn
200
;
202: 2202Call 202(current pc: 202
;
204: eeReturn
202
;
204: eeReturn
200
;
202: 2202Call 202(current pc: 202
;
204: eeReturn
202
;
204: eeReturn
200
;
202: 2202Call 202(current pc: 202
;
204: eeReturn
202
;
204: eeReturn
200
;
202: 2202Call 202(current pc: 202
;
204: eeReturn
202
;
204: eeReturn
200
;
202: 2202Call 202(current pc: 202
;
204: eeReturn
202
;
204: eeReturn
200
;
202: 2202Call 202(current pc: 202
;
204: eeReturn
202
;
204: eeReturn
200
;
202: 2202Call 202(current pc: 202
;
204: eeReturn
202
;
204: eeReturn
200
;
202: 2202Call 202(current pc: 202
;
204: eeReturn
202
;
204: eeReturn
200
;
202: 2202Call 202(current pc: 202
;
204: eeReturn
202
;
204: eeReturn
200
;
202: 2202Call 202(current pc: 202
;
204: eeReturn
202
;
204: eeReturn
200
;
202: 2202Call 202(current pc: 202
;
204: eeReturn
202
;
204: eeReturn
200
;
202: 2202Call 202(current pc: 202
;
204: eeReturn
202
;
204: eeReturn
200
;
202: 2202Call 202(current pc: 202
;
204: eeReturn
202
;
204: eeReturn
200
;
202: 2202Call 202(current pc: 202
;
204: eeReturn
202
;
204: eeReturn
200
;
202: 2202Call 202(current pc: 202
;
204: eeReturn
202
;
204: eeReturn
200
;
202: 2202Call 202(current pc: 202
;
204: eeReturn
202
;
204: eeReturn
200
;
202: 2202Call 202(current pc: 202
;
204: eeReturn
202
;
204: eeReturn
200
;
202: 2202Call 202(current pc: 202
;
204: eeReturn
202
;
204: eeReturn
200
;
202: 2202Call 202(current pc: 202
;
204: eeReturn
202
;
204: eeReturn
200
;
202: 2202Call 202(current pc: 202
;
204: eeReturn
202
;
204: eeReturn
200
;
202: 2202Call 202(current pc: 202
;
204: eeReturn
202
;
204: eeReturn
200
;
202: 2202Call 202(current pc: 202
;
204: eeReturn
202
;
204: eeReturn
200
;
202: 2202Call 202(current pc: 202
;
204: eeReturn
202
;
204: eeReturn
200
;
202: 2202Call 202(current pc: 202
;
204: eeReturn
202
;
204: eeReturn
200
;
202: 2202Call 202(current pc: 202
;
204: eeReturn
202
;
204: eeReturn
200
;
202: 2202Call 202(current pc: 202
;
204: eeReturn
202
;
204: eeReturn
200
;
202: 2202Call 202(current pc: 202
;
204: eeReturn
202
;
204: eeReturn
200
;
202: 2202Call 202(current pc: 202
;
204: eeReturn
202
;
204: eeReturn
200
;
202: 2202Call 202(current pc: 202
;
204: eeReturn
202
;
204: eeReturn
200
;
202: 2202Call 202(current pc: 202
;
204: eeReturn
202
;
204: eeReturn
200
;
202: 2202Call 202(current pc: 202
;
204: eeReturn
202
;
204: eeReturn
200
;
202: 2202Call 202(current pc: 202
;
204: eeReturn
202
;
204: eeReturn
200
;
202: 2202Call 202(current pc: 202
;
204: eeReturn
202
;
204: eeReturn
200
;
202: 2202Call 202(current pc: 202
;
204: eeReturn
202
;
204: eeReturn
200
;
202: 2202Call 202(current pc: 202
;
204: eeReturn
202
;
204: eeReturn
200
;
202: 2202Call 202(current pc: 202
;
204: eeReturn
202
;
204: eeReturn
200
;
202: 2202Call 202(current pc: 202
;
204: eeReturn
202
;
204: eeReturn
200
;
202: 2202Call 202(current pc: 202
;
204: eeReturn
202
;
204: eeReturn
200
;
202: 2202Call 202(current pc: 202
;
204: eeReturn
202
;
204: eeReturn
200
;
202: 2202Call 202(current pc: 202
;
204: eeReturn
202
;
204: eeReturn
200
;
202: 2202Call 202(current pc: 202
;
204: eeReturn
202
;
204: eeReturn
200
;
202: 2202Call 202(current pc: 202
;
204: eeReturn
202
;
204: eeReturn
200
;
202: 2202Call 202(current pc: 202
;
204: eeReturn
202
;
204: eeReturn
200
;
202: 2202Call 202(current pc: 202
;
204: eeReturn
202
;
204: eeReturn
200
;
202: 2202Call 202(current pc: 202
;
204: eeReturn
202
;
204: eeReturn
200
;
202: 2202Call 202(current pc: 202
;
204: eeReturn
202
;
204: eeReturn
200
;
202: 2202Call 202(current pc: 202
;
204: eeReturn
202
;
204: eeReturn
200
;
202: 2202Call 202(current pc: 202
;
204: eeReturn
202
;
204: eeReturn
200
;
202: 2202Call 202(current pc: 202
;
204: eeReturn
202
;
204: eeReturn
200
;
202: 2202Call 202(current pc: 202
;
204: eeReturn
202
;
204: eeReturn
200
;
202: 2202Call 202(current pc: 202
;
204: eeReturn
202
;
204: eeReturn
200
;
202: 2202Call 202(current pc: 202
;
204: eeReturn
202
;
204: eeReturn
200
;
202: 2202Call 202(current pc: 202
;
204: eeReturn
202
;
204: eeReturn
200
;
202: 2202Call 202(current pc: 202
;
204: eeReturn
202
;
204: eeReturn
200
;
202: 2202Call 202(current pc: 202
;
204: eeReturn
202
;
204: eeReturn
200
;
202: 2202Call 202(current pc: 202
;
204: eeReturn
202
;
204: eeReturn
200
;
202: 2202Call 202(current pc: 202
;
204: eeReturn
202
;
204: eeReturn
200
;
202: 2202Call 202(current pc: 202
;
204: eeReturn
202
;
204: eeReturn
200
;
202: 2202Call 202(current pc: 202
;
204: eeReturn
202
;
204: eeReturn
200
;
202: 2202Call 202(current pc: 202
;
204: eeReturn
202
;
204: eeReturn
200
;
202: 2202Call 202(current pc: 202
;
204: eeReturn
202
;
204: eeReturn
200
;
202: 2202Call 202(current pc: 202
;
204: eeReturn
202
;
204: eeReturn
200
;
202: 2202Call 202(current pc: 202
;
204: eeReturn
202
;
204: eeReturn
200
;
202: 2202Call 202(current pc: 202
;
204: eeReturn
202
;
204: eeReturn
200
;
202: 2202Call 202(current pc: 202
;
204: eeReturn
202
;
204: eeReturn
200
;
202: 2202Call 202(current pc: 202
;
204: eeReturn
202
;
204: eeReturn
200
;
202: 2202Call 202(current pc: 202
;
204: eeReturn
202
;
204: eeReturn
200
;
202: 2202Call 202(current pc: 202
;
204: eeReturn
202
;
204: eeReturn
200
;
202: 2202Call 202(current pc: 202
;
204: eeReturn
202
;
204: eeReturn
200
;
202: 2202Call 202(current pc: 202
;
204: eeReturn
202
;
204: eeReturn
200
;
4660
